 addon

 Timestamp is 63d19d9c (Wed Jan 25 16:22:36 2023)

 Preferred load address is 0000000180000000

 Start         Length     Name                   Class
 0001:00000000 00025840H .text$mn                CODE
 0001:00025840 00000040H .text$mn$00             CODE
 0001:00025880 000002e0H .text$x                 CODE
 0002:00000000 00000318H .idata$5                DATA
 0002:00000318 00000028H .00cfg                  DATA
 0002:00000340 00000008H .CRT$XCA                DATA
 0002:00000348 00000008H .CRT$XCU                DATA
 0002:00000350 00000008H .CRT$XCZ                DATA
 0002:00000358 00000008H .CRT$XIA                DATA
 0002:00000360 00000018H .CRT$XIC                DATA
 0002:00000378 00000008H .CRT$XIZ                DATA
 0002:00000380 00000008H .CRT$XPA                DATA
 0002:00000388 00000010H .CRT$XPX                DATA
 0002:00000398 00000008H .CRT$XPXA               DATA
 0002:000003a0 00000008H .CRT$XPZ                DATA
 0002:000003a8 00000008H .CRT$XTA                DATA
 0002:000003b0 00000010H .CRT$XTZ                DATA
 0002:000003b8 00000000H .gehcont$y              DATA
 0002:000003b8 00000000H .gfids$y                DATA
 0002:000003c0 000076c0H .rdata                  DATA
 0002:00007a80 00000000H .rdata$CastGuardVftablesA DATA
 0002:00007a80 00000000H .rdata$CastGuardVftablesC DATA
 0002:00007a80 000002fcH .rdata$r                DATA
 0002:00007d7c 00000020H .rdata$voltmd           DATA
 0002:00007d9c 0000038cH .rdata$zzzdbg           DATA
 0002:00008128 00000008H .rtc$IAA                DATA
 0002:00008130 00000008H .rtc$IZZ                DATA
 0002:00008138 00000008H .rtc$TAA                DATA
 0002:00008140 00000008H .rtc$TZZ                DATA
 0002:00008148 00002358H .xdata                  DATA
 0002:0000a4a0 00000180H .xdata$x                DATA
 0002:0000a620 00000050H .edata                  DATA
 0002:0000a670 00000028H .idata$2                DATA
 0002:0000a698 00000018H .idata$3                DATA
 0002:0000a6b0 00000318H .idata$4                DATA
 0002:0000a9c8 00000ce2H .idata$6                DATA
 0003:00000000 00000a20H .data                   DATA
 0003:00000a20 000000d0H .data$r                 DATA
 0003:00000af0 00000020H .data$rs                DATA
 0003:00000b10 000011e0H .bss                    DATA
 0004:00000000 00001e30H .pdata                  DATA
 0005:00000000 000000fcH _RDATA                  DATA
 0006:00000000 00000060H .rsrc$01                DATA
 0006:00000060 00000180H .rsrc$02                DATA

  Address         Publics by Value              Rva+Base               Lib:Object

 0000:00000000       __guard_fids_count         0000000000000000     <absolute>
 0000:00000000       __x64_code_ranges_to_entry_points 0000000000000000     <absolute>
 0000:00000000       __guard_longjmp_table      0000000000000000     <absolute>
 0000:00000000       __hybrid_code_map          0000000000000000     <absolute>
 0000:00000000       ___safe_se_handler_table   0000000000000000     <absolute>
 0000:00000000       __arm64x_extra_rfe_table_size 0000000000000000     <absolute>
 0000:00000000       ___safe_se_handler_count   0000000000000000     <absolute>
 0000:00000000       __x64_code_ranges_to_entry_points_count 0000000000000000     <absolute>
 0000:00000000       __arm64x_redirection_metadata 0000000000000000     <absolute>
 0000:00000000       __guard_iat_table          0000000000000000     <absolute>
 0000:00000000       __arm64x_extra_rfe_table   0000000000000000     <absolute>
 0000:00000000       __guard_iat_count          0000000000000000     <absolute>
 0000:00000000       __guard_longjmp_count      0000000000000000     <absolute>
 0000:00000000       __guard_eh_cont_count      0000000000000000     <absolute>
 0000:00000000       __dynamic_value_reloc_table 0000000000000000     <absolute>
 0000:00000000       __hybrid_auxiliary_iat     0000000000000000     <absolute>
 0000:00000000       __hybrid_auxiliary_iat_copy 0000000000000000     <absolute>
 0000:00000000       __AbsoluteZero             0000000000000000     <absolute>
 0000:00000000       __guard_check_icall_a64n_fptr 0000000000000000     <absolute>
 0000:00000000       __guard_fids_table         0000000000000000     <absolute>
 0000:00000000       __arm64x_redirection_metadata_count 0000000000000000     <absolute>
 0000:00000000       __enclave_config           0000000000000000     <absolute>
 0000:00000000       __guard_eh_cont_table      0000000000000000     <absolute>
 0000:00000000       __arm64x_native_entrypoint 0000000000000000     <absolute>
 0000:00000000       __hybrid_code_map_count    0000000000000000     <absolute>
 0000:00000100       __guard_flags              0000000000000100     <absolute>
 0000:00000000       __ImageBase                0000000180000000     <linker-defined>
 0001:000000d0       ?InitAll@@YAXV?$Local@VObject@v8@@@v8@@@Z 00000001800010d0 f   addon.obj
 0001:000002e0       ?what@exception@stdext@@UEBAPEBDXZ 00000001800012e0 f i minkowski.obj
 0001:00000300       ?_Raise@exception@stdext@@QEBAXXZ 0000000180001300 f i minkowski.obj
 0001:00000340       ?_Doraise@exception@stdext@@MEBAXXZ 0000000180001340 f i minkowski.obj
 0001:00000340       _guard_check_icall_nop     0000000180001340 f i LIBCMT:guard_support.obj
 0001:00000350       ??_Ebad_array_new_length@stdext@@UEAAPEAXI@Z 0000000180001350 f i * CIL library *:* CIL module *
 0001:00000350       ??_Eexception@stdext@@UEAAPEAXI@Z 0000000180001350 f i * CIL library *:* CIL module *
 0001:00000350       ??_Gexception@stdext@@UEAAPEAXI@Z 0000000180001350 f i minkowski.obj
 0001:00000350       ??_Gbad_array_new_length@stdext@@UEAAPEAXI@Z 0000000180001350 f i minkowski.obj
 0001:00000380       ?_Doraise@bad_alloc@stdext@@MEBAXXZ 0000000180001380 f i minkowski.obj
 0001:000003a0       ??0bad_array_new_length@stdext@@QEAA@XZ 00000001800013a0 f i minkowski.obj
 0001:000003c0       ?_Throw_bad_array_new_length@std@@YAXXZ 00000001800013c0 f i minkowski.obj
 0001:000003e0       ?_Throw_tree_length_error@std@@YAXXZ 00000001800013e0 f i minkowski.obj
 0001:00000400       ?convolve_two_polygon_sets@@YAXAEAV?$polygon_set_data@H@polygon@boost@@AEBV123@1@Z 0000000180001400 f   minkowski.obj
 0001:00000aa0       ??1?$polygon_with_holes_data@H@polygon@boost@@QEAA@XZ 0000000180001aa0 f i minkowski.obj
 0001:00000b20       ?calculateNFP@@YAXAEBV?$FunctionCallbackInfo@VValue@v8@@@Nan@@@Z 0000000180001b20 f   minkowski.obj
 0001:00001f10       ??0?$polygon_with_holes_data@H@polygon@boost@@QEAA@AEBV012@@Z 0000000180002f10 f i minkowski.obj
 0001:00002000       ?push_back@?$vector@V?$point_data@H@polygon@boost@@V?$allocator@V?$point_data@H@polygon@boost@@@std@@@std@@QEAAX$$QEAV?$point_data@H@polygon@boost@@@Z 0000000180003000 f i minkowski.obj
 0001:00002160       ??0?$polygon_data@H@polygon@boost@@QEAA@AEBV012@@Z 0000000180003160 f i minkowski.obj
 0001:000021f0       ?_Tidy@?$vector@U?$pair@U?$pair@V?$point_data@H@polygon@boost@@V123@@std@@H@std@@V?$allocator@U?$pair@U?$pair@V?$point_data@H@polygon@boost@@V123@@std@@H@std@@@2@@std@@AEAAXXZ 00000001800031f0 f i minkowski.obj
 0001:00002270       ?deallocate@?$allocator@V?$point_data@H@polygon@boost@@@std@@QEAAXQEAV?$point_data@H@polygon@boost@@_K@Z 0000000180003270 f i minkowski.obj
 0001:00002270       ?deallocate@?$allocator@U?$pair@HH@std@@@std@@QEAAXQEAU?$pair@HH@2@_K@Z 0000000180003270 f i minkowski.obj
 0001:000022c0       ?allocate@?$allocator@U?$pair@HH@std@@@std@@QEAAPEAU?$pair@HH@2@_K@Z 00000001800032c0 f i minkowski.obj
 0001:000022c0       ?allocate@?$allocator@V?$point_data@H@polygon@boost@@@std@@QEAAPEAV?$point_data@H@polygon@boost@@_K@Z 00000001800032c0 f i minkowski.obj
 0001:000022c0       ?allocate@?$allocator@PEAVactive_tail_arbitrary@?$polygon_arbitrary_formation@H@polygon@boost@@@std@@QEAAPEAPEAVactive_tail_arbitrary@?$polygon_arbitrary_formation@H@polygon@boost@@_K@Z 00000001800032c0 f i minkowski.obj
 0001:00002330       ??$convolve@V?$polygon_with_holes_data@H@polygon@boost@@V?$point_data@H@23@@polygon@boost@@YAAEAV?$polygon_with_holes_data@H@01@AEAV201@AEBV?$point_data@H@01@@Z 0000000180003330 f i minkowski.obj
 0001:00002790       ??$_Free_non_head@V?$allocator@U?$_List_node@V?$polygon_data@H@polygon@boost@@PEAX@std@@@std@@@?$_List_node@V?$polygon_data@H@polygon@boost@@PEAX@std@@SAXAEAV?$allocator@U?$_List_node@V?$polygon_data@H@polygon@boost@@PEAX@std@@@1@PEAU01@@Z 0000000180003790 f i minkowski.obj
 0001:00002830       ??$_Ucopy@PEBV?$point_data@H@polygon@boost@@@?$vector@V?$point_data@H@polygon@boost@@V?$allocator@V?$point_data@H@polygon@boost@@@std@@@std@@AEAAPEAV?$point_data@H@polygon@boost@@PEBV234@0PEAV234@@Z 0000000180003830 f i minkowski.obj
 0001:00002830       ?_Umove@?$vector@V?$point_data@H@polygon@boost@@V?$allocator@V?$point_data@H@polygon@boost@@@std@@@std@@AEAAPEAV?$point_data@H@polygon@boost@@PEAV345@00@Z 0000000180003830 f i minkowski.obj
 0001:00002830       ??$_Ucopy@PEAV?$point_data@H@polygon@boost@@@?$vector@V?$point_data@H@polygon@boost@@V?$allocator@V?$point_data@H@polygon@boost@@@std@@@std@@AEAAPEAV?$point_data@H@polygon@boost@@PEAV234@00@Z 0000000180003830 f i minkowski.obj
 0001:00002880       ?_Xlength@?$vector@V?$polygon_data@H@polygon@boost@@V?$allocator@V?$polygon_data@H@polygon@boost@@@std@@@std@@CAXXZ 0000000180003880 f i minkowski.obj
 0001:00002880       ?_Xlength@?$vector@V?$point_data@H@polygon@boost@@V?$allocator@V?$point_data@H@polygon@boost@@@std@@@std@@CAXXZ 0000000180003880 f i minkowski.obj
 0001:00002880       ?_Xlength@?$vector@V?$set@V?$point_data@H@polygon@boost@@U?$less@V?$point_data@H@polygon@boost@@@std@@V?$allocator@V?$point_data@H@polygon@boost@@@5@@std@@V?$allocator@V?$set@V?$point_data@H@polygon@boost@@U?$less@V?$point_data@H@polygon@boost@@@std@@V?$allocator@V?$point_data@H@polygon@boost@@@5@@std@@@2@@std@@CAXXZ 0000000180003880 f i minkowski.obj
 0001:00002880       ?_Xlength@?$vector@U?$pair@U?$pair@V?$point_data@H@polygon@boost@@V123@@std@@V?$vector@U?$pair@HH@std@@V?$allocator@U?$pair@HH@std@@@2@@2@@std@@V?$allocator@U?$pair@U?$pair@V?$point_data@H@polygon@boost@@V123@@std@@V?$vector@U?$pair@HH@std@@V?$allocator@U?$pair@HH@std@@@2@@2@@std@@@2@@std@@CAXXZ 0000000180003880 f i minkowski.obj
 0001:00002880       ?_Xlength@?$vector@U?$pair@V?$point_data@H@polygon@boost@@H@std@@V?$allocator@U?$pair@V?$point_data@H@polygon@boost@@H@std@@@2@@std@@CAXXZ 0000000180003880 f i minkowski.obj
 0001:00002880       ?_Xlength@?$vector@U?$pair@U?$pair@V?$point_data@H@polygon@boost@@V123@@std@@U?$pair@HH@2@@std@@V?$allocator@U?$pair@U?$pair@V?$point_data@H@polygon@boost@@V123@@std@@U?$pair@HH@2@@std@@@2@@std@@CAXXZ 0000000180003880 f i minkowski.obj
 0001:00002880       ?_Xlength@?$vector@U?$pair@HH@std@@V?$allocator@U?$pair@HH@std@@@2@@std@@CAXXZ 0000000180003880 f i minkowski.obj
 0001:00002880       ?_Xlength@?$vector@PEAVactive_tail_arbitrary@?$polygon_arbitrary_formation@H@polygon@boost@@V?$allocator@PEAVactive_tail_arbitrary@?$polygon_arbitrary_formation@H@polygon@boost@@@std@@@std@@CAXXZ 0000000180003880 f i minkowski.obj
 0001:00002880       ?_Xlength@?$vector@U?$pair@U?$pair@V?$point_data@H@polygon@boost@@V123@@std@@H@std@@V?$allocator@U?$pair@U?$pair@V?$point_data@H@polygon@boost@@V123@@std@@H@std@@@2@@std@@CAXXZ 0000000180003880 f i minkowski.obj
 0001:00002880       ?_Xlength@?$vector@U?$pair@U?$pair@U?$pair@V?$point_data@H@polygon@boost@@V123@@std@@H@std@@PEAVactive_tail_arbitrary@?$polygon_arbitrary_formation@H@polygon@boost@@@std@@V?$allocator@U?$pair@U?$pair@U?$pair@V?$point_data@H@polygon@boost@@V123@@std@@H@std@@PEAVactive_tail_arbitrary@?$polygon_arbitrary_formation@H@polygon@boost@@@std@@@2@@std@@CAXXZ 0000000180003880 f i minkowski.obj
 0001:00002880       ?_Xlength@?$vector@Vvertex_half_edge@?$scanline_base@H@polygon@boost@@V?$allocator@Vvertex_half_edge@?$scanline_base@H@polygon@boost@@@std@@@std@@CAXXZ 0000000180003880 f i minkowski.obj
 0001:00002880       ?_Xlength@?$vector@U?$pair@HU?$pair@_K_K@std@@@std@@V?$allocator@U?$pair@HU?$pair@_K_K@std@@@std@@@2@@std@@CAXXZ 0000000180003880 f i minkowski.obj
 0001:00002880       ?_Xlength@?$vector@U?$pair@Vvertex_half_edge@?$scanline_base@H@polygon@boost@@PEAVactive_tail_arbitrary@?$polygon_arbitrary_formation@H@34@@std@@V?$allocator@U?$pair@Vvertex_half_edge@?$scanline_base@H@polygon@boost@@PEAVactive_tail_arbitrary@?$polygon_arbitrary_formation@H@34@@std@@@2@@std@@CAXXZ 0000000180003880 f i minkowski.obj
 0001:00002880       ?_Xlength@?$vector@V?$polygon_with_holes_data@H@polygon@boost@@V?$allocator@V?$polygon_with_holes_data@H@polygon@boost@@@std@@@std@@CAXXZ 0000000180003880 f i minkowski.obj
 0001:00002880       ?_Xlength@?$vector@HV?$allocator@H@std@@@std@@CAXXZ 0000000180003880 f i minkowski.obj
 0001:00002880       ?_Xlength@?$vector@V?$_Tree_iterator@V?$_Tree_val@U?$_Tree_simple_types@U?$pair@$$CBU?$pair@V?$point_data@H@polygon@boost@@V123@@std@@V?$vector@U?$pair@HH@std@@V?$allocator@U?$pair@HH@std@@@2@@2@@std@@@std@@@std@@@std@@V?$allocator@V?$_Tree_iterator@V?$_Tree_val@U?$_Tree_simple_types@U?$pair@$$CBU?$pair@V?$point_data@H@polygon@boost@@V123@@std@@V?$vector@U?$pair@HH@std@@V?$allocator@U?$pair@HH@std@@@2@@2@@std@@@std@@@std@@@std@@@2@@std@@CAXXZ 0000000180003880 f i minkowski.obj
 0001:00002880       ?_Xlength@?$vector@V?$_Tree_iterator@V?$_Tree_val@U?$_Tree_simple_types@U?$pair@$$CBVvertex_half_edge@?$scanline_base@H@polygon@boost@@PEAVactive_tail_arbitrary@?$polygon_arbitrary_formation@H@34@@std@@@std@@@std@@@std@@V?$allocator@V?$_Tree_iterator@V?$_Tree_val@U?$_Tree_simple_types@U?$pair@$$CBVvertex_half_edge@?$scanline_base@H@polygon@boost@@PEAVactive_tail_arbitrary@?$polygon_arbitrary_formation@H@34@@std@@@std@@@std@@@std@@@2@@std@@CAXXZ 0000000180003880 f i minkowski.obj
 0001:000028a0       ?_Change_array@?$vector@V?$point_data@H@polygon@boost@@V?$allocator@V?$point_data@H@polygon@boost@@@std@@@std@@AEAAXQEAV?$point_data@H@polygon@boost@@_K1@Z 00000001800038a0 f i minkowski.obj
 0001:000028a0       ?_Change_array@?$vector@U?$pair@HH@std@@V?$allocator@U?$pair@HH@std@@@2@@std@@AEAAXQEAU?$pair@HH@2@_K1@Z 00000001800038a0 f i minkowski.obj
 0001:00002930       ?allocate@?$allocator@V?$polygon_data@H@polygon@boost@@@std@@QEAAPEAV?$polygon_data@H@polygon@boost@@_K@Z 0000000180003930 f i minkowski.obj
 0001:00002930       ?allocate@?$allocator@U?$pair@HU?$pair@_K_K@std@@@std@@@std@@QEAAPEAU?$pair@HU?$pair@_K_K@std@@@2@_K@Z 0000000180003930 f i minkowski.obj
 0001:000029b0       ??$convolve_two_point_sequences@V?$_Vector_const_iterator@V?$_Vector_val@U?$_Simple_types@V?$point_data@H@polygon@boost@@@std@@@std@@@std@@V12@@@YAXAEAV?$polygon_set_data@H@polygon@boost@@V?$_Vector_const_iterator@V?$_Vector_val@U?$_Simple_types@V?$point_data@H@polygon@boost@@@std@@@std@@@std@@111@Z 00000001800039b0 f i minkowski.obj
 0001:00002f30       ??$convolve@V?$polygon_data@H@polygon@boost@@V?$point_data@H@23@@polygon@boost@@YAAEAV?$polygon_data@H@01@AEAV201@AEBV?$point_data@H@01@@Z 0000000180003f30 f i minkowski.obj
 0001:00003190       ??$_Assign_cast@AEAV?$polygon_data@H@polygon@boost@@V?$_List_unchecked_const_iterator@V?$_List_val@U?$_List_simple_types@V?$polygon_data@H@polygon@boost@@@std@@@std@@U_Iterator_base0@2@@std@@@?$list@V?$polygon_data@H@polygon@boost@@V?$allocator@V?$polygon_data@H@polygon@boost@@@std@@@std@@AEAAXV?$_List_unchecked_const_iterator@V?$_List_val@U?$_List_simple_types@V?$polygon_data@H@polygon@boost@@@std@@@std@@U_Iterator_base0@2@@1@V21@@Z 0000000180004190 f i minkowski.obj
 0001:00003340       ??$_Assign_range@PEAV?$point_data@H@polygon@boost@@@?$vector@V?$point_data@H@polygon@boost@@V?$allocator@V?$point_data@H@polygon@boost@@@std@@@std@@AEAAXPEAV?$point_data@H@polygon@boost@@0Uforward_iterator_tag@1@@Z 0000000180004340 f i minkowski.obj
 0001:000034d0       ??$_Destroy_range@V?$allocator@V?$polygon_data@H@polygon@boost@@@std@@@std@@YAXPEAV?$polygon_data@H@polygon@boost@@QEAV123@AEAV?$allocator@V?$polygon_data@H@polygon@boost@@@0@@Z 00000001800044d0 f i minkowski.obj
 0001:00003560       ?push_back@?$vector@U?$pair@HH@std@@V?$allocator@U?$pair@HH@std@@@2@@std@@QEAAXAEBU?$pair@HH@2@@Z 0000000180004560 f i minkowski.obj
 0001:00003560       ?push_back@?$vector@U?$pair@HH@std@@V?$allocator@U?$pair@HH@std@@@2@@std@@QEAAX$$QEAU?$pair@HH@2@@Z 0000000180004560 f i minkowski.obj
 0001:000036b0       ??$get_fracture@V?$vector@V?$polygon_with_holes_data@H@polygon@boost@@V?$allocator@V?$polygon_with_holes_data@H@polygon@boost@@@std@@@std@@Upolygon_with_holes_concept@polygon@boost@@@?$polygon_set_data@H@polygon@boost@@AEBAXAEAV?$vector@V?$polygon_with_holes_data@H@polygon@boost@@V?$allocator@V?$polygon_with_holes_data@H@polygon@boost@@@std@@@std@@_NUpolygon_with_holes_concept@12@@Z 00000001800046b0 f i minkowski.obj
 0001:000039e0       ??$execute_boolean_op@V?$polygon_set_data@H@polygon@boost@@V123@V?$polygon_with_holes_data@H@23@$0A@@polygon@boost@@YAXAEAV?$polygon_set_data@H@01@AEBV201@AEBV?$polygon_with_holes_data@H@01@@Z 00000001800049e0 f i minkowski.obj
 0001:00003c90       ??$set@V?$_Vector_const_iterator@V?$_Vector_val@U?$_Simple_types@U?$pair@U?$pair@V?$point_data@H@polygon@boost@@V123@@std@@H@std@@@std@@@std@@@std@@@?$polygon_set_mutable_traits@V?$polygon_set_data@H@polygon@boost@@@polygon@boost@@SAXAEAV?$polygon_set_data@H@12@V?$_Vector_const_iterator@V?$_Vector_val@U?$_Simple_types@U?$pair@U?$pair@V?$point_data@H@polygon@boost@@V123@@std@@H@std@@@std@@@std@@@std@@1@Z 0000000180004c90 f i minkowski.obj
 0001:00003dc0       ??$execute_boolean_op@V?$polygon_set_data@H@polygon@boost@@V123@V?$polygon_with_holes_data@H@23@$02@polygon@boost@@YAXAEAV?$polygon_set_data@H@01@AEBV201@AEBV?$polygon_with_holes_data@H@01@@Z 0000000180004dc0 f i minkowski.obj
 0001:00004070       ??1?$vector@U?$pair@U?$pair@V?$point_data@H@polygon@boost@@V123@@std@@U?$pair@HH@2@@std@@V?$allocator@U?$pair@U?$pair@V?$point_data@H@polygon@boost@@V123@@std@@U?$pair@HH@2@@std@@@2@@std@@QEAA@XZ 0000000180005070 f i minkowski.obj
 0001:000040f0       ?clean@?$polygon_set_data@H@polygon@boost@@QEBAXXZ 00000001800050f0 f i minkowski.obj
 0001:000042d0       ??$insert_vertex_sequence@V?$_Vector_const_iterator@V?$_Vector_val@U?$_Simple_types@V?$point_data@H@polygon@boost@@@std@@@std@@@std@@@?$polygon_set_data@H@polygon@boost@@QEAAXV?$_Vector_const_iterator@V?$_Vector_val@U?$_Simple_types@V?$point_data@H@polygon@boost@@@std@@@std@@@std@@0Vdirection_1d@12@_N@Z 00000001800052d0 f i minkowski.obj
 0001:00004470       ??$insert_into_view_arg@V?$polygon_set_data@H@polygon@boost@@V?$polygon_with_holes_data@H@23@@polygon@boost@@YAXAEAV?$polygon_set_data@H@01@AEBV?$polygon_with_holes_data@H@01@@Z 0000000180005470 f i minkowski.obj
 0001:00004550       ??$execute@V?$polygon_set_data@H@polygon@boost@@V?$_Vector_const_iterator@V?$_Vector_val@U?$_Simple_types@U?$pair@U?$pair@V?$point_data@H@polygon@boost@@V123@@std@@H@std@@@std@@@std@@@std@@V45@@?$arbitrary_boolean_op@H@polygon@boost@@QEAAXAEAV?$polygon_set_data@H@12@V?$_Vector_const_iterator@V?$_Vector_val@U?$_Simple_types@U?$pair@U?$pair@V?$point_data@H@polygon@boost@@V123@@std@@H@std@@@std@@@std@@@std@@111H@Z 0000000180005550 f i minkowski.obj
 0001:00004ce0       ??$_Emplace_reallocate@Vvertex_half_edge@?$scanline_base@H@polygon@boost@@@?$vector@Vvertex_half_edge@?$scanline_base@H@polygon@boost@@V?$allocator@Vvertex_half_edge@?$scanline_base@H@polygon@boost@@@std@@@std@@QEAAPEAVvertex_half_edge@?$scanline_base@H@polygon@boost@@QEAV2345@$$QEAV2345@@Z 0000000180005ce0 f i minkowski.obj
 0001:00004f10       ??$_Erase_tree@V?$allocator@U?$_Tree_node@U?$pair@$$CBVvertex_half_edge@?$scanline_base@H@polygon@boost@@PEAVactive_tail_arbitrary@?$polygon_arbitrary_formation@H@34@@std@@PEAX@std@@@std@@@?$_Tree_val@U?$_Tree_simple_types@U?$pair@$$CBVvertex_half_edge@?$scanline_base@H@polygon@boost@@PEAVactive_tail_arbitrary@?$polygon_arbitrary_formation@H@34@@std@@@std@@@std@@QEAAXAEAV?$allocator@U?$_Tree_node@U?$pair@$$CBVvertex_half_edge@?$scanline_base@H@polygon@boost@@PEAVactive_tail_arbitrary@?$polygon_arbitrary_formation@H@34@@std@@PEAX@std@@@1@PEAU?$_Tree_node@U?$pair@$$CBVvertex_half_edge@?$scanline_base@H@polygon@boost@@PEAVactive_tail_arbitrary@?$polygon_arbitrary_formation@H@34@@std@@PEAX@1@@Z 0000000180005f10 f i minkowski.obj
 0001:00004f70       ??1?$scanline@HHV?$vector@HV?$allocator@H@std@@@std@@@polygon@boost@@QEAA@XZ 0000000180005f70 f i minkowski.obj
 0001:00005010       ??1?$vector@U?$pair@U?$pair@V?$point_data@H@polygon@boost@@V123@@std@@V?$vector@U?$pair@HH@std@@V?$allocator@U?$pair@HH@std@@@2@@2@@std@@V?$allocator@U?$pair@U?$pair@V?$point_data@H@polygon@boost@@V123@@std@@V?$vector@U?$pair@HH@std@@V?$allocator@U?$pair@HH@std@@@2@@2@@std@@@2@@std@@QEAA@XZ 0000000180006010 f i minkowski.obj
 0001:00005090       ?_Umove@?$vector@Vvertex_half_edge@?$scanline_base@H@polygon@boost@@V?$allocator@Vvertex_half_edge@?$scanline_base@H@polygon@boost@@@std@@@std@@AEAAPEAVvertex_half_edge@?$scanline_base@H@polygon@boost@@PEAV3456@00@Z 0000000180006090 f i minkowski.obj
 0001:00005090       ?_Umove@?$vector@U?$pair@U?$pair@V?$point_data@H@polygon@boost@@V123@@std@@H@std@@V?$allocator@U?$pair@U?$pair@V?$point_data@H@polygon@boost@@V123@@std@@H@std@@@2@@std@@AEAAPEAU?$pair@U?$pair@V?$point_data@H@polygon@boost@@V123@@std@@H@2@PEAU32@00@Z 0000000180006090 f i minkowski.obj
 0001:000050e0       ?insert_clean@?$polygon_set_data@H@polygon@boost@@QEAAXAEBU?$pair@U?$pair@V?$point_data@H@polygon@boost@@V123@@std@@H@std@@_N@Z 00000001800060e0 f i minkowski.obj
 0001:00005180       ??0?$vector@U?$pair@HH@std@@V?$allocator@U?$pair@HH@std@@@2@@std@@QEAA@AEBV01@@Z 0000000180006180 f i minkowski.obj
 0001:00005210       ??$emplace_back@AEBU?$pair@U?$pair@V?$point_data@H@polygon@boost@@V123@@std@@H@std@@@?$vector@U?$pair@U?$pair@V?$point_data@H@polygon@boost@@V123@@std@@H@std@@V?$allocator@U?$pair@U?$pair@V?$point_data@H@polygon@boost@@V123@@std@@H@std@@@2@@std@@QEAA?A_TAEBU?$pair@U?$pair@V?$point_data@H@polygon@boost@@V123@@std@@H@1@@Z 0000000180006210 f i minkowski.obj
 0001:00005210       ??$emplace_back@U?$pair@U?$pair@V?$point_data@H@polygon@boost@@V123@@std@@H@std@@@?$vector@U?$pair@U?$pair@V?$point_data@H@polygon@boost@@V123@@std@@H@std@@V?$allocator@U?$pair@U?$pair@V?$point_data@H@polygon@boost@@V123@@std@@H@std@@@2@@std@@QEAA?A_T$$QEAU?$pair@U?$pair@V?$point_data@H@polygon@boost@@V123@@std@@H@1@@Z 0000000180006210 f i minkowski.obj
 0001:000053a0       ?_Change_array@?$vector@U?$pair@U?$pair@V?$point_data@H@polygon@boost@@V123@@std@@H@std@@V?$allocator@U?$pair@U?$pair@V?$point_data@H@polygon@boost@@V123@@std@@H@std@@@2@@std@@AEAAXQEAU?$pair@U?$pair@V?$point_data@H@polygon@boost@@V123@@std@@H@2@_K1@Z 00000001800063a0 f i minkowski.obj
 0001:00005450       ?allocate@?$allocator@U?$pair@U?$pair@V?$point_data@H@polygon@boost@@V123@@std@@H@std@@@std@@QEAAPEAU?$pair@U?$pair@V?$point_data@H@polygon@boost@@V123@@std@@H@2@_K@Z 0000000180006450 f i minkowski.obj
 0001:000054d0       ??$processEvent_@V?$vector@V?$polygon_with_holes_data@H@polygon@boost@@V?$allocator@V?$polygon_with_holes_data@H@polygon@boost@@@std@@@std@@V?$_Vector_iterator@V?$_Vector_val@U?$_Simple_types@Vvertex_half_edge@?$scanline_base@H@polygon@boost@@@std@@@std@@@2@@?$polygon_arbitrary_formation@H@polygon@boost@@IEAA?AV?$_Vector_iterator@V?$_Vector_val@U?$_Simple_types@Vvertex_half_edge@?$scanline_base@H@polygon@boost@@@std@@@std@@@std@@AEAV?$vector@V?$polygon_with_holes_data@H@polygon@boost@@V?$allocator@V?$polygon_with_holes_data@H@polygon@boost@@@std@@@4@V34@1@Z 00000001800064d0 f i minkowski.obj
 0001:00006300       ??$insert@V?$_Vector_const_iterator@V?$_Vector_val@U?$_Simple_types@U?$pair@U?$pair@V?$point_data@H@polygon@boost@@V123@@std@@H@std@@@std@@@std@@@std@@@?$arbitrary_boolean_op@H@polygon@boost@@AEAAXV?$_Vector_const_iterator@V?$_Vector_val@U?$_Simple_types@U?$pair@U?$pair@V?$point_data@H@polygon@boost@@V123@@std@@H@std@@@std@@@std@@@std@@0H@Z 0000000180007300 f i minkowski.obj
 0001:000063b0       ??$validate_scan@V?$_Vector_iterator@V?$_Vector_val@U?$_Simple_types@U?$pair@U?$pair@V?$point_data@H@polygon@boost@@V123@@std@@U?$pair@HH@2@@std@@@std@@@std@@@std@@H@?$line_intersection@H@polygon@boost@@SAXAEAV?$vector@U?$pair@U?$pair@V?$point_data@H@polygon@boost@@V123@@std@@U?$pair@HH@2@@std@@V?$allocator@U?$pair@U?$pair@V?$point_data@H@polygon@boost@@V123@@std@@U?$pair@HH@2@@std@@@2@@std@@V?$_Vector_iterator@V?$_Vector_val@U?$_Simple_types@U?$pair@U?$pair@V?$point_data@H@polygon@boost@@V123@@std@@U?$pair@HH@2@@std@@@std@@@std@@@4@1@Z 00000001800073b0 f i minkowski.obj
 0001:000067c0       ??$_Assign_range@PEAU?$pair@HH@std@@@?$vector@U?$pair@HH@std@@V?$allocator@U?$pair@HH@std@@@2@@std@@AEAAXPEAU?$pair@HH@1@0Uforward_iterator_tag@1@@Z 00000001800077c0 f i minkowski.obj
 0001:00006950       ??$_Erase_head@V?$allocator@U?$_Tree_node@V?$point_data@H@polygon@boost@@PEAX@std@@@std@@@?$_Tree_val@U?$_Tree_simple_types@V?$point_data@H@polygon@boost@@@std@@@std@@QEAAXAEAV?$allocator@U?$_Tree_node@V?$point_data@H@polygon@boost@@PEAX@std@@@1@@Z 0000000180007950 f i minkowski.obj
 0001:000069d0       ??$_Destroy_range@V?$allocator@U?$pair@U?$pair@V?$point_data@H@polygon@boost@@V123@@std@@V?$vector@U?$pair@HH@std@@V?$allocator@U?$pair@HH@std@@@2@@2@@std@@@std@@@std@@YAXPEAU?$pair@U?$pair@V?$point_data@H@polygon@boost@@V123@@std@@V?$vector@U?$pair@HH@std@@V?$allocator@U?$pair@HH@std@@@2@@2@@0@QEAU10@AEAV?$allocator@U?$pair@U?$pair@V?$point_data@H@polygon@boost@@V123@@std@@V?$vector@U?$pair@HH@std@@V?$allocator@U?$pair@HH@std@@@2@@2@@std@@@0@@Z 00000001800079d0 f i minkowski.obj
 0001:00006a60       ??$_Erase_tree@V?$allocator@U?$_Tree_node@U?$pair@$$CBU?$pair@V?$point_data@H@polygon@boost@@V123@@std@@V?$vector@U?$pair@HH@std@@V?$allocator@U?$pair@HH@std@@@2@@2@@std@@PEAX@std@@@std@@@?$_Tree_val@U?$_Tree_simple_types@U?$pair@$$CBU?$pair@V?$point_data@H@polygon@boost@@V123@@std@@V?$vector@U?$pair@HH@std@@V?$allocator@U?$pair@HH@std@@@2@@2@@std@@@std@@@std@@QEAAXAEAV?$allocator@U?$_Tree_node@U?$pair@$$CBU?$pair@V?$point_data@H@polygon@boost@@V123@@std@@V?$vector@U?$pair@HH@std@@V?$allocator@U?$pair@HH@std@@@2@@2@@std@@PEAX@std@@@1@PEAU?$_Tree_node@U?$pair@$$CBU?$pair@V?$point_data@H@polygon@boost@@V123@@std@@V?$vector@U?$pair@HH@std@@V?$allocator@U?$pair@HH@std@@@2@@2@@std@@PEAX@1@@Z 0000000180007a60 f i minkowski.obj
 0001:00006b20       ??_Gactive_tail_arbitrary@?$polygon_arbitrary_formation@H@polygon@boost@@QEAAPEAXI@Z 0000000180007b20 f i minkowski.obj
 0001:00006c60       ?remove_retired_edges_from_scanline@?$scanline@HHV?$vector@HV?$allocator@H@std@@@std@@@polygon@boost@@QEAAXXZ 0000000180007c60 f i minkowski.obj
 0001:00007000       ?pushPoint@active_tail_arbitrary@?$polygon_arbitrary_formation@H@polygon@boost@@QEAAXV?$point_data@H@34@@Z 0000000180008000 f i minkowski.obj
 0001:00007060       ?addHole@active_tail_arbitrary@?$polygon_arbitrary_formation@H@polygon@boost@@QEAAPEAV1234@PEAV1234@@Z 0000000180008060 f i minkowski.obj
 0001:000070f0       ?join@active_tail_arbitrary@?$polygon_arbitrary_formation@H@polygon@boost@@QEAA_NPEAV1234@@Z 00000001800080f0 f i minkowski.obj
 0001:00007290       ?on_above_or_below@?$scanline_base@H@polygon@boost@@SAHV?$point_data@H@23@AEBU?$pair@V?$point_data@H@polygon@boost@@V123@@std@@@Z 0000000180008290 f i minkowski.obj
 0001:00007420       ??_Gpoly_line_arbitrary@?$polygon_arbitrary_formation@H@polygon@boost@@QEAAPEAXI@Z 0000000180008420 f i minkowski.obj
 0001:00007490       ?erase_end_events@?$scanline@HHV?$vector@HV?$allocator@H@std@@@std@@@polygon@boost@@QEAAXV?$_Tree_const_iterator@V?$_Tree_val@U?$_Tree_simple_types@V?$point_data@H@polygon@boost@@@std@@@std@@@std@@@Z 0000000180008490 f i minkowski.obj
 0001:00007680       ?clear@?$vector@U?$pair@U?$pair@V?$point_data@H@polygon@boost@@V123@@std@@V?$vector@U?$pair@HH@std@@V?$allocator@U?$pair@HH@std@@@2@@2@@std@@V?$allocator@U?$pair@U?$pair@V?$point_data@H@polygon@boost@@V123@@std@@V?$vector@U?$pair@HH@std@@V?$allocator@U?$pair@HH@std@@@2@@2@@std@@@2@@std@@QEAAXXZ 0000000180008680 f i minkowski.obj
 0001:000076b0       ?copyHoles@active_tail_arbitrary@?$polygon_arbitrary_formation@H@polygon@boost@@QEAAXAEAV1234@@Z 00000001800086b0 f i minkowski.obj
 0001:00007740       ?less_slope@?$scanline_base@H@polygon@boost@@SA_NAEBH0AEBV?$point_data@H@23@1@Z 0000000180008740 f i minkowski.obj
 0001:00007870       ?between@?$scanline_base@H@polygon@boost@@SA_NV?$point_data@H@23@00@Z 0000000180008870 f i minkowski.obj
 0001:000078e0       ?_Change_array@?$vector@U?$pair@V?$point_data@H@polygon@boost@@H@std@@V?$allocator@U?$pair@V?$point_data@H@polygon@boost@@H@std@@@2@@std@@AEAAXQEAU?$pair@V?$point_data@H@polygon@boost@@H@2@_K1@Z 00000001800088e0 f i minkowski.obj
 0001:00007990       ?allocate@?$allocator@U?$pair@V?$point_data@H@polygon@boost@@H@std@@@std@@QEAAPEAU?$pair@V?$point_data@H@polygon@boost@@H@2@_K@Z 0000000180008990 f i minkowski.obj
 0001:00007a10       ?_Extract@?$_Tree_val@U?$_Tree_simple_types@V?$point_data@H@polygon@boost@@@std@@@std@@QEAAPEAU?$_Tree_node@V?$point_data@H@polygon@boost@@PEAX@2@V?$_Tree_unchecked_const_iterator@V?$_Tree_val@U?$_Tree_simple_types@V?$point_data@H@polygon@boost@@@std@@@std@@U_Iterator_base0@2@@2@@Z 0000000180008a10 f i minkowski.obj
 0001:00007a10       ?_Extract@?$_Tree_val@U?$_Tree_simple_types@U?$pair@$$CBVvertex_half_edge@?$scanline_base@H@polygon@boost@@PEAVactive_tail_arbitrary@?$polygon_arbitrary_formation@H@34@@std@@@std@@@std@@QEAAPEAU?$_Tree_node@U?$pair@$$CBVvertex_half_edge@?$scanline_base@H@polygon@boost@@PEAVactive_tail_arbitrary@?$polygon_arbitrary_formation@H@34@@std@@PEAX@2@V?$_Tree_unchecked_const_iterator@V?$_Tree_val@U?$_Tree_simple_types@U?$pair@$$CBVvertex_half_edge@?$scanline_base@H@polygon@boost@@PEAVactive_tail_arbitrary@?$polygon_arbitrary_formation@H@34@@std@@@std@@@std@@U_Iterator_base0@2@@2@@Z 0000000180008a10 f i minkowski.obj
 0001:00007a10       ?_Extract@?$_Tree_val@U?$_Tree_simple_types@U?$pair@$$CBU?$pair@V?$point_data@H@polygon@boost@@V123@@std@@V?$vector@U?$pair@HH@std@@V?$allocator@U?$pair@HH@std@@@2@@2@@std@@@std@@@std@@QEAAPEAU?$_Tree_node@U?$pair@$$CBU?$pair@V?$point_data@H@polygon@boost@@V123@@std@@V?$vector@U?$pair@HH@std@@V?$allocator@U?$pair@HH@std@@@2@@2@@std@@PEAX@2@V?$_Tree_unchecked_const_iterator@V?$_Tree_val@U?$_Tree_simple_types@U?$pair@$$CBU?$pair@V?$point_data@H@polygon@boost@@V123@@std@@V?$vector@U?$pair@HH@std@@V?$allocator@U?$pair@HH@std@@@2@@2@@std@@@std@@@std@@U_Iterator_base0@2@@2@@Z 0000000180008a10 f i minkowski.obj
 0001:00007d90       ?_Rrotate@?$_Tree_val@U?$_Tree_simple_types@U?$pair@$$CBU?$pair@V?$point_data@H@polygon@boost@@V123@@std@@V?$vector@U?$pair@HH@std@@V?$allocator@U?$pair@HH@std@@@2@@2@@std@@@std@@@std@@QEAAXPEAU?$_Tree_node@U?$pair@$$CBU?$pair@V?$point_data@H@polygon@boost@@V123@@std@@V?$vector@U?$pair@HH@std@@V?$allocator@U?$pair@HH@std@@@2@@2@@std@@PEAX@2@@Z 0000000180008d90 f i minkowski.obj
 0001:00007d90       ?_Rrotate@?$_Tree_val@U?$_Tree_simple_types@V?$point_data@H@polygon@boost@@@std@@@std@@QEAAXPEAU?$_Tree_node@V?$point_data@H@polygon@boost@@PEAX@2@@Z 0000000180008d90 f i minkowski.obj
 0001:00007d90       ?_Rrotate@?$_Tree_val@U?$_Tree_simple_types@U?$pair@$$CBVvertex_half_edge@?$scanline_base@H@polygon@boost@@PEAVactive_tail_arbitrary@?$polygon_arbitrary_formation@H@34@@std@@@std@@@std@@QEAAXPEAU?$_Tree_node@U?$pair@$$CBVvertex_half_edge@?$scanline_base@H@polygon@boost@@PEAVactive_tail_arbitrary@?$polygon_arbitrary_formation@H@34@@std@@PEAX@2@@Z 0000000180008d90 f i minkowski.obj
 0001:00007df0       ?_Lrotate@?$_Tree_val@U?$_Tree_simple_types@U?$pair@$$CBVvertex_half_edge@?$scanline_base@H@polygon@boost@@PEAVactive_tail_arbitrary@?$polygon_arbitrary_formation@H@34@@std@@@std@@@std@@QEAAXPEAU?$_Tree_node@U?$pair@$$CBVvertex_half_edge@?$scanline_base@H@polygon@boost@@PEAVactive_tail_arbitrary@?$polygon_arbitrary_formation@H@34@@std@@PEAX@2@@Z 0000000180008df0 f i minkowski.obj
 0001:00007df0       ?_Lrotate@?$_Tree_val@U?$_Tree_simple_types@V?$point_data@H@polygon@boost@@@std@@@std@@QEAAXPEAU?$_Tree_node@V?$point_data@H@polygon@boost@@PEAX@2@@Z 0000000180008df0 f i minkowski.obj
 0001:00007df0       ?_Lrotate@?$_Tree_val@U?$_Tree_simple_types@U?$pair@$$CBU?$pair@V?$point_data@H@polygon@boost@@V123@@std@@V?$vector@U?$pair@HH@std@@V?$allocator@U?$pair@HH@std@@@2@@2@@std@@@std@@@std@@QEAAXPEAU?$_Tree_node@U?$pair@$$CBU?$pair@V?$point_data@H@polygon@boost@@V123@@std@@V?$vector@U?$pair@HH@std@@V?$allocator@U?$pair@HH@std@@@2@@2@@std@@PEAX@2@@Z 0000000180008df0 f i minkowski.obj
 0001:00007e50       ??$processPoint_@V?$vector@V?$polygon_with_holes_data@H@polygon@boost@@V?$allocator@V?$polygon_with_holes_data@H@polygon@boost@@@std@@@std@@V?$vector@U?$pair@Vvertex_half_edge@?$scanline_base@H@polygon@boost@@PEAVactive_tail_arbitrary@?$polygon_arbitrary_formation@H@34@@std@@V?$allocator@U?$pair@Vvertex_half_edge@?$scanline_base@H@polygon@boost@@PEAVactive_tail_arbitrary@?$polygon_arbitrary_formation@H@34@@std@@@2@@2@@?$polygon_arbitrary_formation@H@polygon@boost@@IEAA?AU?$pair@U?$pair@V?$point_data@H@polygon@boost@@H@std@@PEAVactive_tail_arbitrary@?$polygon_arbitrary_formation@H@polygon@boost@@@std@@AEAV?$vector@V?$polygon_with_holes_data@H@polygon@boost@@V?$allocator@V?$polygon_with_holes_data@H@polygon@boost@@@std@@@4@AEAV?$vector@U?$pair@Vvertex_half_edge@?$scanline_base@H@polygon@boost@@PEAVactive_tail_arbitrary@?$polygon_arbitrary_formation@H@34@@std@@V?$allocator@U?$pair@Vvertex_half_edge@?$scanline_base@H@polygon@boost@@PEAVactive_tail_arbitrary@?$polygon_arbitrary_formation@H@34@@std@@@2@@4@V?$point_data@H@12@AEAV?$vector@U?$pair@U?$pair@U?$pair@V?$point_data@H@polygon@boost@@V123@@std@@H@std@@PEAVactive_tail_arbitrary@?$polygon_arbitrary_formation@H@polygon@boost@@@std@@V?$allocator@U?$pair@U?$pair@U?$pair@V?$point_data@H@polygon@boost@@V123@@std@@H@std@@PEAVactive_tail_arbitrary@?$polygon_arbitrary_formation@H@polygon@boost@@@std@@@2@@4@AEAV?$vector@U?$pair@V?$point_data@H@polygon@boost@@H@std@@V?$allocator@U?$pair@V?$point_data@H@polygon@boost@@H@std@@@2@@4@@Z 0000000180008e50 f i minkowski.obj
 0001:00008fb0       ??$_Insert_range@PEBV?$point_data@H@polygon@boost@@@?$vector@V?$point_data@H@polygon@boost@@V?$allocator@V?$point_data@H@polygon@boost@@@std@@@std@@AEAAXV?$_Vector_const_iterator@V?$_Vector_val@U?$_Simple_types@V?$point_data@H@polygon@boost@@@std@@@std@@@1@PEBV?$point_data@H@polygon@boost@@1Uforward_iterator_tag@1@@Z 0000000180009fb0 f i minkowski.obj
 0001:00008fb0       ??$_Insert_range@PEAV?$point_data@H@polygon@boost@@@?$vector@V?$point_data@H@polygon@boost@@V?$allocator@V?$point_data@H@polygon@boost@@@std@@@std@@AEAAXV?$_Vector_const_iterator@V?$_Vector_val@U?$_Simple_types@V?$point_data@H@polygon@boost@@@std@@@std@@@1@PEAV?$point_data@H@polygon@boost@@1Uforward_iterator_tag@1@@Z 0000000180009fb0 f i minkowski.obj
 0001:00009280       ??$validate_scan@V?$_Vector_iterator@V?$_Vector_val@U?$_Simple_types@U?$pair@U?$pair@V?$point_data@H@polygon@boost@@V123@@std@@H@std@@@std@@@std@@@std@@@?$line_intersection@H@polygon@boost@@SAXAEAV?$vector@U?$pair@U?$pair@V?$point_data@H@polygon@boost@@V123@@std@@H@std@@V?$allocator@U?$pair@U?$pair@V?$point_data@H@polygon@boost@@V123@@std@@H@std@@@2@@std@@V?$_Vector_iterator@V?$_Vector_val@U?$_Simple_types@U?$pair@U?$pair@V?$point_data@H@polygon@boost@@V123@@std@@H@std@@@std@@@std@@@4@1@Z 000000018000a280 f i minkowski.obj
 0001:00009440       ??$handle_input_events@V?$polygon_set_data@H@polygon@boost@@V?$boolean_output_functor@V?$polygon_set_data@H@polygon@boost@@V?$vector@HV?$allocator@H@std@@@std@@$0A@@?$arbitrary_boolean_op@H@23@V?$_Vector_iterator@V?$_Vector_val@U?$_Simple_types@U?$pair@U?$pair@V?$point_data@H@polygon@boost@@V123@@std@@U?$pair@HH@2@@std@@@std@@@std@@@std@@@?$scanline@HHV?$vector@HV?$allocator@H@std@@@std@@@polygon@boost@@QEAA?AV?$_Vector_iterator@V?$_Vector_val@U?$_Simple_types@U?$pair@U?$pair@V?$point_data@H@polygon@boost@@V123@@std@@U?$pair@HH@2@@std@@@std@@@std@@@std@@AEAV?$polygon_set_data@H@12@V?$boolean_output_functor@V?$polygon_set_data@H@polygon@boost@@V?$vector@HV?$allocator@H@std@@@std@@$0A@@?$arbitrary_boolean_op@H@12@V34@2@Z 000000018000a440 f i minkowski.obj
 0001:0000a580       ??$handle_input_events@V?$polygon_set_data@H@polygon@boost@@V?$boolean_output_functor@V?$polygon_set_data@H@polygon@boost@@V?$vector@HV?$allocator@H@std@@@std@@$02@?$arbitrary_boolean_op@H@23@V?$_Vector_iterator@V?$_Vector_val@U?$_Simple_types@U?$pair@U?$pair@V?$point_data@H@polygon@boost@@V123@@std@@U?$pair@HH@2@@std@@@std@@@std@@@std@@@?$scanline@HHV?$vector@HV?$allocator@H@std@@@std@@@polygon@boost@@QEAA?AV?$_Vector_iterator@V?$_Vector_val@U?$_Simple_types@U?$pair@U?$pair@V?$point_data@H@polygon@boost@@V123@@std@@U?$pair@HH@2@@std@@@std@@@std@@@std@@AEAV?$polygon_set_data@H@12@V?$boolean_output_functor@V?$polygon_set_data@H@polygon@boost@@V?$vector@HV?$allocator@H@std@@@std@@$02@?$arbitrary_boolean_op@H@12@V34@2@Z 000000018000b580 f i minkowski.obj
 0001:0000b6e0       ??$_Erase_tree@V?$allocator@U?$_Tree_node@V?$point_data@H@polygon@boost@@PEAX@std@@@std@@@?$_Tree_val@U?$_Tree_simple_types@V?$point_data@H@polygon@boost@@@std@@@std@@QEAAXAEAV?$allocator@U?$_Tree_node@V?$point_data@H@polygon@boost@@PEAX@std@@@1@PEAU?$_Tree_node@V?$point_data@H@polygon@boost@@PEAX@1@@Z 000000018000c6e0 f i minkowski.obj
 0001:0000b740       ??$_Emplace_reallocate@AEBH@?$vector@HV?$allocator@H@std@@@std@@QEAAPEAHQEAHAEBH@Z 000000018000c740 f i minkowski.obj
 0001:0000b840       ??$_Emplace_reallocate@AEBU?$pair@V?$point_data@H@polygon@boost@@H@std@@@?$vector@U?$pair@V?$point_data@H@polygon@boost@@H@std@@V?$allocator@U?$pair@V?$point_data@H@polygon@boost@@H@std@@@2@@std@@QEAAPEAU?$pair@V?$point_data@H@polygon@boost@@H@1@QEAU21@AEBU21@@Z 000000018000c840 f i minkowski.obj
 0001:0000b840       ??$_Emplace_reallocate@U?$pair@V?$point_data@H@polygon@boost@@H@std@@@?$vector@U?$pair@V?$point_data@H@polygon@boost@@H@std@@V?$allocator@U?$pair@V?$point_data@H@polygon@boost@@H@std@@@2@@std@@QEAAPEAU?$pair@V?$point_data@H@polygon@boost@@H@1@QEAU21@$$QEAU21@@Z 000000018000c840 f i minkowski.obj
 0001:0000b9e0       ??$_Emplace_reallocate@U?$pair@U?$pair@U?$pair@V?$point_data@H@polygon@boost@@V123@@std@@H@std@@PEAVactive_tail_arbitrary@?$polygon_arbitrary_formation@H@polygon@boost@@@std@@@?$vector@U?$pair@U?$pair@U?$pair@V?$point_data@H@polygon@boost@@V123@@std@@H@std@@PEAVactive_tail_arbitrary@?$polygon_arbitrary_formation@H@polygon@boost@@@std@@V?$allocator@U?$pair@U?$pair@U?$pair@V?$point_data@H@polygon@boost@@V123@@std@@H@std@@PEAVactive_tail_arbitrary@?$polygon_arbitrary_formation@H@polygon@boost@@@std@@@2@@std@@QEAAPEAU?$pair@U?$pair@U?$pair@V?$point_data@H@polygon@boost@@V123@@std@@H@std@@PEAVactive_tail_arbitrary@?$polygon_arbitrary_formation@H@polygon@boost@@@1@QEAU21@$$QEAU21@@Z 000000018000c9e0 f i minkowski.obj
 0001:0000b9e0       ??$_Emplace_reallocate@U?$pair@Vvertex_half_edge@?$scanline_base@H@polygon@boost@@PEAVactive_tail_arbitrary@?$polygon_arbitrary_formation@H@34@@std@@@?$vector@U?$pair@Vvertex_half_edge@?$scanline_base@H@polygon@boost@@PEAVactive_tail_arbitrary@?$polygon_arbitrary_formation@H@34@@std@@V?$allocator@U?$pair@Vvertex_half_edge@?$scanline_base@H@polygon@boost@@PEAVactive_tail_arbitrary@?$polygon_arbitrary_formation@H@34@@std@@@2@@std@@QEAAPEAU?$pair@Vvertex_half_edge@?$scanline_base@H@polygon@boost@@PEAVactive_tail_arbitrary@?$polygon_arbitrary_formation@H@34@@1@QEAU21@$$QEAU21@@Z 000000018000c9e0 f i minkowski.obj
 0001:0000bbf0       ??$_Emplace_reallocate@U?$pair@U?$pair@V?$point_data@H@polygon@boost@@V123@@std@@U?$pair@HH@2@@std@@@?$vector@U?$pair@U?$pair@V?$point_data@H@polygon@boost@@V123@@std@@U?$pair@HH@2@@std@@V?$allocator@U?$pair@U?$pair@V?$point_data@H@polygon@boost@@V123@@std@@U?$pair@HH@2@@std@@@2@@std@@QEAAPEAU?$pair@U?$pair@V?$point_data@H@polygon@boost@@V123@@std@@U?$pair@HH@2@@1@QEAU21@$$QEAU21@@Z 000000018000cbf0 f i minkowski.obj
 0001:0000be20       ??$_Emplace_reallocate@AEBV?$_Tree_iterator@V?$_Tree_val@U?$_Tree_simple_types@U?$pair@$$CBU?$pair@V?$point_data@H@polygon@boost@@V123@@std@@V?$vector@U?$pair@HH@std@@V?$allocator@U?$pair@HH@std@@@2@@2@@std@@@std@@@std@@@std@@@?$vector@V?$_Tree_iterator@V?$_Tree_val@U?$_Tree_simple_types@U?$pair@$$CBU?$pair@V?$point_data@H@polygon@boost@@V123@@std@@V?$vector@U?$pair@HH@std@@V?$allocator@U?$pair@HH@std@@@2@@2@@std@@@std@@@std@@@std@@V?$allocator@V?$_Tree_iterator@V?$_Tree_val@U?$_Tree_simple_types@U?$pair@$$CBU?$pair@V?$point_data@H@polygon@boost@@V123@@std@@V?$vector@U?$pair@HH@std@@V?$allocator@U?$pair@HH@std@@@2@@2@@std@@@std@@@std@@@std@@@2@@std@@QEAAPEAV?$_Tree_iterator@V?$_Tree_val@U?$_Tree_simple_types@U?$pair@$$CBU?$pair@V?$point_data@H@polygon@boost@@V123@@std@@V?$vector@U?$pair@HH@std@@V?$allocator@U?$pair@HH@std@@@2@@2@@std@@@std@@@std@@@1@QEAV21@AEBV21@@Z 000000018000ce20 f i minkowski.obj
 0001:0000c000       ??$_Find_lower_bound@U?$pair@V?$point_data@H@polygon@boost@@V123@@std@@@?$_Tree@V?$_Tmap_traits@U?$pair@V?$point_data@H@polygon@boost@@V123@@std@@V?$vector@U?$pair@HH@std@@V?$allocator@U?$pair@HH@std@@@2@@2@Vless_half_edge@?$scanline_base@H@polygon@boost@@V?$allocator@U?$pair@$$CBU?$pair@V?$point_data@H@polygon@boost@@V123@@std@@V?$vector@U?$pair@HH@std@@V?$allocator@U?$pair@HH@std@@@2@@2@@std@@@2@$0A@@std@@@std@@IEBA?AU?$_Tree_find_result@PEAU?$_Tree_node@U?$pair@$$CBU?$pair@V?$point_data@H@polygon@boost@@V123@@std@@V?$vector@U?$pair@HH@std@@V?$allocator@U?$pair@HH@std@@@2@@2@@std@@PEAX@std@@@1@AEBU?$pair@V?$point_data@H@polygon@boost@@V123@@1@@Z 000000018000d000 f i minkowski.obj
 0001:0000c290       ??$_Emplace@AEBV?$point_data@H@polygon@boost@@@?$list@V?$point_data@H@polygon@boost@@V?$allocator@V?$point_data@H@polygon@boost@@@std@@@std@@QEAAPEAU?$_List_node@V?$point_data@H@polygon@boost@@PEAX@1@QEAU21@AEBV?$point_data@H@polygon@boost@@@Z 000000018000d290 f i minkowski.obj
 0001:0000c300       ??$_Find_lower_bound@Vvertex_half_edge@?$scanline_base@H@polygon@boost@@@?$_Tree@V?$_Tmap_traits@Vvertex_half_edge@?$scanline_base@H@polygon@boost@@PEAVactive_tail_arbitrary@?$polygon_arbitrary_formation@H@34@Vless_vertex_half_edge@234@V?$allocator@U?$pair@$$CBVvertex_half_edge@?$scanline_base@H@polygon@boost@@PEAVactive_tail_arbitrary@?$polygon_arbitrary_formation@H@34@@std@@@std@@$0A@@std@@@std@@IEBA?AU?$_Tree_find_result@PEAU?$_Tree_node@U?$pair@$$CBVvertex_half_edge@?$scanline_base@H@polygon@boost@@PEAVactive_tail_arbitrary@?$polygon_arbitrary_formation@H@34@@std@@PEAX@std@@@1@AEBVvertex_half_edge@?$scanline_base@H@polygon@boost@@@Z 000000018000d300 f i minkowski.obj
 0001:0000c590       ??1?$pair@U?$pair@V?$point_data@H@polygon@boost@@V123@@std@@V?$vector@U?$pair@HH@std@@V?$allocator@U?$pair@HH@std@@@2@@2@@std@@QEAA@XZ 000000018000d590 f i minkowski.obj
 0001:0000c5f0       ?_Umove@?$vector@U?$pair@U?$pair@U?$pair@V?$point_data@H@polygon@boost@@V123@@std@@H@std@@PEAVactive_tail_arbitrary@?$polygon_arbitrary_formation@H@polygon@boost@@@std@@V?$allocator@U?$pair@U?$pair@U?$pair@V?$point_data@H@polygon@boost@@V123@@std@@H@std@@PEAVactive_tail_arbitrary@?$polygon_arbitrary_formation@H@polygon@boost@@@std@@@2@@std@@AEAAPEAU?$pair@U?$pair@U?$pair@V?$point_data@H@polygon@boost@@V123@@std@@H@std@@PEAVactive_tail_arbitrary@?$polygon_arbitrary_formation@H@polygon@boost@@@2@PEAU32@00@Z 000000018000d5f0 f i minkowski.obj
 0001:0000c5f0       ?_Umove@?$vector@U?$pair@Vvertex_half_edge@?$scanline_base@H@polygon@boost@@PEAVactive_tail_arbitrary@?$polygon_arbitrary_formation@H@34@@std@@V?$allocator@U?$pair@Vvertex_half_edge@?$scanline_base@H@polygon@boost@@PEAVactive_tail_arbitrary@?$polygon_arbitrary_formation@H@34@@std@@@2@@std@@AEAAPEAU?$pair@Vvertex_half_edge@?$scanline_base@H@polygon@boost@@PEAVactive_tail_arbitrary@?$polygon_arbitrary_formation@H@34@@2@PEAU32@00@Z 000000018000d5f0 f i minkowski.obj
 0001:0000c650       ?update_property_map@?$scanline@HHV?$vector@HV?$allocator@H@std@@@std@@@polygon@boost@@SAXAEAV?$vector@U?$pair@HH@std@@V?$allocator@U?$pair@HH@std@@@2@@std@@AEBU?$pair@HH@5@@Z 000000018000d650 f i minkowski.obj
 0001:0000ca50       ?merge_property_maps@?$scanline@HHV?$vector@HV?$allocator@H@std@@@std@@@polygon@boost@@SAXAEAV?$vector@U?$pair@HH@std@@V?$allocator@U?$pair@HH@std@@@2@@std@@AEBV45@@Z 000000018000da50 f i minkowski.obj
 0001:0000d1c0       ??$emplace_back@AEBU?$pair@U?$pair@V?$point_data@H@polygon@boost@@V123@@std@@V?$vector@U?$pair@HH@std@@V?$allocator@U?$pair@HH@std@@@2@@2@@std@@@?$vector@U?$pair@U?$pair@V?$point_data@H@polygon@boost@@V123@@std@@V?$vector@U?$pair@HH@std@@V?$allocator@U?$pair@HH@std@@@2@@2@@std@@V?$allocator@U?$pair@U?$pair@V?$point_data@H@polygon@boost@@V123@@std@@V?$vector@U?$pair@HH@std@@V?$allocator@U?$pair@HH@std@@@2@@2@@std@@@2@@std@@QEAA?A_TAEBU?$pair@U?$pair@V?$point_data@H@polygon@boost@@V123@@std@@V?$vector@U?$pair@HH@std@@V?$allocator@U?$pair@HH@std@@@2@@2@@1@@Z 000000018000e1c0 f i minkowski.obj
 0001:0000d330       ??Rless_vertex_half_edge@?$scanline_base@H@polygon@boost@@QEBA_NAEBVvertex_half_edge@123@0@Z 000000018000e330 f i minkowski.obj
 0001:0000d330       ??Rless_half_edge@?$scanline_base@H@polygon@boost@@QEBA_NAEBU?$pair@V?$point_data@H@polygon@boost@@V123@@std@@0@Z 000000018000e330 f i minkowski.obj
 0001:0000d550       ?_Change_array@?$vector@HV?$allocator@H@std@@@std@@AEAAXQEAH_K1@Z 000000018000e550 f i minkowski.obj
 0001:0000d5e0       ?allocate@?$allocator@H@std@@QEAAPEAH_K@Z 000000018000e5e0 f i minkowski.obj
 0001:0000d650       ?createActiveTailsAsPair@active_tail_arbitrary@?$polygon_arbitrary_formation@H@polygon@boost@@SA?AU?$pair@PEAVactive_tail_arbitrary@?$polygon_arbitrary_formation@H@polygon@boost@@PEAV1234@@std@@V?$point_data@H@34@_NPEAV1234@1@Z 000000018000e650 f i minkowski.obj
 0001:0000d810       ?_Umove@?$vector@U?$pair@U?$pair@V?$point_data@H@polygon@boost@@V123@@std@@U?$pair@HH@2@@std@@V?$allocator@U?$pair@U?$pair@V?$point_data@H@polygon@boost@@V123@@std@@U?$pair@HH@2@@std@@@2@@std@@AEAAPEAU?$pair@U?$pair@V?$point_data@H@polygon@boost@@V123@@std@@U?$pair@HH@2@@2@PEAU32@00@Z 000000018000e810 f i minkowski.obj
 0001:0000d860       ??$joinChains@V?$vector@V?$polygon_with_holes_data@H@polygon@boost@@V?$allocator@V?$polygon_with_holes_data@H@polygon@boost@@@std@@@std@@@active_tail_arbitrary@?$polygon_arbitrary_formation@H@polygon@boost@@SAPEAV0123@V?$point_data@H@23@PEAV0123@1_NAEAV?$vector@V?$polygon_with_holes_data@H@polygon@boost@@V?$allocator@V?$polygon_with_holes_data@H@polygon@boost@@@std@@@std@@@Z 000000018000e860 f i minkowski.obj
 0001:0000dc70       ??$validate_scan_divide_and_conquer@V?$_Vector_iterator@V?$_Vector_val@U?$_Simple_types@U?$pair@U?$pair@V?$point_data@H@polygon@boost@@V123@@std@@H@std@@@std@@@std@@@std@@@?$line_intersection@H@polygon@boost@@SAXAEAV?$vector@V?$set@V?$point_data@H@polygon@boost@@U?$less@V?$point_data@H@polygon@boost@@@std@@V?$allocator@V?$point_data@H@polygon@boost@@@5@@std@@V?$allocator@V?$set@V?$point_data@H@polygon@boost@@U?$less@V?$point_data@H@polygon@boost@@@std@@V?$allocator@V?$point_data@H@polygon@boost@@@5@@std@@@2@@std@@V?$_Vector_iterator@V?$_Vector_val@U?$_Simple_types@U?$pair@U?$pair@V?$point_data@H@polygon@boost@@V123@@std@@H@std@@@std@@@std@@@4@1@Z 000000018000ec70 f i minkowski.obj
 0001:0000e5c0       ??$segment_intersections@V?$_Vector_iterator@V?$_Vector_val@U?$_Simple_types@U?$pair@U?$pair@V?$point_data@H@polygon@boost@@V123@@std@@H@std@@@std@@@std@@@std@@@?$line_intersection@H@polygon@boost@@SAXAEAV?$vector@U?$pair@U?$pair@V?$point_data@H@polygon@boost@@V123@@std@@H@std@@V?$allocator@U?$pair@U?$pair@V?$point_data@H@polygon@boost@@V123@@std@@H@std@@@2@@std@@AEAV?$vector@V?$set@V?$point_data@H@polygon@boost@@U?$less@V?$point_data@H@polygon@boost@@@std@@V?$allocator@V?$point_data@H@polygon@boost@@@5@@std@@V?$allocator@V?$set@V?$point_data@H@polygon@boost@@U?$less@V?$point_data@H@polygon@boost@@@std@@V?$allocator@V?$point_data@H@polygon@boost@@@5@@std@@@2@@4@V?$_Vector_iterator@V?$_Vector_val@U?$_Simple_types@U?$pair@U?$pair@V?$point_data@H@polygon@boost@@V123@@std@@H@std@@@std@@@std@@@4@2@Z 000000018000f5c0 f i minkowski.obj
 0001:0000e9b0       ??$write_out@V?$polygon_set_data@H@polygon@boost@@V?$boolean_output_functor@V?$polygon_set_data@H@polygon@boost@@V?$vector@HV?$allocator@H@std@@@std@@$0A@@?$arbitrary_boolean_op@H@23@@?$scanline@HHV?$vector@HV?$allocator@H@std@@@std@@@polygon@boost@@QEAAXAEAV?$polygon_set_data@H@12@V?$boolean_output_functor@V?$polygon_set_data@H@polygon@boost@@V?$vector@HV?$allocator@H@std@@@std@@$0A@@?$arbitrary_boolean_op@H@12@AEBU?$pair@V?$point_data@H@polygon@boost@@V123@@std@@AEBV?$vector@U?$pair@HH@std@@V?$allocator@U?$pair@HH@std@@@2@@7@3@Z 000000018000f9b0 f i minkowski.obj
 0001:0000ed70       ??$write_out@V?$polygon_set_data@H@polygon@boost@@V?$boolean_output_functor@V?$polygon_set_data@H@polygon@boost@@V?$vector@HV?$allocator@H@std@@@std@@$02@?$arbitrary_boolean_op@H@23@@?$scanline@HHV?$vector@HV?$allocator@H@std@@@std@@@polygon@boost@@QEAAXAEAV?$polygon_set_data@H@12@V?$boolean_output_functor@V?$polygon_set_data@H@polygon@boost@@V?$vector@HV?$allocator@H@std@@@std@@$02@?$arbitrary_boolean_op@H@12@AEBU?$pair@V?$point_data@H@polygon@boost@@V123@@std@@AEBV?$vector@U?$pair@HH@std@@V?$allocator@U?$pair@HH@std@@@2@@7@3@Z 000000018000fd70 f i minkowski.obj
 0001:0000f150       ??$_Emplace_reallocate@U?$pair@U?$pair@V?$point_data@H@polygon@boost@@V123@@std@@V?$vector@U?$pair@HH@std@@V?$allocator@U?$pair@HH@std@@@2@@2@@std@@@?$vector@U?$pair@U?$pair@V?$point_data@H@polygon@boost@@V123@@std@@V?$vector@U?$pair@HH@std@@V?$allocator@U?$pair@HH@std@@@2@@2@@std@@V?$allocator@U?$pair@U?$pair@V?$point_data@H@polygon@boost@@V123@@std@@V?$vector@U?$pair@HH@std@@V?$allocator@U?$pair@HH@std@@@2@@2@@std@@@2@@std@@QEAAPEAU?$pair@U?$pair@V?$point_data@H@polygon@boost@@V123@@std@@V?$vector@U?$pair@HH@std@@V?$allocator@U?$pair@HH@std@@@2@@2@@1@QEAU21@$$QEAU21@@Z 0000000180010150 f i minkowski.obj
 0001:0000f2c0       ??$less_slope@H@?$scanline_base@H@polygon@boost@@SA_NHHHH@Z 00000001800102c0 f i minkowski.obj
 0001:0000f3f0       ??1?$_Tree_temp_node@V?$allocator@U?$_Tree_node@V?$point_data@H@polygon@boost@@PEAX@std@@@std@@@std@@QEAA@XZ 00000001800103f0 f i minkowski.obj
 0001:0000f410       ?_Release@?$_Alloc_construct_ptr@V?$allocator@U?$_Tree_node@V?$point_data@H@polygon@boost@@PEAX@std@@@std@@@std@@QEAAPEAU?$_Tree_node@V?$point_data@H@polygon@boost@@PEAX@2@XZ 0000000180010410 f i minkowski.obj
 0001:0000f420       ?_Insert_node@?$_Tree_val@U?$_Tree_simple_types@U?$pair@$$CBU?$pair@V?$point_data@H@polygon@boost@@V123@@std@@V?$vector@U?$pair@HH@std@@V?$allocator@U?$pair@HH@std@@@2@@2@@std@@@std@@@std@@QEAAPEAU?$_Tree_node@U?$pair@$$CBU?$pair@V?$point_data@H@polygon@boost@@V123@@std@@V?$vector@U?$pair@HH@std@@V?$allocator@U?$pair@HH@std@@@2@@2@@std@@PEAX@2@U?$_Tree_id@PEAU?$_Tree_node@U?$pair@$$CBU?$pair@V?$point_data@H@polygon@boost@@V123@@std@@V?$vector@U?$pair@HH@std@@V?$allocator@U?$pair@HH@std@@@2@@2@@std@@PEAX@std@@@2@QEAU32@@Z 0000000180010420 f i minkowski.obj
 0001:0000f420       ?_Insert_node@?$_Tree_val@U?$_Tree_simple_types@U?$pair@$$CBHV?$vector@U?$pair@U?$pair@V?$point_data@H@polygon@boost@@V123@@std@@H@std@@V?$allocator@U?$pair@U?$pair@V?$point_data@H@polygon@boost@@V123@@std@@H@std@@@2@@std@@@std@@@std@@@std@@QEAAPEAU?$_Tree_node@U?$pair@$$CBHV?$vector@U?$pair@U?$pair@V?$point_data@H@polygon@boost@@V123@@std@@H@std@@V?$allocator@U?$pair@U?$pair@V?$point_data@H@polygon@boost@@V123@@std@@H@std@@@2@@std@@@std@@PEAX@2@U?$_Tree_id@PEAU?$_Tree_node@U?$pair@$$CBHV?$vector@U?$pair@U?$pair@V?$point_data@H@polygon@boost@@V123@@std@@H@std@@V?$allocator@U?$pair@U?$pair@V?$point_data@H@polygon@boost@@V123@@std@@H@std@@@2@@std@@@std@@PEAX@std@@@2@QEAU32@@Z 0000000180010420 f i minkowski.obj
 0001:0000f420       ?_Insert_node@?$_Tree_val@U?$_Tree_simple_types@U?$pair@$$CBVvertex_half_edge@?$scanline_base@H@polygon@boost@@PEAVactive_tail_arbitrary@?$polygon_arbitrary_formation@H@34@@std@@@std@@@std@@QEAAPEAU?$_Tree_node@U?$pair@$$CBVvertex_half_edge@?$scanline_base@H@polygon@boost@@PEAVactive_tail_arbitrary@?$polygon_arbitrary_formation@H@34@@std@@PEAX@2@U?$_Tree_id@PEAU?$_Tree_node@U?$pair@$$CBVvertex_half_edge@?$scanline_base@H@polygon@boost@@PEAVactive_tail_arbitrary@?$polygon_arbitrary_formation@H@34@@std@@PEAX@std@@@2@QEAU32@@Z 0000000180010420 f i minkowski.obj
 0001:0000f420       ?_Insert_node@?$_Tree_val@U?$_Tree_simple_types@V?$point_data@H@polygon@boost@@@std@@@std@@QEAAPEAU?$_Tree_node@V?$point_data@H@polygon@boost@@PEAX@2@U?$_Tree_id@PEAU?$_Tree_node@V?$point_data@H@polygon@boost@@PEAX@std@@@2@QEAU32@@Z 0000000180010420 f i minkowski.obj
 0001:0000f6a0       ?_Change_array@?$vector@U?$pair@U?$pair@V?$point_data@H@polygon@boost@@V123@@std@@V?$vector@U?$pair@HH@std@@V?$allocator@U?$pair@HH@std@@@2@@2@@std@@V?$allocator@U?$pair@U?$pair@V?$point_data@H@polygon@boost@@V123@@std@@V?$vector@U?$pair@HH@std@@V?$allocator@U?$pair@HH@std@@@2@@2@@std@@@2@@std@@AEAAXQEAU?$pair@U?$pair@V?$point_data@H@polygon@boost@@V123@@std@@V?$vector@U?$pair@HH@std@@V?$allocator@U?$pair@HH@std@@@2@@2@@2@_K1@Z 00000001800106a0 f i minkowski.obj
 0001:0000f760       ?_Umove_if_noexcept@?$vector@U?$pair@U?$pair@V?$point_data@H@polygon@boost@@V123@@std@@V?$vector@U?$pair@HH@std@@V?$allocator@U?$pair@HH@std@@@2@@2@@std@@V?$allocator@U?$pair@U?$pair@V?$point_data@H@polygon@boost@@V123@@std@@V?$vector@U?$pair@HH@std@@V?$allocator@U?$pair@HH@std@@@2@@2@@std@@@2@@std@@AEAAXPEAU?$pair@U?$pair@V?$point_data@H@polygon@boost@@V123@@std@@V?$vector@U?$pair@HH@std@@V?$allocator@U?$pair@HH@std@@@2@@2@@2@00@Z 0000000180010760 f i minkowski.obj
 0001:0000f7f0       ?_Umove@?$vector@U?$pair@U?$pair@V?$point_data@H@polygon@boost@@V123@@std@@V?$vector@U?$pair@HH@std@@V?$allocator@U?$pair@HH@std@@@2@@2@@std@@V?$allocator@U?$pair@U?$pair@V?$point_data@H@polygon@boost@@V123@@std@@V?$vector@U?$pair@HH@std@@V?$allocator@U?$pair@HH@std@@@2@@2@@std@@@2@@std@@AEAAPEAU?$pair@U?$pair@V?$point_data@H@polygon@boost@@V123@@std@@V?$vector@U?$pair@HH@std@@V?$allocator@U?$pair@HH@std@@@2@@2@@2@PEAU32@00@Z 00000001800107f0 f i minkowski.obj
 0001:0000f890       ?allocate@?$allocator@U?$pair@U?$pair@V?$point_data@H@polygon@boost@@V123@@std@@V?$vector@U?$pair@HH@std@@V?$allocator@U?$pair@HH@std@@@2@@2@@std@@@std@@QEAAPEAU?$pair@U?$pair@V?$point_data@H@polygon@boost@@V123@@std@@V?$vector@U?$pair@HH@std@@V?$allocator@U?$pair@HH@std@@@2@@2@@2@_K@Z 0000000180010890 f i minkowski.obj
 0001:0000f910       ??$_Sort_unchecked@PEAVvertex_half_edge@?$scanline_base@H@polygon@boost@@U?$less@X@std@@@std@@YAXPEAVvertex_half_edge@?$scanline_base@H@polygon@boost@@0_JU?$less@X@0@@Z 0000000180010910 f i minkowski.obj
 0001:0000fb30       ??$compute_histogram_in_y@V?$_Vector_iterator@V?$_Vector_val@U?$_Simple_types@U?$pair@U?$pair@V?$point_data@H@polygon@boost@@V123@@std@@H@std@@@std@@@std@@@std@@@?$line_intersection@H@polygon@boost@@SAXV?$_Vector_iterator@V?$_Vector_val@U?$_Simple_types@U?$pair@U?$pair@V?$point_data@H@polygon@boost@@V123@@std@@H@std@@@std@@@std@@@std@@0_KAEAV?$vector@U?$pair@HU?$pair@_K_K@std@@@std@@V?$allocator@U?$pair@HU?$pair@_K_K@std@@@std@@@2@@4@@Z 0000000180010b30 f i minkowski.obj
 0001:00010120       ??$compute_y_cuts@V?$_Vector_iterator@V?$_Vector_val@U?$_Simple_types@U?$pair@HU?$pair@_K_K@std@@@std@@@std@@@std@@@std@@@?$line_intersection@H@polygon@boost@@SAXAEAV?$vector@HV?$allocator@H@std@@@std@@V?$_Vector_iterator@V?$_Vector_val@U?$_Simple_types@U?$pair@HU?$pair@_K_K@std@@@std@@@std@@@std@@@4@1_K@Z 0000000180011120 f i minkowski.obj
 0001:00010250       ??$validate_scan@V?$_Vector_iterator@V?$_Vector_val@U?$_Simple_types@U?$pair@U?$pair@V?$point_data@H@polygon@boost@@V123@@std@@H@std@@@std@@@std@@@std@@@?$line_intersection@H@polygon@boost@@SAXAEAV?$vector@V?$set@V?$point_data@H@polygon@boost@@U?$less@V?$point_data@H@polygon@boost@@@std@@V?$allocator@V?$point_data@H@polygon@boost@@@5@@std@@V?$allocator@V?$set@V?$point_data@H@polygon@boost@@U?$less@V?$point_data@H@polygon@boost@@@std@@V?$allocator@V?$point_data@H@polygon@boost@@@5@@std@@@2@@std@@V?$_Vector_iterator@V?$_Vector_val@U?$_Simple_types@U?$pair@U?$pair@V?$point_data@H@polygon@boost@@V123@@std@@H@std@@@std@@@std@@@4@1H@Z 0000000180011250 f i minkowski.obj
 0001:00010ef0       ??$_Sort_unchecked@PEAU?$pair@U?$pair@V?$point_data@H@polygon@boost@@V123@@std@@U?$pair@HH@2@@std@@V?$less_vertex_data@U?$pair@U?$pair@V?$point_data@H@polygon@boost@@V123@@std@@U?$pair@HH@2@@std@@@?$arbitrary_boolean_op@H@polygon@boost@@@std@@YAXPEAU?$pair@U?$pair@V?$point_data@H@polygon@boost@@V123@@std@@U?$pair@HH@2@@0@0_JV?$less_vertex_data@U?$pair@U?$pair@V?$point_data@H@polygon@boost@@V123@@std@@U?$pair@HH@2@@std@@@?$arbitrary_boolean_op@H@polygon@boost@@@Z 0000000180011ef0 f i minkowski.obj
 0001:00011110       ??$_Lower_bound_duplicate@V?$point_data@H@polygon@boost@@@?$_Tree@V?$_Tset_traits@V?$point_data@H@polygon@boost@@Vless_point@?$scanline_base@H@23@V?$allocator@V?$point_data@H@polygon@boost@@@std@@$0A@@std@@@std@@IEBA_NQEAU?$_Tree_node@V?$point_data@H@polygon@boost@@PEAX@1@AEBV?$point_data@H@polygon@boost@@@Z 0000000180012110 f i minkowski.obj
 0001:00011130       ??$?0AEBV?$point_data@H@polygon@boost@@@?$_Tree_temp_node@V?$allocator@U?$_Tree_node@V?$point_data@H@polygon@boost@@PEAX@std@@@std@@@std@@QEAA@AEAV?$allocator@U?$_Tree_node@V?$point_data@H@polygon@boost@@PEAX@std@@@1@PEAU?$_Tree_node@V?$point_data@H@polygon@boost@@PEAX@1@AEBV?$point_data@H@polygon@boost@@@Z 0000000180012130 f i minkowski.obj
 0001:000111b0       ??$_Emplace_reallocate@V?$polygon_with_holes_data@H@polygon@boost@@@?$vector@V?$polygon_with_holes_data@H@polygon@boost@@V?$allocator@V?$polygon_with_holes_data@H@polygon@boost@@@std@@@std@@QEAAPEAV?$polygon_with_holes_data@H@polygon@boost@@QEAV234@$$QEAV234@@Z 00000001800121b0 f i minkowski.obj
 0001:000113e0       ?push_back@?$vector@U?$pair@HU?$pair@_K_K@std@@@std@@V?$allocator@U?$pair@HU?$pair@_K_K@std@@@std@@@2@@std@@QEAAX$$QEAU?$pair@HU?$pair@_K_K@std@@@2@@Z 00000001800123e0 f i minkowski.obj
 0001:00011590       ?intersects_grid@?$scanline_base@H@polygon@boost@@SA_NV?$point_data@H@23@AEBU?$pair@V?$point_data@H@polygon@boost@@V123@@std@@@Z 0000000180012590 f i minkowski.obj
 0001:000117f0       ?_Umove@?$vector@V?$polygon_with_holes_data@H@polygon@boost@@V?$allocator@V?$polygon_with_holes_data@H@polygon@boost@@@std@@@std@@AEAAPEAV?$polygon_with_holes_data@H@polygon@boost@@PEAV345@00@Z 00000001800127f0 f i minkowski.obj
 0001:00011840       ?compute_exact_intersection@compute_intersection_pack@?$scanline_base@H@polygon@boost@@QEAA_NAEAV?$point_data@H@34@AEBU?$pair@V?$point_data@H@polygon@boost@@V123@@std@@1_N2@Z 0000000180012840 f i minkowski.obj
 0001:00011ca0       ?compute_lazy_intersection@compute_intersection_pack@?$scanline_base@H@polygon@boost@@SA_NAEAV?$point_data@H@34@AEBU?$pair@V?$point_data@H@polygon@boost@@V123@@std@@1_N2@Z 0000000180012ca0 f i minkowski.obj
 0001:00012090       ?intersects@?$scanline_base@H@polygon@boost@@SA_NAEBU?$pair@V?$point_data@H@polygon@boost@@V123@@std@@0@Z 0000000180013090 f i minkowski.obj
 0001:00012530       ?_Change_array@?$vector@U?$pair@HU?$pair@_K_K@std@@@std@@V?$allocator@U?$pair@HU?$pair@_K_K@std@@@std@@@2@@std@@AEAAXQEAU?$pair@HU?$pair@_K_K@std@@@2@_K1@Z 0000000180013530 f i minkowski.obj
 0001:000125e0       ??$_Insertion_sort_unchecked@PEAVvertex_half_edge@?$scanline_base@H@polygon@boost@@U?$less@X@std@@@std@@YAPEAVvertex_half_edge@?$scanline_base@H@polygon@boost@@QEAV1234@0U?$less@X@0@@Z 00000001800135e0 f i minkowski.obj
 0001:00012920       ??$_Partition_by_median_guess_unchecked@PEAVvertex_half_edge@?$scanline_base@H@polygon@boost@@U?$less@X@std@@@std@@YA?AU?$pair@PEAVvertex_half_edge@?$scanline_base@H@polygon@boost@@PEAV1234@@0@PEAVvertex_half_edge@?$scanline_base@H@polygon@boost@@0U?$less@X@0@@Z 0000000180013920 f i minkowski.obj
 0001:000136f0       ??$_Find_hint@Vvertex_half_edge@?$scanline_base@H@polygon@boost@@@?$_Tree@V?$_Tmap_traits@Vvertex_half_edge@?$scanline_base@H@polygon@boost@@PEAVactive_tail_arbitrary@?$polygon_arbitrary_formation@H@34@Vless_vertex_half_edge@234@V?$allocator@U?$pair@$$CBVvertex_half_edge@?$scanline_base@H@polygon@boost@@PEAVactive_tail_arbitrary@?$polygon_arbitrary_formation@H@34@@std@@@std@@$0A@@std@@@std@@IEBA?AU?$_Tree_find_hint_result@PEAU?$_Tree_node@U?$pair@$$CBVvertex_half_edge@?$scanline_base@H@polygon@boost@@PEAVactive_tail_arbitrary@?$polygon_arbitrary_formation@H@34@@std@@PEAX@std@@@1@QEAU?$_Tree_node@U?$pair@$$CBVvertex_half_edge@?$scanline_base@H@polygon@boost@@PEAVactive_tail_arbitrary@?$polygon_arbitrary_formation@H@34@@std@@PEAX@1@AEBVvertex_half_edge@?$scanline_base@H@polygon@boost@@@Z 00000001800146f0 f i minkowski.obj
 0001:00013960       ??$_Insert_range@V?$_Tree_unchecked_const_iterator@V?$_Tree_val@U?$_Tree_simple_types@V?$point_data@H@polygon@boost@@@std@@@std@@U_Iterator_base0@2@@std@@@?$vector@V?$point_data@H@polygon@boost@@V?$allocator@V?$point_data@H@polygon@boost@@@std@@@std@@AEAAXV?$_Vector_const_iterator@V?$_Vector_val@U?$_Simple_types@V?$point_data@H@polygon@boost@@@std@@@std@@@1@V?$_Tree_unchecked_const_iterator@V?$_Tree_val@U?$_Tree_simple_types@V?$point_data@H@polygon@boost@@@std@@@std@@U_Iterator_base0@2@@1@1Uforward_iterator_tag@1@@Z 0000000180014960 f i minkowski.obj
 0001:00013cc0       ??$_Insertion_sort_unchecked@PEAU?$pair@U?$pair@V?$point_data@H@polygon@boost@@V123@@std@@U?$pair@HH@2@@std@@V?$less_vertex_data@U?$pair@U?$pair@V?$point_data@H@polygon@boost@@V123@@std@@U?$pair@HH@2@@std@@@?$arbitrary_boolean_op@H@polygon@boost@@@std@@YAPEAU?$pair@U?$pair@V?$point_data@H@polygon@boost@@V123@@std@@U?$pair@HH@2@@0@QEAU10@0V?$less_vertex_data@U?$pair@U?$pair@V?$point_data@H@polygon@boost@@V123@@std@@U?$pair@HH@2@@std@@@?$arbitrary_boolean_op@H@polygon@boost@@@Z 0000000180014cc0 f i minkowski.obj
 0001:00013f10       ??$_Partition_by_median_guess_unchecked@PEAU?$pair@U?$pair@V?$point_data@H@polygon@boost@@V123@@std@@U?$pair@HH@2@@std@@V?$less_vertex_data@U?$pair@U?$pair@V?$point_data@H@polygon@boost@@V123@@std@@U?$pair@HH@2@@std@@@?$arbitrary_boolean_op@H@polygon@boost@@@std@@YA?AU?$pair@PEAU?$pair@U?$pair@V?$point_data@H@polygon@boost@@V123@@std@@U?$pair@HH@2@@std@@PEAU12@@0@PEAU?$pair@U?$pair@V?$point_data@H@polygon@boost@@V123@@std@@U?$pair@HH@2@@0@0V?$less_vertex_data@U?$pair@U?$pair@V?$point_data@H@polygon@boost@@V123@@std@@U?$pair@HH@2@@std@@@?$arbitrary_boolean_op@H@polygon@boost@@@Z 0000000180014f10 f i minkowski.obj
 0001:00014670       ??$_Sort_unchecked@PEAU?$pair@U?$pair@V?$point_data@H@polygon@boost@@V123@@std@@H@std@@U?$less@X@2@@std@@YAXPEAU?$pair@U?$pair@V?$point_data@H@polygon@boost@@V123@@std@@H@0@0_JU?$less@X@0@@Z 0000000180015670 f i minkowski.obj
 0001:00014830       ??$_Sort_unchecked@PEAU?$pair@U?$pair@U?$pair@V?$point_data@H@polygon@boost@@V123@@std@@H@std@@PEAVactive_tail_arbitrary@?$polygon_arbitrary_formation@H@polygon@boost@@@std@@U?$_Ref_fn@Vless_incoming_count@?$polygon_arbitrary_formation@H@polygon@boost@@@2@@std@@YAXPEAU?$pair@U?$pair@U?$pair@V?$point_data@H@polygon@boost@@V123@@std@@H@std@@PEAVactive_tail_arbitrary@?$polygon_arbitrary_formation@H@polygon@boost@@@0@0_JU?$_Ref_fn@Vless_incoming_count@?$polygon_arbitrary_formation@H@polygon@boost@@@0@@Z 0000000180015830 f i minkowski.obj
 0001:000149f0       ??$_Sort_unchecked@PEAU?$pair@V?$point_data@H@polygon@boost@@H@std@@U?$_Ref_fn@Vless_half_edge_count@?$polygon_arbitrary_formation@H@polygon@boost@@@2@@std@@YAXPEAU?$pair@V?$point_data@H@polygon@boost@@H@0@0_JU?$_Ref_fn@Vless_half_edge_count@?$polygon_arbitrary_formation@H@polygon@boost@@@0@@Z 00000001800159f0 f i minkowski.obj
 0001:00014b90       ??$_Erase_tree@V?$allocator@U?$_Tree_node@U?$pair@$$CBHV?$vector@U?$pair@U?$pair@V?$point_data@H@polygon@boost@@V123@@std@@H@std@@V?$allocator@U?$pair@U?$pair@V?$point_data@H@polygon@boost@@V123@@std@@H@std@@@2@@std@@@std@@PEAX@std@@@std@@@?$_Tree_val@U?$_Tree_simple_types@U?$pair@$$CBHV?$vector@U?$pair@U?$pair@V?$point_data@H@polygon@boost@@V123@@std@@H@std@@V?$allocator@U?$pair@U?$pair@V?$point_data@H@polygon@boost@@V123@@std@@H@std@@@2@@std@@@std@@@std@@@std@@QEAAXAEAV?$allocator@U?$_Tree_node@U?$pair@$$CBHV?$vector@U?$pair@U?$pair@V?$point_data@H@polygon@boost@@V123@@std@@H@std@@V?$allocator@U?$pair@U?$pair@V?$point_data@H@polygon@boost@@V123@@std@@H@std@@@2@@std@@@std@@PEAX@std@@@1@PEAU?$_Tree_node@U?$pair@$$CBHV?$vector@U?$pair@U?$pair@V?$point_data@H@polygon@boost@@V123@@std@@H@std@@V?$allocator@U?$pair@U?$pair@V?$point_data@H@polygon@boost@@V123@@std@@H@std@@@2@@std@@@std@@PEAX@1@@Z 0000000180015b90 f i minkowski.obj
 0001:00014c10       ??$_Pop_heap_hole_by_index@PEAVvertex_half_edge@?$scanline_base@H@polygon@boost@@V1234@U?$less@X@std@@@std@@YAXPEAVvertex_half_edge@?$scanline_base@H@polygon@boost@@_J1$$QEAV1234@U?$less@X@0@@Z 0000000180015c10 f i minkowski.obj
 0001:00014f10       ??$_Ucopy@V?$_Tree_unchecked_const_iterator@V?$_Tree_val@U?$_Tree_simple_types@V?$point_data@H@polygon@boost@@@std@@@std@@U_Iterator_base0@2@@std@@@?$vector@V?$point_data@H@polygon@boost@@V?$allocator@V?$point_data@H@polygon@boost@@@std@@@std@@AEAAPEAV?$point_data@H@polygon@boost@@V?$_Tree_unchecked_const_iterator@V?$_Tree_val@U?$_Tree_simple_types@V?$point_data@H@polygon@boost@@@std@@@std@@U_Iterator_base0@2@@1@0PEAV234@@Z 0000000180015f10 f i minkowski.obj
 0001:00014f90       ??$_Pop_heap_hole_by_index@PEAU?$pair@U?$pair@V?$point_data@H@polygon@boost@@V123@@std@@U?$pair@HH@2@@std@@U12@V?$less_vertex_data@U?$pair@U?$pair@V?$point_data@H@polygon@boost@@V123@@std@@U?$pair@HH@2@@std@@@?$arbitrary_boolean_op@H@polygon@boost@@@std@@YAXPEAU?$pair@U?$pair@V?$point_data@H@polygon@boost@@V123@@std@@U?$pair@HH@2@@0@_J1$$QEAU10@V?$less_vertex_data@U?$pair@U?$pair@V?$point_data@H@polygon@boost@@V123@@std@@U?$pair@HH@2@@std@@@?$arbitrary_boolean_op@H@polygon@boost@@@Z 0000000180015f90 f i minkowski.obj
 0001:00015220       ??$iter_swap@PEAU?$pair@U?$pair@V?$point_data@H@polygon@boost@@V123@@std@@U?$pair@HH@2@@std@@PEAU12@@std@@YAXPEAU?$pair@U?$pair@V?$point_data@H@polygon@boost@@V123@@std@@U?$pair@HH@2@@0@0@Z 0000000180016220 f i minkowski.obj
 0001:00015290       ??$_Insertion_sort_unchecked@PEAU?$pair@U?$pair@V?$point_data@H@polygon@boost@@V123@@std@@H@std@@U?$less@X@2@@std@@YAPEAU?$pair@U?$pair@V?$point_data@H@polygon@boost@@V123@@std@@H@0@QEAU10@0U?$less@X@0@@Z 0000000180016290 f i minkowski.obj
 0001:00015480       ??$_Make_heap_unchecked@PEAU?$pair@U?$pair@V?$point_data@H@polygon@boost@@V123@@std@@H@std@@U?$less@X@2@@std@@YAXPEAU?$pair@U?$pair@V?$point_data@H@polygon@boost@@V123@@std@@H@0@0U?$less@X@0@@Z 0000000180016480 f i minkowski.obj
 0001:00015680       ??$_Partition_by_median_guess_unchecked@PEAU?$pair@U?$pair@V?$point_data@H@polygon@boost@@V123@@std@@H@std@@U?$less@X@2@@std@@YA?AU?$pair@PEAU?$pair@U?$pair@V?$point_data@H@polygon@boost@@V123@@std@@H@std@@PEAU12@@0@PEAU?$pair@U?$pair@V?$point_data@H@polygon@boost@@V123@@std@@H@0@0U?$less@X@0@@Z 0000000180016680 f i minkowski.obj
 0001:00015d90       ??$_Insertion_sort_unchecked@PEAU?$pair@U?$pair@U?$pair@V?$point_data@H@polygon@boost@@V123@@std@@H@std@@PEAVactive_tail_arbitrary@?$polygon_arbitrary_formation@H@polygon@boost@@@std@@U?$_Ref_fn@Vless_incoming_count@?$polygon_arbitrary_formation@H@polygon@boost@@@2@@std@@YAPEAU?$pair@U?$pair@U?$pair@V?$point_data@H@polygon@boost@@V123@@std@@H@std@@PEAVactive_tail_arbitrary@?$polygon_arbitrary_formation@H@polygon@boost@@@0@QEAU10@0U?$_Ref_fn@Vless_incoming_count@?$polygon_arbitrary_formation@H@polygon@boost@@@0@@Z 0000000180016d90 f i minkowski.obj
 0001:00015ff0       ??$_Make_heap_unchecked@PEAU?$pair@U?$pair@U?$pair@V?$point_data@H@polygon@boost@@V123@@std@@H@std@@PEAVactive_tail_arbitrary@?$polygon_arbitrary_formation@H@polygon@boost@@@std@@U?$_Ref_fn@Vless_incoming_count@?$polygon_arbitrary_formation@H@polygon@boost@@@2@@std@@YAXPEAU?$pair@U?$pair@U?$pair@V?$point_data@H@polygon@boost@@V123@@std@@H@std@@PEAVactive_tail_arbitrary@?$polygon_arbitrary_formation@H@polygon@boost@@@0@0U?$_Ref_fn@Vless_incoming_count@?$polygon_arbitrary_formation@H@polygon@boost@@@0@@Z 0000000180016ff0 f i minkowski.obj
 0001:000162a0       ??$_Partition_by_median_guess_unchecked@PEAU?$pair@U?$pair@U?$pair@V?$point_data@H@polygon@boost@@V123@@std@@H@std@@PEAVactive_tail_arbitrary@?$polygon_arbitrary_formation@H@polygon@boost@@@std@@U?$_Ref_fn@Vless_incoming_count@?$polygon_arbitrary_formation@H@polygon@boost@@@2@@std@@YA?AU?$pair@PEAU?$pair@U?$pair@U?$pair@V?$point_data@H@polygon@boost@@V123@@std@@H@std@@PEAVactive_tail_arbitrary@?$polygon_arbitrary_formation@H@polygon@boost@@@std@@PEAU12@@0@PEAU?$pair@U?$pair@U?$pair@V?$point_data@H@polygon@boost@@V123@@std@@H@std@@PEAVactive_tail_arbitrary@?$polygon_arbitrary_formation@H@polygon@boost@@@0@0U?$_Ref_fn@Vless_incoming_count@?$polygon_arbitrary_formation@H@polygon@boost@@@0@@Z 00000001800172a0 f i minkowski.obj
 0001:00016830       ??$_Insertion_sort_unchecked@PEAU?$pair@V?$point_data@H@polygon@boost@@H@std@@U?$_Ref_fn@Vless_half_edge_count@?$polygon_arbitrary_formation@H@polygon@boost@@@2@@std@@YAPEAU?$pair@V?$point_data@H@polygon@boost@@H@0@QEAU10@0U?$_Ref_fn@Vless_half_edge_count@?$polygon_arbitrary_formation@H@polygon@boost@@@0@@Z 0000000180017830 f i minkowski.obj
 0001:00016b80       ??$?RAEAU?$pair@V?$point_data@H@polygon@boost@@H@std@@AEAU01@@?$_Ref_fn@Vless_half_edge_count@?$polygon_arbitrary_formation@H@polygon@boost@@@std@@QEAA?A_TAEAU?$pair@V?$point_data@H@polygon@boost@@H@1@0@Z 0000000180017b80 f i minkowski.obj
 0001:00016cb0       ??$_Make_heap_unchecked@PEAU?$pair@V?$point_data@H@polygon@boost@@H@std@@U?$_Ref_fn@Vless_half_edge_count@?$polygon_arbitrary_formation@H@polygon@boost@@@2@@std@@YAXPEAU?$pair@V?$point_data@H@polygon@boost@@H@0@0U?$_Ref_fn@Vless_half_edge_count@?$polygon_arbitrary_formation@H@polygon@boost@@@0@@Z 0000000180017cb0 f i minkowski.obj
 0001:00016f80       ??$_Partition_by_median_guess_unchecked@PEAU?$pair@V?$point_data@H@polygon@boost@@H@std@@U?$_Ref_fn@Vless_half_edge_count@?$polygon_arbitrary_formation@H@polygon@boost@@@2@@std@@YA?AU?$pair@PEAU?$pair@V?$point_data@H@polygon@boost@@H@std@@PEAU12@@0@PEAU?$pair@V?$point_data@H@polygon@boost@@H@0@0U?$_Ref_fn@Vless_half_edge_count@?$polygon_arbitrary_formation@H@polygon@boost@@@0@@Z 0000000180017f80 f i minkowski.obj
 0001:00017be0       ??$_Med3_unchecked@PEAVvertex_half_edge@?$scanline_base@H@polygon@boost@@U?$less@X@std@@@std@@YAXPEAVvertex_half_edge@?$scanline_base@H@polygon@boost@@00U?$less@X@0@@Z 0000000180018be0 f i minkowski.obj
 0001:00017d90       ??$_Sort_unchecked@PEAV?$point_data@H@polygon@boost@@Vless_point_down_slope@?$line_intersection@H@23@@std@@YAXPEAV?$point_data@H@polygon@boost@@0_JVless_point_down_slope@?$line_intersection@H@23@@Z 0000000180018d90 f i minkowski.obj
 0001:00017fc0       ??$_Med3_unchecked@PEAU?$pair@U?$pair@V?$point_data@H@polygon@boost@@V123@@std@@U?$pair@HH@2@@std@@V?$less_vertex_data@U?$pair@U?$pair@V?$point_data@H@polygon@boost@@V123@@std@@U?$pair@HH@2@@std@@@?$arbitrary_boolean_op@H@polygon@boost@@@std@@YAXPEAU?$pair@U?$pair@V?$point_data@H@polygon@boost@@V123@@std@@U?$pair@HH@2@@0@00V?$less_vertex_data@U?$pair@U?$pair@V?$point_data@H@polygon@boost@@V123@@std@@U?$pair@HH@2@@std@@@?$arbitrary_boolean_op@H@polygon@boost@@@Z 0000000180018fc0 f i minkowski.obj
 0001:00018120       ??$_Pop_heap_hole_by_index@PEAU?$pair@U?$pair@V?$point_data@H@polygon@boost@@V123@@std@@H@std@@U12@U?$less@X@2@@std@@YAXPEAU?$pair@U?$pair@V?$point_data@H@polygon@boost@@V123@@std@@H@0@_J1$$QEAU10@U?$less@X@0@@Z 0000000180019120 f i minkowski.obj
 0001:00018290       ??$_Pop_heap_hole_by_index@PEAU?$pair@U?$pair@U?$pair@V?$point_data@H@polygon@boost@@V123@@std@@H@std@@PEAVactive_tail_arbitrary@?$polygon_arbitrary_formation@H@polygon@boost@@@std@@U12@U?$_Ref_fn@Vless_incoming_count@?$polygon_arbitrary_formation@H@polygon@boost@@@2@@std@@YAXPEAU?$pair@U?$pair@U?$pair@V?$point_data@H@polygon@boost@@V123@@std@@H@std@@PEAVactive_tail_arbitrary@?$polygon_arbitrary_formation@H@polygon@boost@@@0@_J1$$QEAU10@U?$_Ref_fn@Vless_incoming_count@?$polygon_arbitrary_formation@H@polygon@boost@@@0@@Z 0000000180019290 f i minkowski.obj
 0001:00018460       ??$iter_swap@PEAU?$pair@U?$pair@U?$pair@V?$point_data@H@polygon@boost@@V123@@std@@H@std@@PEAVactive_tail_arbitrary@?$polygon_arbitrary_formation@H@polygon@boost@@@std@@PEAU12@@std@@YAXPEAU?$pair@U?$pair@U?$pair@V?$point_data@H@polygon@boost@@V123@@std@@H@std@@PEAVactive_tail_arbitrary@?$polygon_arbitrary_formation@H@polygon@boost@@@0@0@Z 0000000180019460 f i minkowski.obj
 0001:000184d0       ??$_Pop_heap_hole_by_index@PEAU?$pair@V?$point_data@H@polygon@boost@@H@std@@U12@U?$_Ref_fn@Vless_half_edge_count@?$polygon_arbitrary_formation@H@polygon@boost@@@2@@std@@YAXPEAU?$pair@V?$point_data@H@polygon@boost@@H@0@_J1$$QEAU10@U?$_Ref_fn@Vless_half_edge_count@?$polygon_arbitrary_formation@H@polygon@boost@@@0@@Z 00000001800194d0 f i minkowski.obj
 0001:00018720       ??$swap@U?$pair@V?$point_data@H@polygon@boost@@V123@@std@@H$0A@@std@@YAXAEAU?$pair@U?$pair@V?$point_data@H@polygon@boost@@V123@@std@@H@0@0@Z 0000000180019720 f i minkowski.obj
 0001:00018780       ??$_Make_heap_unchecked@PEAV?$point_data@H@polygon@boost@@Vless_point_down_slope@?$line_intersection@H@23@@std@@YAXPEAV?$point_data@H@polygon@boost@@0Vless_point_down_slope@?$line_intersection@H@23@@Z 0000000180019780 f i minkowski.obj
 0001:000188c0       ??$_Partition_by_median_guess_unchecked@PEAV?$point_data@H@polygon@boost@@Vless_point_down_slope@?$line_intersection@H@23@@std@@YA?AU?$pair@PEAV?$point_data@H@polygon@boost@@PEAV123@@0@PEAV?$point_data@H@polygon@boost@@0Vless_point_down_slope@?$line_intersection@H@34@@Z 00000001800198c0 f i minkowski.obj
 0001:00018b90       ??$_Push_heap_by_index@PEAU?$pair@U?$pair@V?$point_data@H@polygon@boost@@V123@@std@@H@std@@U12@U?$less@X@2@@std@@YAXPEAU?$pair@U?$pair@V?$point_data@H@polygon@boost@@V123@@std@@H@0@_J1$$QEAU10@U?$less@X@0@@Z 0000000180019b90 f i minkowski.obj
 0001:00018cb0       ??$_Med3_unchecked@PEAU?$pair@U?$pair@V?$point_data@H@polygon@boost@@V123@@std@@H@std@@U?$less@X@2@@std@@YAXPEAU?$pair@U?$pair@V?$point_data@H@polygon@boost@@V123@@std@@H@0@00U?$less@X@0@@Z 0000000180019cb0 f i minkowski.obj
 0001:00018f30       ??$_Med3_unchecked@PEAU?$pair@U?$pair@U?$pair@V?$point_data@H@polygon@boost@@V123@@std@@H@std@@PEAVactive_tail_arbitrary@?$polygon_arbitrary_formation@H@polygon@boost@@@std@@U?$_Ref_fn@Vless_incoming_count@?$polygon_arbitrary_formation@H@polygon@boost@@@2@@std@@YAXPEAU?$pair@U?$pair@U?$pair@V?$point_data@H@polygon@boost@@V123@@std@@H@std@@PEAVactive_tail_arbitrary@?$polygon_arbitrary_formation@H@polygon@boost@@@0@00U?$_Ref_fn@Vless_incoming_count@?$polygon_arbitrary_formation@H@polygon@boost@@@0@@Z 0000000180019f30 f i minkowski.obj
 0001:000190c0       ??$_Push_heap_by_index@PEAU?$pair@V?$point_data@H@polygon@boost@@H@std@@U12@U?$_Ref_fn@Vless_half_edge_count@?$polygon_arbitrary_formation@H@polygon@boost@@@2@@std@@YAXPEAU?$pair@V?$point_data@H@polygon@boost@@H@0@_J1$$QEAU10@U?$_Ref_fn@Vless_half_edge_count@?$polygon_arbitrary_formation@H@polygon@boost@@@0@@Z 000000018001a0c0 f i minkowski.obj
 0001:00019290       ??$_Med3_unchecked@PEAU?$pair@V?$point_data@H@polygon@boost@@H@std@@U?$_Ref_fn@Vless_half_edge_count@?$polygon_arbitrary_formation@H@polygon@boost@@@2@@std@@YAXPEAU?$pair@V?$point_data@H@polygon@boost@@H@0@00U?$_Ref_fn@Vless_half_edge_count@?$polygon_arbitrary_formation@H@polygon@boost@@@0@@Z 000000018001a290 f i minkowski.obj
 0001:00019370       ??$_Insert_range@V?$_List_unchecked_const_iterator@V?$_List_val@U?$_List_simple_types@V?$point_data@H@polygon@boost@@@std@@@std@@U_Iterator_base0@2@@std@@@?$vector@V?$point_data@H@polygon@boost@@V?$allocator@V?$point_data@H@polygon@boost@@@std@@@std@@AEAAXV?$_Vector_const_iterator@V?$_Vector_val@U?$_Simple_types@V?$point_data@H@polygon@boost@@@std@@@std@@@1@V?$_List_unchecked_const_iterator@V?$_List_val@U?$_List_simple_types@V?$point_data@H@polygon@boost@@@std@@@std@@U_Iterator_base0@2@@1@1Uforward_iterator_tag@1@@Z 000000018001a370 f i minkowski.obj
 0001:00019670       ??$_Sort_unchecked@PEAU?$pair@HH@std@@U?$less@X@2@@std@@YAXPEAU?$pair@HH@0@0_JU?$less@X@0@@Z 000000018001a670 f i minkowski.obj
 0001:00019920       ??$_Sort_unchecked@PEAV?$point_data@H@polygon@boost@@U?$less@X@std@@@std@@YAXPEAV?$point_data@H@polygon@boost@@0_JU?$less@X@0@@Z 000000018001a920 f i minkowski.obj
 0001:00019ac0       ??$_Pop_heap_hole_by_index@PEAV?$point_data@H@polygon@boost@@V123@Vless_point_down_slope@?$line_intersection@H@23@@std@@YAXPEAV?$point_data@H@polygon@boost@@_J1$$QEAV123@Vless_point_down_slope@?$line_intersection@H@23@@Z 000000018001aac0 f i minkowski.obj
 0001:00019bd0       ??$_Sort_heap_unchecked@PEAU?$pair@HH@std@@U?$less@X@2@@std@@YAXPEAU?$pair@HH@0@0U?$less@X@0@@Z 000000018001abd0 f i minkowski.obj
 0001:00019d40       ??$_Partition_by_median_guess_unchecked@PEAU?$pair@HH@std@@U?$less@X@2@@std@@YA?AU?$pair@PEAU?$pair@HH@std@@PEAU12@@0@PEAU?$pair@HH@0@0U?$less@X@0@@Z 000000018001ad40 f i minkowski.obj
 0001:0001a030       ??$_Make_heap_unchecked@PEAV?$point_data@H@polygon@boost@@U?$less@X@std@@@std@@YAXPEAV?$point_data@H@polygon@boost@@0U?$less@X@0@@Z 000000018001b030 f i minkowski.obj
 0001:0001a160       ??$_Sort_heap_unchecked@PEAV?$point_data@H@polygon@boost@@U?$less@X@std@@@std@@YAXPEAV?$point_data@H@polygon@boost@@0U?$less@X@0@@Z 000000018001b160 f i minkowski.obj
 0001:0001a2d0       ??$_Partition_by_median_guess_unchecked@PEAV?$point_data@H@polygon@boost@@U?$less@X@std@@@std@@YA?AU?$pair@PEAV?$point_data@H@polygon@boost@@PEAV123@@0@PEAV?$point_data@H@polygon@boost@@0U?$less@X@0@@Z 000000018001b2d0 f i minkowski.obj
 0001:0001a5b0       ??$_Med3_unchecked@PEAV?$point_data@H@polygon@boost@@Vless_point_down_slope@?$line_intersection@H@23@@std@@YAXPEAV?$point_data@H@polygon@boost@@00Vless_point_down_slope@?$line_intersection@H@23@@Z 000000018001b5b0 f i minkowski.obj
 0001:0001a630       ??$_Med3_unchecked@PEAU?$pair@HH@std@@U?$less@X@2@@std@@YAXPEAU?$pair@HH@0@00U?$less@X@0@@Z 000000018001b630 f i minkowski.obj
 0001:0001a6c0       ??$_Med3_unchecked@PEAV?$point_data@H@polygon@boost@@U?$less@X@std@@@std@@YAXPEAV?$point_data@H@polygon@boost@@00U?$less@X@0@@Z 000000018001b6c0 f i minkowski.obj
 0001:0001a738       ??0bad_alloc@std@@QEAA@AEBV01@@Z 000000018001b738 f i libcpmt:xthrow.obj
 0001:0001a774       ??0bad_alloc@std@@QEAA@XZ  000000018001b774 f i libcpmt:xthrow.obj
 0001:0001a794       ??0exception@std@@QEAA@AEBV01@@Z 000000018001b794 f i libcpmt:xthrow.obj
 0001:0001a7c8       ??0length_error@std@@QEAA@AEBV01@@Z 000000018001b7c8 f i libcpmt:xthrow.obj
 0001:0001a804       ??0length_error@std@@QEAA@PEBD@Z 000000018001b804 f i libcpmt:xthrow.obj
 0001:0001a84c       ??0logic_error@std@@QEAA@AEBV01@@Z 000000018001b84c f i libcpmt:xthrow.obj
 0001:0001a888       ??1bad_array_new_length@std@@UEAA@XZ 000000018001b888 f i LIBCMT:throw_bad_alloc.obj
 0001:0001a888       ??1bad_alloc@std@@UEAA@XZ  000000018001b888 f i libcpmt:xthrow.obj
 0001:0001a888       ??1length_error@std@@UEAA@XZ 000000018001b888 f i libcpmt:xthrow.obj
 0001:0001a89c       ??_Glogic_error@std@@UEAAPEAXI@Z 000000018001b89c f i libcpmt:xthrow.obj
 0001:0001a89c       ??_Elength_error@std@@UEAAPEAXI@Z 000000018001b89c f i libcpmt:xthrow.obj
 0001:0001a89c       ??_Elogic_error@std@@UEAAPEAXI@Z 000000018001b89c f i libcpmt:xthrow.obj
 0001:0001a89c       ??_Glength_error@std@@UEAAPEAXI@Z 000000018001b89c f i libcpmt:xthrow.obj
 0001:0001a89c       ??_Ebad_array_new_length@std@@UEAAPEAXI@Z 000000018001b89c f i LIBCMT:throw_bad_alloc.obj
 0001:0001a89c       ??_Gexception@std@@UEAAPEAXI@Z 000000018001b89c f i libcpmt:xthrow.obj
 0001:0001a89c       ??_Gbad_array_new_length@std@@UEAAPEAXI@Z 000000018001b89c f i LIBCMT:throw_bad_alloc.obj
[...]
 0002:00009d0c       $unwind$_configure_narrow_argv 0000000180030d0c     libucrt:argv_parsing.obj
 0002:00009d20       $unwind$??$parse_command_line@D@@YAXPEADPEAPEAD0PEA_K2@Z 0000000180030d20     libucrt:argv_parsing.obj
 0002:00009d3c       $unwind$??$free_environment@D@@YAXQEAPEAD@Z 0000000180030d3c     libucrt:environment_initialization.obj
 0002:00009d3c       $unwind$??$free_environment@_W@@YAXQEAPEA_W@Z 0000000180030d3c     libucrt:environment_initialization.obj
 0002:00009d48       $unwind$_execute_onexit_table 0000000180030d48     libucrt:onexit.obj
 0002:00009d50       $unwind$??$?RV<lambda_7777bce6b2f8c936911f934f8298dc43>@@AEAV<lambda_f03950bc5685219e0bcd2087efbe011e>@@V<lambda_3883c3dff614d5e0c5f61bb1ac94921c>@@@?$__crt_seh_guarded_call@H@@QEAAH$$QEAV<lambda_7777bce6b2f8c936911f934f8298dc43>@@AEAV<lambda_f03950bc5685219e0bcd2087efbe011e>@@$$QEAV<lambda_3883c3dff614d5e0c5f61bb1ac94921c>@@@Z 0000000180030d50     libucrt:onexit.obj
 0002:00009d74       $unwind$terminate          0000000180030d74     libucrt:terminate.obj
 0002:00009d98       $xdatasym                  0000000180030d98     libucrt:strncmp.obj
 0002:00009d9c       $unwind$_free_base         0000000180030d9c     libucrt:free_base.obj
 0002:00009d9c       $unwind$?destroy_fls@@YAXPEAX@Z 0000000180030d9c     libucrt:per_thread_data.obj
 0002:00009d9c       $unwind$__acrt_locale_free_numeric 0000000180030d9c     libucrt:initnum.obj
 0002:00009d9c       $unwind$__acrt_locale_free_lc_time_if_unreferenced 0000000180030d9c     libucrt:locale_refcounting.obj
 0002:00009da4       $unwind$?construct_ptd_array@@YAXQEAU__acrt_ptd@@@Z 0000000180030da4     libucrt:per_thread_data.obj
 0002:00009dac       $unwind$?destroy_ptd_array@@YAXQEAU__acrt_ptd@@@Z 0000000180030dac     libucrt:per_thread_data.obj
 0002:00009db4       $unwind$??$?RV<lambda_0ae27a3a962d80f24befdcbee591983d>@@AEAV<lambda_8d0ee55de4b1038c4002e0adecdf1839>@@V<lambda_dc504788e8f1664fe9b84e20bfb512f2>@@@?$__crt_seh_guarded_call@X@@QEAAX$$QEAV<lambda_0ae27a3a962d80f24befdcbee591983d>@@AEAV<lambda_8d0ee55de4b1038c4002e0adecdf1839>@@$$QEAV<lambda_dc504788e8f1664fe9b84e20bfb512f2>@@@Z 0000000180030db4     libucrt:per_thread_data.obj
 0002:00009dd8       $unwind$??$?RV<lambda_aa87e3671a710a21b5dc78c0bdf72e11>@@AEAV<lambda_92619d2358a28f41a33ba319515a20b9>@@V<lambda_6992ecaafeb10aed2b74cb1fae11a551>@@@?$__crt_seh_guarded_call@X@@QEAAX$$QEAV<lambda_aa87e3671a710a21b5dc78c0bdf72e11>@@AEAV<lambda_92619d2358a28f41a33ba319515a20b9>@@$$QEAV<lambda_6992ecaafeb10aed2b74cb1fae11a551>@@@Z 0000000180030dd8     libucrt:per_thread_data.obj
 0002:00009dfc       $unwind$??$?RV<lambda_f2e299630e499de9f9a165e60fcd3db5>@@AEAV<lambda_2ae9d31cdba2644fcbeaf08da7c24588>@@V<lambda_40d01ff24d0e7b3814fdbdcee8eab3c7>@@@?$__crt_seh_guarded_call@X@@QEAAX$$QEAV<lambda_f2e299630e499de9f9a165e60fcd3db5>@@AEAV<lambda_2ae9d31cdba2644fcbeaf08da7c24588>@@$$QEAV<lambda_40d01ff24d0e7b3814fdbdcee8eab3c7>@@@Z 0000000180030dfc     libucrt:per_thread_data.obj
 0002:00009e20       $unwind$??$?RV<lambda_2d41944a1d46af3157314b8a01080d33>@@AEAV<lambda_8f455de75cd7d7f24b4096f044d8b9e6>@@V<lambda_aa500f224e6afead328df44964fe2772>@@@?$__crt_seh_guarded_call@X@@QEAAX$$QEAV<lambda_2d41944a1d46af3157314b8a01080d33>@@AEAV<lambda_8f455de75cd7d7f24b4096f044d8b9e6>@@$$QEAV<lambda_aa500f224e6afead328df44964fe2772>@@@Z 0000000180030e20     libucrt:per_thread_data.obj
 0002:00009e44       $unwind$__acrt_uninitialize_locale 0000000180030e44     libucrt:wsetlocale.obj
 0002:00009e44       $unwind$__acrt_get_sigabrt_handler 0000000180030e44     libucrt:signal.obj
 0002:00009e4c       $unwind$??$?RV<lambda_410d79af7f07d98d83a3f525b3859a53>@@AEAV<lambda_3e16ef9562a7dcce91392c22ab16ea36>@@V<lambda_38119f0e861e05405d8a144b9b982f0a>@@@?$__crt_seh_guarded_call@X@@QEAAX$$QEAV<lambda_410d79af7f07d98d83a3f525b3859a53>@@AEAV<lambda_3e16ef9562a7dcce91392c22ab16ea36>@@$$QEAV<lambda_38119f0e861e05405d8a144b9b982f0a>@@@Z 0000000180030e4c     libucrt:wsetlocale.obj
 0002:00009e74       $unwind$??$__acrt_mbs_to_wcs_cp@U__crt_win32_buffer_internal_dynamic_resizing@@@@YAHQEBDAEAV?$__crt_win32_buffer@_WU__crt_win32_buffer_internal_dynamic_resizing@@@@I@Z 0000000180030e74     libucrt:argv_wildcards.obj
 0002:00009e8c       $unwind$__dcrt_get_narrow_environment_from_os 0000000180030e8c     libucrt:get_environment_from_os.obj
 0002:00009e8c       $unwind$??$__acrt_wcs_to_mbs_cp@U__crt_win32_buffer_internal_dynamic_resizing@@@@YAHQEB_WAEAV?$__crt_win32_buffer@DU__crt_win32_buffer_internal_dynamic_resizing@@@@I@Z 0000000180030e8c     libucrt:argv_wildcards.obj
 0002:00009ea4       $unwind$??$common_expand_argv_wildcards@D@@YAHQEAPEADQEAPEAPEAD@Z 0000000180030ea4     libucrt:argv_wildcards.obj
 0002:00009ebc       $unwind$??$copy_and_add_argument_to_buffer@D@@YAHQEBD0_KAEAV?$argument_list@D@?A0x5f5c8891@@@Z 0000000180030ebc     libucrt:argv_wildcards.obj
 0002:00009ed8       $unwind$??$expand_argument_wildcards@D@@YAHQEAD0AEAV?$argument_list@D@?A0x5f5c8891@@@Z 0000000180030ed8     libucrt:argv_wildcards.obj
 0002:00009efc       $unwind$__acrt_GetModuleFileNameA 0000000180030efc     libucrt:getmodulefilenamea.obj
 0002:00009f18       $unwind$__dcrt_write_console 0000000180030f18     libucrt:initcon.obj
 0002:00009f18       $unwind$??$__acrt_wcs_to_mbs_cp@U__crt_win32_buffer_no_resizing@@@@YAHQEB_WAEAV?$__crt_win32_buffer@DU__crt_win32_buffer_no_resizing@@@@I@Z 0000000180030f18     libucrt:getmodulefilenamea.obj
 0002:00009f2c       $unwind$_setmbcp_nolock    0000000180030f2c     libucrt:mbctype.obj
 0002:00009f4c       $unwind$__dcrt_lowio_ensure_console_output_initialized 0000000180030f4c     libucrt:initcon.obj
 0002:00009f4c       $unwind$_isleadbyte_l      0000000180030f4c     libucrt:_wctype.obj
 0002:00009f4c       $unwind$?getSystemCP@@YAHH@Z 0000000180030f4c     libucrt:mbctype.obj
 0002:00009f54       $unwind$?update_thread_multibyte_data_internal@@YAPEAU__crt_multibyte_data@@QEAU__acrt_ptd@@QEAPEAU1@@Z 0000000180030f54     libucrt:mbctype.obj
 0002:00009f7c       $unwind$?setmbcp_internal@@YAHH_NQEAU__acrt_ptd@@QEAPEAU__crt_multibyte_data@@@Z 0000000180030f7c     libucrt:mbctype.obj
 0002:00009f8c       $unwind$?setSBUpLow@@YAXPEAU__crt_multibyte_data@@@Z 0000000180030f8c     libucrt:mbctype.obj
 0002:00009fa8       $unwind$??$?RV<lambda_efdfa57d1f175319df784efa44bb7b81>@@AEAV<lambda_5f0a4c1567f8adc6734073e5d1e1b35c>@@V<lambda_2e8a7d3640ea6ccb4c2413664c2db6fd>@@@?$__crt_seh_guarded_call@X@@QEAAX$$QEAV<lambda_efdfa57d1f175319df784efa44bb7b81>@@AEAV<lambda_5f0a4c1567f8adc6734073e5d1e1b35c>@@$$QEAV<lambda_2e8a7d3640ea6ccb4c2413664c2db6fd>@@@Z 0000000180030fa8     libucrt:mbctype.obj
 0002:00009fcc       $unwind$?x_ismbbtype_l@@YAHPEAU__crt_locale_pointers@@IHH@Z 0000000180030fcc     libucrt:ismbbyte.obj
 0002:00009fdc       $unwind$__acrt_WideCharToMultiByte 0000000180030fdc     libucrt:widechartomultibyte.obj
 0002:00009fe8       $unwind$__acrt_initialize_winapi_thunks 0000000180030fe8     libucrt:winapi_thunks.obj
 0002:00009ff0       $unwind$_mbtowc_l          0000000180030ff0     libucrt:mbtowc.obj
 0002:00009ff0       $unwind$__acrt_LCMapStringEx 0000000180030ff0     libucrt:winapi_thunks.obj
 0002:0000a004       $unwind$__acrt_initialize_lowio 0000000180031004     libucrt:ioinit.obj
 0002:0000a024       $unwind$?initialize_inherited_file_handles_nolock@@YAXXZ 0000000180031024     libucrt:ioinit.obj
 0002:0000a040       $unwind$?initialize_stdio_handles_nolock@@YAXXZ 0000000180031040     libucrt:ioinit.obj
 0002:0000a040       $unwind$__acrt_initialize_stdio 0000000180031040     libucrt:_file.obj
 0002:0000a058       $unwind$raise              0000000180031058     libucrt:signal.obj
 0002:0000a094       $unwind$??$?RV<lambda_450d765d439847d4c735a33c368b5fc0>@@AEAV<lambda_44731a7d0e6d81c3e6aa82d741081786>@@V<lambda_601a2a7da3b7a96e9554ac7215c4b07c>@@@?$__crt_seh_guarded_call@P6AXH@Z@@QEAAP6AXH@Z$$QEAV<lambda_450d765d439847d4c735a33c368b5fc0>@@AEAV<lambda_44731a7d0e6d81c3e6aa82d741081786>@@$$QEAV<lambda_601a2a7da3b7a96e9554ac7215c4b07c>@@@Z 0000000180031094     libucrt:signal.obj
 0002:0000a0b8       $unwind$?common_flush_all@@YAH_N@Z 00000001800310b8     libucrt:fflush.obj
 0002:0000a0c0       $unwind$??$?RV<lambda_842d9ff0dc9ef11c61343bbaebe7f885>@@AEAV<lambda_c5860995281e5c4ce005b3de8f5874ee>@@V<lambda_d90129c13df834fdcbf8d2b88dafcf2d>@@@?$__crt_seh_guarded_call@X@@QEAAX$$QEAV<lambda_842d9ff0dc9ef11c61343bbaebe7f885>@@AEAV<lambda_c5860995281e5c4ce005b3de8f5874ee>@@$$QEAV<lambda_d90129c13df834fdcbf8d2b88dafcf2d>@@@Z 00000001800310c0     libucrt:fflush.obj
 0002:0000a0e4       $unwind$??$?RV<lambda_886d6c58226a84441f68b9f2b8217b83>@@AEAV<lambda_ab61a845afdef5b7c387490eaf3616ee>@@V<lambda_f7f22ab5edc0698d5f6905b0d3f44752>@@@?$__crt_seh_guarded_call@X@@QEAAX$$QEAV<lambda_886d6c58226a84441f68b9f2b8217b83>@@AEAV<lambda_ab61a845afdef5b7c387490eaf3616ee>@@$$QEAV<lambda_f7f22ab5edc0698d5f6905b0d3f44752>@@@Z 00000001800310e4     libucrt:fflush.obj
 0002:0000a10c       $unwind$__acrt_update_thread_locale_data 000000018003110c     libucrt:locale_refcounting.obj
 0002:0000a130       $unwind$__acrt_locale_free_monetary 0000000180031130     libucrt:initmon.obj
 0002:0000a138       $unwind$__acrt_locale_free_time 0000000180031138     libucrt:inittime.obj
 0002:0000a148       $unwind$__acrt_GetStringTypeA 0000000180031148     libucrt:getstringtypea.obj
 0002:0000a170       $unwind$qsort              0000000180031170     libucrt:qsort.obj
 0002:0000a188       $chain$4$qsort             0000000180031188     libucrt:qsort.obj
 0002:0000a1ac       $chain$5$qsort             00000001800311ac     libucrt:qsort.obj
 0002:0000a1bc       $unwind$strpbrk            00000001800311bc     libucrt:strpbrk.obj
 0002:0000a1cc       $unwind$fallbackMethod     00000001800311cc     libucrt:strpbrk.obj
 0002:0000a1dc       $unwind$_mbsdec_l          00000001800311dc     libucrt:mbsdec.obj
 0002:0000a1e8       $unwind$__acrt_LCMapStringA 00000001800311e8     libucrt:lcmapstringa.obj
 0002:0000a1f8       $unwind$?__acrt_LCMapStringA_stat@@YAHPEAU__crt_locale_pointers@@PEB_WKPEBDHPEADHHH@Z 00000001800311f8     libucrt:lcmapstringa.obj
 0002:0000a220       $unwind$__acrt_lowio_ensure_fh_exists 0000000180031220     libucrt:osfinfo.obj
 0002:0000a24c       $unwind$_close             000000018003124c     libucrt:close.obj
 0002:0000a24c       $unwind$_commit            000000018003124c     libucrt:commit.obj
 0002:0000a254       $unwind$??$?RV<lambda_a37b2b86f63e897a80ea819b0eb08c01>@@AEAV<lambda_38ce7e780aa69e748d6df282ebc68efe>@@V<lambda_99fb1378e971ab6e7edea83e3a7a83a2>@@@?$__crt_seh_guarded_call@H@@QEAAH$$QEAV<lambda_a37b2b86f63e897a80ea819b0eb08c01>@@AEAV<lambda_38ce7e780aa69e748d6df282ebc68efe>@@$$QEAV<lambda_99fb1378e971ab6e7edea83e3a7a83a2>@@@Z 0000000180031254     libucrt:commit.obj
 0002:0000a278       $unwind$_write             0000000180031278     libucrt:write.obj
 0002:0000a2a8       $unwind$_write_nolock      00000001800312a8     libucrt:write.obj
 0002:0000a2c0       $unwind$?write_double_translated_ansi_nolock@@YA?AUwrite_result@?A0x17268360@@HQEBDI@Z 00000001800312c0     libucrt:write.obj
 0002:0000a2e4       $unwind$?write_text_ansi_nolock@@YA?AUwrite_result@?A0x17268360@@HQEBDI@Z 00000001800312e4     libucrt:write.obj
 0002:0000a2e4       $unwind$?write_text_utf16le_nolock@@YA?AUwrite_result@?A0x17268360@@HQEBDI@Z 00000001800312e4     libucrt:write.obj
 0002:0000a304       $unwind$?write_text_utf8_nolock@@YA?AUwrite_result@?A0x17268360@@HQEBDI@Z 0000000180031304     libucrt:write.obj
 0002:0000a328       $unwind$_fcloseall         0000000180031328     libucrt:closeall.obj
 0002:0000a34c       $unwind$?__mbsrtowcs_utf8@__crt_mbstring@@YA_KPEA_WPEAPEBD_KPEAU_Mbstatet@@@Z 000000018003134c     libucrt:mbrtowc.obj
 0002:0000a364       $unwind$_putwch_nolock     0000000180031364     libucrt:putwch.obj
 0002:0000a36c       $unwind$fclose             000000018003136c     libucrt:fclose.obj
 0002:0000a390       $unwind$?__mbrtoc32_utf8@__crt_mbstring@@YA_KPEA_UPEBD_KPEAU_Mbstatet@@@Z 0000000180031390     libucrt:mbrtoc32.obj
 0002:0000a3b0       $xdatasym                  00000001800313b0     libucrt:log10.obj
 0002:0000a3bc       $unwind$??$?RV<lambda_751a882b2c74d4b022dec766aa51a29a>@@AEAV<lambda_628dfdc04ba53c8bfc02c9951375f3f5>@@V<lambda_f6c7be5f7998530c34de24c7437d6b54>@@@?$__crt_seh_guarded_call@H@@QEAAH$$QEAV<lambda_751a882b2c74d4b022dec766aa51a29a>@@AEAV<lambda_628dfdc04ba53c8bfc02c9951375f3f5>@@$$QEAV<lambda_f6c7be5f7998530c34de24c7437d6b54>@@@Z 00000001800313bc     libucrt:close.obj
 0002:0000a3e0       $unwind$_call_matherr      00000001800313e0     libucrt:libm_error.obj
 0002:0000a3e8       $unwind$_handle_error      00000001800313e8     libucrt:libm_error.obj
 0002:0000a408       $unwind$__acrt_initialize_fma3 0000000180031408     libucrt:fma3_available.obj
 0002:0000a410       $unwind$_log_special_common 0000000180031410     libucrt:log_special.obj
 0002:0000a420       $xdatasym                  0000000180031420     libucrt:fpsr.obj
 0002:0000a428       $unwind$_raise_exc_ex      0000000180031428     libucrt:fpexcept.obj
 0002:0000a43c       $unwind$_ctrlfp            000000018003143c     libucrt:fpctrl.obj
 0002:0000a464       $unwind$_IsNonwritableInCurrentImage 0000000180031464     LIBCMT:pesect.obj
 0002:0000a488       $unwind$__GSHandlerCheckCommon 0000000180031488     LIBCMT:gshandler.obj
 0002:0000a490       $xdatasym                  0000000180031490     LIBCMT:chkstk.obj
 0002:0000a498       $xdatasym                  0000000180031498     libvcruntime:memcmp.obj
 0002:0000a620       .edata                     0000000180031620     addon.exp
 0002:0000a648       rgpv                       0000000180031648     addon.exp
 0002:0000a64c       rgszName                   000000018003164c     addon.exp
 0002:0000a650       rgwOrd                     0000000180031650     addon.exp
 0002:0000a652       szName                     0000000180031652     addon.exp
 0002:0000a65d       $N00001                    000000018003165d     addon.exp
 0002:0000a9c8       .idata$6                   00000001800319c8     kernel32:KERNEL32.dll
 0002:0000b1b2       .idata$6                   00000001800321b2     iojs:node.dll
 0003:00000030       ?__vcrt_flsindex@@3KA      0000000180033030     libvcruntime:per_thread_data.obj
 0003:00000050       ?__acrt_flsindex@@3KA      0000000180033050     libucrt:per_thread_data.obj
 0003:00000054       ?errno_no_memory@@3HA      0000000180033054     libucrt:errno.obj
 0003:00000058       ?doserrno_no_memory@@3KA   0000000180033058     libucrt:errno.obj
 0003:00000400       _mbctypes                  0000000180033400     libucrt:mbctype.obj
 0003:00000510       _mbcasemaps                0000000180033510     libucrt:mbctype.obj
 0003:00000610       ?__rgctypeflag@@3PADA      0000000180033610     libucrt:mbctype.obj
 0003:00000620       ?__rgcode_page_info@@3PAUcode_page_info@@A 0000000180033620     libucrt:mbctype.obj
 0003:000009c0       ?__dcrt_lowio_console_output_handle@@3PEAXEA 00000001800339c0     libucrt:initcon.obj
 0003:000009d0       ?dazSupported@?1??_ctrlfp@@9@9 00000001800339d0     libucrt:fpctrl.obj
 0003:000009e0       _module                    00000001800339e0     addon.obj
 0003:00000b18       ?__proc_attached@@3HA      0000000180033b18     LIBCMT:dll_dllmain.obj
 0003:00000b20       GS_ExceptionRecord         0000000180033b20     LIBCMT:gs_report.obj
 0003:00000bc0       GS_ContextRecord           0000000180033bc0     LIBCMT:gs_report.obj
 0003:000010c0       ?is_initialized_as_dll@@3_NA 00000001800340c0     LIBCMT:utility.obj
 0003:000010c1       ?module_local_atexit_table_initialized@@3_NA 00000001800340c1     LIBCMT:utility.obj
 0003:000010c8       ?module_local_atexit_table@@3U_onexit_table_t@@A 00000001800340c8     LIBCMT:utility.obj
 0003:000010e0       ?module_local_at_quick_exit_table@@3U_onexit_table_t@@A 00000001800340e0     LIBCMT:utility.obj
 0003:00001158       ?heap@@3V_HeapManager@@A   0000000180034158     libvcruntime:undname.obj
 0003:00001180       ?__vcrt_startup_thread_ptd@@3U__vcrt_ptd@@A 0000000180034180     libvcruntime:per_thread_data.obj
 0003:00001200       __vcrt_lock_table          0000000180034200     libvcruntime:locks.obj
 0003:00001228       __vcrt_locks_initialized   0000000180034228     libvcruntime:locks.obj
 0003:00001230       ?module_handles@@3PAPEAUHINSTANCE__@@A 0000000180034230     libvcruntime:winapi_downlevel.obj
 0003:00001248       ?function_pointers@@3PAPEAXA 0000000180034248     libvcruntime:winapi_downlevel.obj
 0003:00001278       ?__acrt_invalid_parameter_handler@@3V?$dual_state_global@P6AXPEB_W00I_K@Z@__crt_state_management@@A 0000000180034278     libucrt:invalid_parameter.obj
 0003:00001280       ?__acrt_new_handler@@3V?$dual_state_global@P6AH_K@Z@__crt_state_management@@A 0000000180034280     libucrt:new_handler.obj
 0003:00001288       ?c_termination_complete@@3JA 0000000180034288     libucrt:exit.obj
 0003:00001290       ?thread_local_exit_callback_func@@3P6AXPEAXK0@ZEA 0000000180034290     libucrt:exit.obj
 0003:000012a0       ?program_name@?1???$common_configure_argv@D@@YAHW4_crt_argv_mode@@@Z@4PADA 00000001800342a0     libucrt:argv_parsing.obj
 0003:00001410       ?__acrt_lock_table@@3PAU_RTL_CRITICAL_SECTION@@A 0000000180034410     libucrt:locks.obj
 0003:00001640       ?__acrt_locks_initialized@@3IA 0000000180034640     libucrt:locks.obj
 0003:00001660       ?fSystemSet@@3HA           0000000180034660     libucrt:mbctype.obj
 0003:00001664       ?initialized@?1??__acrt_initialize_multibyte@@9@4_NA 0000000180034664     libucrt:mbctype.obj
 0003:000016a0       ?module_handles@@3PAPEAUHINSTANCE__@@A 00000001800346a0     libucrt:winapi_thunks.obj
 0003:00001740       ?encoded_function_pointers@@3PAPEAXA 0000000180034740     libucrt:winapi_thunks.obj
 0003:00001c68       ?ctrlc_action@@3V?$dual_state_global@P6AXH@Z@__crt_state_management@@A 0000000180034c68     libucrt:signal.obj
 0003:00001c70       ?ctrlbreak_action@@3V?$dual_state_global@P6AXH@Z@__crt_state_management@@A 0000000180034c70     libucrt:signal.obj
 0003:00001c78       ?abort_action@@3V?$dual_state_global@P6AXH@Z@__crt_state_management@@A 0000000180034c78     libucrt:signal.obj
 0003:00001c80       ?term_action@@3V?$dual_state_global@P6AXH@Z@__crt_state_management@@A 0000000180034c80     libucrt:signal.obj
 0003:00001c88       ?user_matherr@@3V?$dual_state_global@P6AHPEAU_exception@@@Z@__crt_state_management@@A 0000000180034c88     libucrt:matherr.obj
 0003:00001cb0       ?internal_state@?1??_mbtowc_l@@9@4U_Mbstatet@@A 0000000180034cb0     libucrt:mbtowc.obj
 0003:00001cc0       ?__acrt_global_new_mode@@3V?$dual_state_global@J@__crt_state_management@@A 0000000180034cc0     libucrt:new_mode.obj
 0003:00001cc4       ?__acrt_app_type@@3W4_crt_app_type@@A 0000000180034cc4     libucrt:report_runtime_error.obj
 0003:00001cc8       ?internal_pst@?1??__mbrtoc32_utf8@__crt_mbstring@@YA_KPEA_UPEBD_KPEAU_Mbstatet@@@Z@4U3@A 0000000180034cc8     libucrt:mbrtoc32.obj
 0005:00000000       MsetTab                    0000000180037000     libvcruntime:memset.obj
 0005:00000050       MoveSmall                  0000000180037050     libvcruntime:memcpy.obj
 0005:00000090       MoveSmallYmm               0000000180037090     libvcruntime:memcpy.obj
 0005:000000b4       MoveSmallYmmNT             00000001800370b4     libvcruntime:memcpy.obj
 0005:000000d8       MoveSmallXmm               00000001800370d8     libvcruntime:memcpy.obj
 0006:00000060       $R000000                   0000000180038060     * linker generated manifest res *

 Exports

  ordinal    name

        1    _register_addon_
