 addon

 Timestamp is 615d9c3a (Wed Oct  6 15:53:14 2021)

 Preferred load address is 0000000180000000

 Start         Length     Name                   Class
 0001:00000000 00024a10H .text$mn                CODE
 0001:00024a10 00000020H .text$mn$00             CODE
 0001:00024a30 00000250H .text$x                 CODE
 0002:00000000 00000318H .idata$5                DATA
 0002:00000318 00000010H .00cfg                  DATA
 0002:00000328 00000008H .CRT$XCA                DATA
 0002:00000330 00000008H .CRT$XCU                DATA
 0002:00000338 00000008H .CRT$XCZ                DATA
 0002:00000340 00000008H .CRT$XIA                DATA
 0002:00000348 00000018H .CRT$XIC                DATA
 0002:00000360 00000008H .CRT$XIZ                DATA
 0002:00000368 00000008H .CRT$XPA                DATA
 0002:00000370 00000010H .CRT$XPX                DATA
 0002:00000380 00000008H .CRT$XPXA               DATA
 0002:00000388 00000008H .CRT$XPZ                DATA
 0002:00000390 00000008H .CRT$XTA                DATA
 0002:00000398 00000008H .CRT$XTZ                DATA
 0002:000003a0 00000000H .gfids$y                DATA
 0002:000003a0 00007330H .rdata                  DATA
 0002:000076d0 000002fcH .rdata$r                DATA
 0002:000079cc 00000324H .rdata$zzzdbg           DATA
 0002:00007cf0 00000008H .rtc$IAA                DATA
 0002:00007cf8 00000008H .rtc$IZZ                DATA
 0002:00007d00 00000008H .rtc$TAA                DATA
 0002:00007d08 00000008H .rtc$TZZ                DATA
 0002:00007d10 000027b0H .xdata                  DATA
 0002:0000a4c0 00000180H .xdata$x                DATA
 0002:0000a640 00000050H .edata                  DATA
 0002:0000a690 00000028H .idata$2                DATA
 0002:0000a6b8 00000018H .idata$3                DATA
 0002:0000a6d0 00000318H .idata$4                DATA
 0002:0000a9e8 00000cdcH .idata$6                DATA
 0003:00000000 00000a20H .data                   DATA
 0003:00000a20 000000f0H .data$r                 DATA
 0003:00000b10 000011e0H .bss                    DATA
 0004:00000000 0000216cH .pdata                  DATA
 0005:00000000 00000060H .rsrc$01                DATA
 0005:00000060 00000180H .rsrc$02                DATA

  Address         Publics by Value              Rva+Base               Lib:Object

 0000:00000000       __volatile_metadata        0000000000000000     <absolute>
 0000:00000000       __hybrid_code_map          0000000000000000     <absolute>
 0000:00000000       __hybrid_code_map_count    0000000000000000     <absolute>
 0000:00000000       __guard_fids_count         0000000000000000     <absolute>
 0000:00000000       __guard_longjmp_count      0000000000000000     <absolute>
 0000:00000000       __guard_longjmp_table      0000000000000000     <absolute>
 0000:00000000       __guard_iat_count          0000000000000000     <absolute>
 0000:00000000       __guard_iat_table          0000000000000000     <absolute>
 0000:00000000       ___safe_se_handler_count   0000000000000000     <absolute>
 0000:00000000       __enclave_config           0000000000000000     <absolute>
 0000:00000000       ___safe_se_handler_table   0000000000000000     <absolute>
 0000:00000000       __guard_fids_table         0000000000000000     <absolute>
 0000:00000000       __hybrid_auxiliary_iat     0000000000000000     <absolute>
 0000:00000000       __dynamic_value_reloc_table 0000000000000000     <absolute>
 0000:00000100       __guard_flags              0000000000000100     <absolute>
 0000:00000000       __ImageBase                0000000180000000     <linker-defined>
 0001:000000d0       ?InitAll@@YAXV?$Local@VObject@v8@@@v8@@@Z 00000001800010d0 f   addon.obj
 0001:000002e0       ?convolve_two_polygon_sets@@YAXAEAV?$polygon_set_data@H@polygon@boost@@AEBV123@1@Z 00000001800012e0 f   minkowski.obj
 0001:00000750       ??1?$polygon_with_holes_data@H@polygon@boost@@QEAA@XZ 0000000180001750 f i minkowski.obj
 0001:000007d0       ?calculateNFP@@YAXAEBV?$FunctionCallbackInfo@VValue@v8@@@Nan@@@Z 00000001800017d0 f   minkowski.obj
 0001:000016d0       ??0?$polygon_with_holes_data@H@polygon@boost@@QEAA@AEBV012@@Z 00000001800026d0 f i minkowski.obj
 0001:00001790       ?_Tidy@?$vector@V?$point_data@H@polygon@boost@@V?$allocator@V?$point_data@H@polygon@boost@@@std@@@std@@AEAAXXZ 0000000180002790 f i minkowski.obj
 0001:00001790       ?_Tidy@?$vector@U?$pair@HH@std@@V?$allocator@U?$pair@HH@std@@@2@@std@@AEAAXXZ 0000000180002790 f i minkowski.obj
 0001:000017f0       ?clear@?$list@V?$polygon_data@H@polygon@boost@@V?$allocator@V?$polygon_data@H@polygon@boost@@@std@@@std@@QEAAXXZ 00000001800027f0 f i minkowski.obj
 0001:000018a0       ?_Tidy@?$vector@U?$pair@U?$pair@V?$point_data@H@polygon@boost@@V123@@std@@H@std@@V?$allocator@U?$pair@U?$pair@V?$point_data@H@polygon@boost@@V123@@std@@H@std@@@2@@std@@AEAAXXZ 00000001800028a0 f i minkowski.obj
 0001:00001920       ?_Buy@?$vector@V?$point_data@H@polygon@boost@@V?$allocator@V?$point_data@H@polygon@boost@@@std@@@std@@AEAA_N_K@Z 0000000180002920 f i minkowski.obj
 0001:00001920       ?_Buy@?$vector@U?$pair@HH@std@@V?$allocator@U?$pair@HH@std@@@2@@std@@AEAA_N_K@Z 0000000180002920 f i minkowski.obj
 0001:000019d0       ?_Xlength@?$vector@PEAVactive_tail_arbitrary@?$polygon_arbitrary_formation@H@polygon@boost@@V?$allocator@PEAVactive_tail_arbitrary@?$polygon_arbitrary_formation@H@polygon@boost@@@std@@@std@@CAXXZ 00000001800029d0 f i minkowski.obj
 0001:000019d0       ?_Xlength@?$vector@U?$pair@U?$pair@V?$point_data@H@polygon@boost@@V123@@std@@U?$pair@HH@2@@std@@V?$allocator@U?$pair@U?$pair@V?$point_data@H@polygon@boost@@V123@@std@@U?$pair@HH@2@@std@@@2@@std@@CAXXZ 00000001800029d0 f i minkowski.obj
 0001:000019d0       ?_Xlength@?$vector@V?$polygon_data@H@polygon@boost@@V?$allocator@V?$polygon_data@H@polygon@boost@@@std@@@std@@CAXXZ 00000001800029d0 f i minkowski.obj
 0001:000019d0       ?_Xlength@?$vector@U?$pair@U?$pair@U?$pair@V?$point_data@H@polygon@boost@@V123@@std@@H@std@@PEAVactive_tail_arbitrary@?$polygon_arbitrary_formation@H@polygon@boost@@@std@@V?$allocator@U?$pair@U?$pair@U?$pair@V?$point_data@H@polygon@boost@@V123@@std@@H@std@@PEAVactive_tail_arbitrary@?$polygon_arbitrary_formation@H@polygon@boost@@@std@@@2@@std@@CAXXZ 00000001800029d0 f i minkowski.obj
 0001:000019d0       ?_Xlength@?$vector@U?$pair@Vvertex_half_edge@?$scanline_base@H@polygon@boost@@PEAVactive_tail_arbitrary@?$polygon_arbitrary_formation@H@34@@std@@V?$allocator@U?$pair@Vvertex_half_edge@?$scanline_base@H@polygon@boost@@PEAVactive_tail_arbitrary@?$polygon_arbitrary_formation@H@34@@std@@@2@@std@@CAXXZ 00000001800029d0 f i minkowski.obj
 0001:000019d0       ?_Xlength@?$vector@HV?$allocator@H@std@@@std@@CAXXZ 00000001800029d0 f i minkowski.obj
 0001:000019d0       ?_Xlength@?$vector@V?$_Tree_iterator@V?$_Tree_val@U?$_Tree_simple_types@U?$pair@$$CBVvertex_half_edge@?$scanline_base@H@polygon@boost@@PEAVactive_tail_arbitrary@?$polygon_arbitrary_formation@H@34@@std@@@std@@@std@@@std@@V?$allocator@V?$_Tree_iterator@V?$_Tree_val@U?$_Tree_simple_types@U?$pair@$$CBVvertex_half_edge@?$scanline_base@H@polygon@boost@@PEAVactive_tail_arbitrary@?$polygon_arbitrary_formation@H@34@@std@@@std@@@std@@@std@@@2@@std@@CAXXZ 00000001800029d0 f i minkowski.obj
 0001:000019d0       ?_Xlength@?$vector@V?$set@V?$point_data@H@polygon@boost@@U?$less@V?$point_data@H@polygon@boost@@@std@@V?$allocator@V?$point_data@H@polygon@boost@@@5@@std@@V?$allocator@V?$set@V?$point_data@H@polygon@boost@@U?$less@V?$point_data@H@polygon@boost@@@std@@V?$allocator@V?$point_data@H@polygon@boost@@@5@@std@@@2@@std@@CAXXZ 00000001800029d0 f i minkowski.obj
 0001:000019d0       ?_Xlength@?$vector@U?$pair@V?$point_data@H@polygon@boost@@H@std@@V?$allocator@U?$pair@V?$point_data@H@polygon@boost@@H@std@@@2@@std@@CAXXZ 00000001800029d0 f i minkowski.obj
 0001:000019d0       ?_Xlength@?$vector@V?$_Tree_iterator@V?$_Tree_val@U?$_Tree_simple_types@U?$pair@$$CBU?$pair@V?$point_data@H@polygon@boost@@V123@@std@@V?$vector@U?$pair@HH@std@@V?$allocator@U?$pair@HH@std@@@2@@2@@std@@@std@@@std@@@std@@V?$allocator@V?$_Tree_iterator@V?$_Tree_val@U?$_Tree_simple_types@U?$pair@$$CBU?$pair@V?$point_data@H@polygon@boost@@V123@@std@@V?$vector@U?$pair@HH@std@@V?$allocator@U?$pair@HH@std@@@2@@2@@std@@@std@@@std@@@std@@@2@@std@@CAXXZ 00000001800029d0 f i minkowski.obj
 0001:000019d0       ?_Xlength@?$vector@V?$polygon_with_holes_data@H@polygon@boost@@V?$allocator@V?$polygon_with_holes_data@H@polygon@boost@@@std@@@std@@CAXXZ 00000001800029d0 f i minkowski.obj
 0001:000019d0       ?_Xlength@?$vector@U?$pair@U?$pair@V?$point_data@H@polygon@boost@@V123@@std@@H@std@@V?$allocator@U?$pair@U?$pair@V?$point_data@H@polygon@boost@@V123@@std@@H@std@@@2@@std@@CAXXZ 00000001800029d0 f i minkowski.obj
 0001:000019d0       ?_Xlength@?$vector@U?$pair@HU?$pair@_K_K@std@@@std@@V?$allocator@U?$pair@HU?$pair@_K_K@std@@@std@@@2@@std@@CAXXZ 00000001800029d0 f i minkowski.obj
 0001:000019d0       ?_Xlength@?$vector@U?$pair@U?$pair@V?$point_data@H@polygon@boost@@V123@@std@@V?$vector@U?$pair@HH@std@@V?$allocator@U?$pair@HH@std@@@2@@2@@std@@V?$allocator@U?$pair@U?$pair@V?$point_data@H@polygon@boost@@V123@@std@@V?$vector@U?$pair@HH@std@@V?$allocator@U?$pair@HH@std@@@2@@2@@std@@@2@@std@@CAXXZ 00000001800029d0 f i minkowski.obj
 0001:000019d0       ?_Xlength@?$vector@Vvertex_half_edge@?$scanline_base@H@polygon@boost@@V?$allocator@Vvertex_half_edge@?$scanline_base@H@polygon@boost@@@std@@@std@@CAXXZ 00000001800029d0 f i minkowski.obj
 0001:000019d0       ?_Xlength@?$vector@V?$point_data@H@polygon@boost@@V?$allocator@V?$point_data@H@polygon@boost@@@std@@@std@@CAXXZ 00000001800029d0 f i minkowski.obj
 0001:000019d0       ?_Xlength@?$vector@U?$pair@HH@std@@V?$allocator@U?$pair@HH@std@@@2@@std@@CAXXZ 00000001800029d0 f i minkowski.obj
 0001:000019f0       ??$convolve_point_sequence_with_polygons@V?$_Vector_const_iterator@V?$_Vector_val@U?$_Simple_types@V?$point_data@H@polygon@boost@@@std@@@std@@@std@@@@YAXAEAV?$polygon_set_data@H@polygon@boost@@V?$_Vector_const_iterator@V?$_Vector_val@U?$_Simple_types@V?$point_data@H@polygon@boost@@@std@@@std@@@std@@1AEBV?$vector@V?$polygon_with_holes_data@H@polygon@boost@@V?$allocator@V?$polygon_with_holes_data@H@polygon@boost@@@std@@@4@@Z 00000001800029f0 f i minkowski.obj
 0001:00001af0       ??$convolve@V?$polygon_with_holes_data@H@polygon@boost@@V?$point_data@H@23@@polygon@boost@@YAAEAV?$polygon_with_holes_data@H@01@AEAV201@AEBV?$point_data@H@01@@Z 0000000180002af0 f i minkowski.obj
 0001:00001de0       ??$_Emplace_reallocate@AEBV?$point_data@H@polygon@boost@@@?$vector@V?$point_data@H@polygon@boost@@V?$allocator@V?$point_data@H@polygon@boost@@@std@@@std@@QEAAPEAV?$point_data@H@polygon@boost@@QEAV234@AEBV234@@Z 0000000180002de0 f i minkowski.obj
 0001:00001de0       ??$_Emplace_reallocate@V?$point_data@H@polygon@boost@@@?$vector@V?$point_data@H@polygon@boost@@V?$allocator@V?$point_data@H@polygon@boost@@@std@@@std@@QEAAPEAV?$point_data@H@polygon@boost@@QEAV234@$$QEAV234@@Z 0000000180002de0 f i minkowski.obj
 0001:00001f90       ??$assign@V?$_List_const_iterator@V?$_List_val@U?$_List_simple_types@V?$polygon_data@H@polygon@boost@@@std@@@std@@@std@@X@?$list@V?$polygon_data@H@polygon@boost@@V?$allocator@V?$polygon_data@H@polygon@boost@@@std@@@std@@QEAAXV?$_List_const_iterator@V?$_List_val@U?$_List_simple_types@V?$polygon_data@H@polygon@boost@@@std@@@std@@@1@0@Z 0000000180002f90 f i minkowski.obj
 0001:00002160       ??$_Allocate@$0BA@U_Default_allocate_traits@std@@$0A@@std@@YAPEAX_K@Z 0000000180003160 f i minkowski.obj
 0001:000021c0       ??$_Ucopy@PEAV?$point_data@H@polygon@boost@@@?$vector@V?$point_data@H@polygon@boost@@V?$allocator@V?$point_data@H@polygon@boost@@@std@@@std@@AEAAPEAV?$point_data@H@polygon@boost@@PEAV234@00@Z 00000001800031c0 f i minkowski.obj
 0001:000021c0       ??$_Ucopy@PEBV?$point_data@H@polygon@boost@@@?$vector@V?$point_data@H@polygon@boost@@V?$allocator@V?$point_data@H@polygon@boost@@@std@@@std@@AEAAPEAV?$point_data@H@polygon@boost@@PEBV234@0PEAV234@@Z 00000001800031c0 f i minkowski.obj
 0001:000021c0       ?_Umove@?$vector@V?$point_data@H@polygon@boost@@V?$allocator@V?$point_data@H@polygon@boost@@@std@@@std@@AEAAPEAV?$point_data@H@polygon@boost@@PEAV345@00@Z 00000001800031c0 f i minkowski.obj
 0001:00002210       ?_Change_array@?$vector@V?$point_data@H@polygon@boost@@V?$allocator@V?$point_data@H@polygon@boost@@@std@@@std@@AEAAXQEAV?$point_data@H@polygon@boost@@_K1@Z 0000000180003210 f i minkowski.obj
 0001:00002210       ?_Change_array@?$vector@PEAVactive_tail_arbitrary@?$polygon_arbitrary_formation@H@polygon@boost@@V?$allocator@PEAVactive_tail_arbitrary@?$polygon_arbitrary_formation@H@polygon@boost@@@std@@@std@@AEAAXQEAPEAVactive_tail_arbitrary@?$polygon_arbitrary_formation@H@polygon@boost@@_K1@Z 0000000180003210 f i minkowski.obj
 0001:00002210       ?_Change_array@?$vector@U?$pair@HH@std@@V?$allocator@U?$pair@HH@std@@@2@@std@@AEAAXQEAU?$pair@HH@2@_K1@Z 0000000180003210 f i minkowski.obj
 0001:000022a0       ?_Change_array@?$vector@V?$polygon_data@H@polygon@boost@@V?$allocator@V?$polygon_data@H@polygon@boost@@@std@@@std@@AEAAXQEAV?$polygon_data@H@polygon@boost@@_K1@Z 00000001800032a0 f i minkowski.obj
 0001:00002360       ?_Umove_if_noexcept@?$vector@V?$polygon_data@H@polygon@boost@@V?$allocator@V?$polygon_data@H@polygon@boost@@@std@@@std@@AEAAXPEAV?$polygon_data@H@polygon@boost@@00@Z 0000000180003360 f i minkowski.obj
 0001:00002430       ?deallocate@?$allocator@U?$pair@HU?$pair@_K_K@std@@@std@@@std@@QEAAXQEAU?$pair@HU?$pair@_K_K@std@@@2@_K@Z 0000000180003430 f i minkowski.obj
 0001:00002430       ?deallocate@?$allocator@V?$polygon_data@H@polygon@boost@@@std@@QEAAXQEAV?$polygon_data@H@polygon@boost@@_K@Z 0000000180003430 f i minkowski.obj
 0001:00002480       ??$convolve_two_point_sequences@V?$_Vector_const_iterator@V?$_Vector_val@U?$_Simple_types@V?$point_data@H@polygon@boost@@@std@@@std@@@std@@V12@@@YAXAEAV?$polygon_set_data@H@polygon@boost@@V?$_Vector_const_iterator@V?$_Vector_val@U?$_Simple_types@V?$point_data@H@polygon@boost@@@std@@@std@@@std@@111@Z 0000000180003480 f i minkowski.obj
 0001:00002820       ??$convolve@V?$polygon_data@H@polygon@boost@@V?$point_data@H@23@@polygon@boost@@YAAEAV?$polygon_data@H@01@AEAV201@AEBV?$point_data@H@01@@Z 0000000180003820 f i minkowski.obj
 0001:00002950       ??$_Insert_range@V?$_List_const_iterator@V?$_List_val@U?$_List_simple_types@V?$polygon_data@H@polygon@boost@@@std@@@std@@@std@@@?$list@V?$polygon_data@H@polygon@boost@@V?$allocator@V?$polygon_data@H@polygon@boost@@@std@@@std@@QEAAXV?$_List_unchecked_const_iterator@V?$_List_val@U?$_List_simple_types@V?$polygon_data@H@polygon@boost@@@std@@@std@@U_Iterator_base0@2@@1@V?$_List_const_iterator@V?$_List_val@U?$_List_simple_types@V?$polygon_data@H@polygon@boost@@@std@@@std@@@1@1Uforward_iterator_tag@1@@Z 0000000180003950 f i minkowski.obj
 0001:00002a10       ??$_Assign_range@PEAV?$point_data@H@polygon@boost@@@?$vector@V?$point_data@H@polygon@boost@@V?$allocator@V?$point_data@H@polygon@boost@@@std@@@std@@AEAAXPEAV?$point_data@H@polygon@boost@@0Uforward_iterator_tag@1@@Z 0000000180003a10 f i minkowski.obj
 0001:00002bb0       ??$construct@V?$polygon_data@H@polygon@boost@@AEBV123@@?$_Default_allocator_traits@V?$allocator@U?$_List_node@V?$polygon_data@H@polygon@boost@@PEAX@std@@@std@@@std@@SAXAEAV?$allocator@U?$_List_node@V?$polygon_data@H@polygon@boost@@PEAX@std@@@1@QEAV?$polygon_data@H@polygon@boost@@AEBV345@@Z 0000000180003bb0 f i minkowski.obj
 0001:00002bb0       ??$construct@V?$polygon_data@H@polygon@boost@@AEBV123@@?$_Default_allocator_traits@V?$allocator@V?$polygon_data@H@polygon@boost@@@std@@@std@@SAXAEAV?$allocator@V?$polygon_data@H@polygon@boost@@@1@QEAV?$polygon_data@H@polygon@boost@@AEBV345@@Z 0000000180003bb0 f i minkowski.obj
 0001:00002c30       ??$_Emplace_reallocate@AEBV?$polygon_data@H@polygon@boost@@@?$vector@V?$polygon_data@H@polygon@boost@@V?$allocator@V?$polygon_data@H@polygon@boost@@@std@@@std@@QEAAPEAV?$polygon_data@H@polygon@boost@@QEAV234@AEBV234@@Z 0000000180003c30 f i minkowski.obj
 0001:00002de0       ??$_Destroy_range@V?$allocator@V?$polygon_data@H@polygon@boost@@@std@@@std@@YAXPEAV?$polygon_data@H@polygon@boost@@0AEAV?$allocator@V?$polygon_data@H@polygon@boost@@@0@@Z 0000000180003de0 f i minkowski.obj
 0001:00002e70       ?_Umove@?$vector@V?$polygon_data@H@polygon@boost@@V?$allocator@V?$polygon_data@H@polygon@boost@@@std@@@std@@AEAAPEAV?$polygon_data@H@polygon@boost@@PEAV345@00@Z 0000000180003e70 f i minkowski.obj
 0001:00002f40       ?reserve@?$vector@V?$point_data@H@polygon@boost@@V?$allocator@V?$point_data@H@polygon@boost@@@std@@@std@@QEAAX_K@Z 0000000180003f40 f i minkowski.obj
 0001:00003020       ??$get_fracture@V?$vector@V?$polygon_with_holes_data@H@polygon@boost@@V?$allocator@V?$polygon_with_holes_data@H@polygon@boost@@@std@@@std@@Upolygon_with_holes_concept@polygon@boost@@@?$polygon_set_data@H@polygon@boost@@AEBAXAEAV?$vector@V?$polygon_with_holes_data@H@polygon@boost@@V?$allocator@V?$polygon_with_holes_data@H@polygon@boost@@@std@@@std@@_NUpolygon_with_holes_concept@12@@Z 0000000180004020 f i minkowski.obj
 0001:00003330       ??$execute_boolean_op@V?$polygon_set_data@H@polygon@boost@@V123@V?$polygon_with_holes_data@H@23@$0A@@polygon@boost@@YAXAEAV?$polygon_set_data@H@01@AEBV201@AEBV?$polygon_with_holes_data@H@01@@Z 0000000180004330 f i minkowski.obj
 0001:00003530       ??$execute_boolean_op@V?$polygon_set_data@H@polygon@boost@@V123@V?$polygon_with_holes_data@H@23@$02@polygon@boost@@YAXAEAV?$polygon_set_data@H@01@AEBV201@AEBV?$polygon_with_holes_data@H@01@@Z 0000000180004530 f i minkowski.obj
 0001:00003740       ??$_Emplace_reallocate@U?$pair@HH@std@@@?$vector@U?$pair@HH@std@@V?$allocator@U?$pair@HH@std@@@2@@std@@QEAAPEAU?$pair@HH@1@QEAU21@$$QEAU21@@Z 0000000180004740 f i minkowski.obj
 0001:00003740       ??$_Emplace_reallocate@AEBU?$pair@HH@std@@@?$vector@U?$pair@HH@std@@V?$allocator@U?$pair@HH@std@@@2@@std@@QEAAPEAU?$pair@HH@1@QEAU21@AEBU21@@Z 0000000180004740 f i minkowski.obj
 0001:00003930       ??1?$polygon_45_set_data@H@polygon@boost@@QEAA@XZ 0000000180004930 f i minkowski.obj
 0001:00003a30       ?reserve@?$vector@U?$pair@HH@std@@V?$allocator@U?$pair@HH@std@@@2@@std@@QEAAX_K@Z 0000000180004a30 f i minkowski.obj
 0001:00003b30       ?clear@?$_Tree@V?$_Tmap_traits@Vvertex_half_edge@?$scanline_base@H@polygon@boost@@PEAVactive_tail_arbitrary@?$polygon_arbitrary_formation@H@34@Vless_vertex_half_edge@234@V?$allocator@U?$pair@$$CBVvertex_half_edge@?$scanline_base@H@polygon@boost@@PEAVactive_tail_arbitrary@?$polygon_arbitrary_formation@H@34@@std@@@std@@$0A@@std@@@std@@QEAAXXZ 0000000180004b30 f i minkowski.obj
 0001:00003bc0       ?erase@?$_Tree@V?$_Tmap_traits@Vvertex_half_edge@?$scanline_base@H@polygon@boost@@PEAVactive_tail_arbitrary@?$polygon_arbitrary_formation@H@34@Vless_vertex_half_edge@234@V?$allocator@U?$pair@$$CBVvertex_half_edge@?$scanline_base@H@polygon@boost@@PEAVactive_tail_arbitrary@?$polygon_arbitrary_formation@H@34@@std@@@std@@$0A@@std@@@std@@QEAA?AV?$_Tree_iterator@V?$_Tree_val@U?$_Tree_simple_types@U?$pair@$$CBVvertex_half_edge@?$scanline_base@H@polygon@boost@@PEAVactive_tail_arbitrary@?$polygon_arbitrary_formation@H@34@@std@@@std@@@std@@@2@V?$_Tree_const_iterator@V?$_Tree_val@U?$_Tree_simple_types@U?$pair@$$CBVvertex_half_edge@?$scanline_base@H@polygon@boost@@PEAVactive_tail_arbitrary@?$polygon_arbitrary_formation@H@34@@std@@@std@@@std@@@2@@Z 0000000180004bc0 f i minkowski.obj
 0001:00003c50       ?_Extract@?$_Tree_val@U?$_Tree_simple_types@V?$point_data@H@polygon@boost@@@std@@@std@@QEAAPEAU?$_Tree_node@V?$point_data@H@polygon@boost@@PEAX@2@V?$_Tree_const_iterator@V?$_Tree_val@U?$_Tree_simple_types@V?$point_data@H@polygon@boost@@@std@@@std@@@2@@Z 0000000180004c50 f i minkowski.obj
 0001:00003c50       ?_Extract@?$_Tree_val@U?$_Tree_simple_types@U?$pair@$$CBHV?$vector@U?$pair@U?$pair@V?$point_data@H@polygon@boost@@V123@@std@@H@std@@V?$allocator@U?$pair@U?$pair@V?$point_data@H@polygon@boost@@V123@@std@@H@std@@@2@@std@@@std@@@std@@@std@@QEAAPEAU?$_Tree_node@U?$pair@$$CBHV?$vector@U?$pair@U?$pair@V?$point_data@H@polygon@boost@@V123@@std@@H@std@@V?$allocator@U?$pair@U?$pair@V?$point_data@H@polygon@boost@@V123@@std@@H@std@@@2@@std@@@std@@PEAX@2@V?$_Tree_const_iterator@V?$_Tree_val@U?$_Tree_simple_types@U?$pair@$$CBHV?$vector@U?$pair@U?$pair@V?$point_data@H@polygon@boost@@V123@@std@@H@std@@V?$allocator@U?$pair@U?$pair@V?$point_data@H@polygon@boost@@V123@@std@@H@std@@@2@@std@@@std@@@std@@@std@@@2@@Z 0000000180004c50 f i minkowski.obj
 0001:00003c50       ?_Extract@?$_Tree_val@U?$_Tree_simple_types@U?$pair@$$CBU?$pair@V?$point_data@H@polygon@boost@@V123@@std@@V?$vector@U?$pair@HH@std@@V?$allocator@U?$pair@HH@std@@@2@@2@@std@@@std@@@std@@QEAAPEAU?$_Tree_node@U?$pair@$$CBU?$pair@V?$point_data@H@polygon@boost@@V123@@std@@V?$vector@U?$pair@HH@std@@V?$allocator@U?$pair@HH@std@@@2@@2@@std@@PEAX@2@V?$_Tree_const_iterator@V?$_Tree_val@U?$_Tree_simple_types@U?$pair@$$CBU?$pair@V?$point_data@H@polygon@boost@@V123@@std@@V?$vector@U?$pair@HH@std@@V?$allocator@U?$pair@HH@std@@@2@@2@@std@@@std@@@std@@@2@@Z 0000000180004c50 f i minkowski.obj
 0001:00003c50       ?_Extract@?$_Tree_val@U?$_Tree_simple_types@U?$pair@$$CBVvertex_half_edge@?$scanline_base@H@polygon@boost@@PEAVactive_tail_arbitrary@?$polygon_arbitrary_formation@H@34@@std@@@std@@@std@@QEAAPEAU?$_Tree_node@U?$pair@$$CBVvertex_half_edge@?$scanline_base@H@polygon@boost@@PEAVactive_tail_arbitrary@?$polygon_arbitrary_formation@H@34@@std@@PEAX@2@V?$_Tree_const_iterator@V?$_Tree_val@U?$_Tree_simple_types@U?$pair@$$CBVvertex_half_edge@?$scanline_base@H@polygon@boost@@PEAVactive_tail_arbitrary@?$polygon_arbitrary_formation@H@34@@std@@@std@@@std@@@2@@Z 0000000180004c50 f i minkowski.obj
 0001:00003fd0       ?_Erase@?$_Tree@V?$_Tmap_traits@Vvertex_half_edge@?$scanline_base@H@polygon@boost@@PEAVactive_tail_arbitrary@?$polygon_arbitrary_formation@H@34@Vless_vertex_half_edge@234@V?$allocator@U?$pair@$$CBVvertex_half_edge@?$scanline_base@H@polygon@boost@@PEAVactive_tail_arbitrary@?$polygon_arbitrary_formation@H@34@@std@@@std@@$0A@@std@@@std@@IEAAXPEAU?$_Tree_node@U?$pair@$$CBVvertex_half_edge@?$scanline_base@H@polygon@boost@@PEAVactive_tail_arbitrary@?$polygon_arbitrary_formation@H@34@@std@@PEAX@2@@Z 0000000180004fd0 f i minkowski.obj
 0001:00004030       ?_Rrotate@?$_Tree_val@U?$_Tree_simple_types@V?$point_data@H@polygon@boost@@@std@@@std@@QEAAXPEAU?$_Tree_node@V?$point_data@H@polygon@boost@@PEAX@2@@Z 0000000180005030 f i minkowski.obj
 0001:00004030       ?_Rrotate@?$_Tree_val@U?$_Tree_simple_types@U?$pair@$$CBHV?$vector@U?$pair@U?$pair@V?$point_data@H@polygon@boost@@V123@@std@@H@std@@V?$allocator@U?$pair@U?$pair@V?$point_data@H@polygon@boost@@V123@@std@@H@std@@@2@@std@@@std@@@std@@@std@@QEAAXPEAU?$_Tree_node@U?$pair@$$CBHV?$vector@U?$pair@U?$pair@V?$point_data@H@polygon@boost@@V123@@std@@H@std@@V?$allocator@U?$pair@U?$pair@V?$point_data@H@polygon@boost@@V123@@std@@H@std@@@2@@std@@@std@@PEAX@2@@Z 0000000180005030 f i minkowski.obj
 0001:00004030       ?_Rrotate@?$_Tree_val@U?$_Tree_simple_types@U?$pair@$$CBVvertex_half_edge@?$scanline_base@H@polygon@boost@@PEAVactive_tail_arbitrary@?$polygon_arbitrary_formation@H@34@@std@@@std@@@std@@QEAAXPEAU?$_Tree_node@U?$pair@$$CBVvertex_half_edge@?$scanline_base@H@polygon@boost@@PEAVactive_tail_arbitrary@?$polygon_arbitrary_formation@H@34@@std@@PEAX@2@@Z 0000000180005030 f i minkowski.obj
 0001:00004030       ?_Rrotate@?$_Tree_val@U?$_Tree_simple_types@U?$pair@$$CBU?$pair@V?$point_data@H@polygon@boost@@V123@@std@@V?$vector@U?$pair@HH@std@@V?$allocator@U?$pair@HH@std@@@2@@2@@std@@@std@@@std@@QEAAXPEAU?$_Tree_node@U?$pair@$$CBU?$pair@V?$point_data@H@polygon@boost@@V123@@std@@V?$vector@U?$pair@HH@std@@V?$allocator@U?$pair@HH@std@@@2@@2@@std@@PEAX@2@@Z 0000000180005030 f i minkowski.obj
 0001:00004090       ?_Lrotate@?$_Tree_val@U?$_Tree_simple_types@U?$pair@$$CBU?$pair@V?$point_data@H@polygon@boost@@V123@@std@@V?$vector@U?$pair@HH@std@@V?$allocator@U?$pair@HH@std@@@2@@2@@std@@@std@@@std@@QEAAXPEAU?$_Tree_node@U?$pair@$$CBU?$pair@V?$point_data@H@polygon@boost@@V123@@std@@V?$vector@U?$pair@HH@std@@V?$allocator@U?$pair@HH@std@@@2@@2@@std@@PEAX@2@@Z 0000000180005090 f i minkowski.obj
 0001:00004090       ?_Lrotate@?$_Tree_val@U?$_Tree_simple_types@U?$pair@$$CBVvertex_half_edge@?$scanline_base@H@polygon@boost@@PEAVactive_tail_arbitrary@?$polygon_arbitrary_formation@H@34@@std@@@std@@@std@@QEAAXPEAU?$_Tree_node@U?$pair@$$CBVvertex_half_edge@?$scanline_base@H@polygon@boost@@PEAVactive_tail_arbitrary@?$polygon_arbitrary_formation@H@34@@std@@PEAX@2@@Z 0000000180005090 f i minkowski.obj
 0001:00004090       ?_Lrotate@?$_Tree_val@U?$_Tree_simple_types@V?$point_data@H@polygon@boost@@@std@@@std@@QEAAXPEAU?$_Tree_node@V?$point_data@H@polygon@boost@@PEAX@2@@Z 0000000180005090 f i minkowski.obj
 0001:00004090       ?_Lrotate@?$_Tree_val@U?$_Tree_simple_types@U?$pair@$$CBHV?$vector@U?$pair@U?$pair@V?$point_data@H@polygon@boost@@V123@@std@@H@std@@V?$allocator@U?$pair@U?$pair@V?$point_data@H@polygon@boost@@V123@@std@@H@std@@@2@@std@@@std@@@std@@@std@@QEAAXPEAU?$_Tree_node@U?$pair@$$CBHV?$vector@U?$pair@U?$pair@V?$point_data@H@polygon@boost@@V123@@std@@H@std@@V?$allocator@U?$pair@U?$pair@V?$point_data@H@polygon@boost@@V123@@std@@H@std@@@2@@std@@@std@@PEAX@2@@Z 0000000180005090 f i minkowski.obj
 0001:000040f0       ?clean@?$polygon_set_data@H@polygon@boost@@QEBAXXZ 00000001800050f0 f i minkowski.obj
 0001:00004290       ??$insert_vertex_sequence@V?$_Vector_const_iterator@V?$_Vector_val@U?$_Simple_types@V?$point_data@H@polygon@boost@@@std@@@std@@@std@@@?$polygon_set_data@H@polygon@boost@@QEAAXV?$_Vector_const_iterator@V?$_Vector_val@U?$_Simple_types@V?$point_data@H@polygon@boost@@@std@@@std@@@std@@0Vdirection_1d@12@_N@Z 0000000180005290 f i minkowski.obj
 0001:00004470       ??$insert_into_view_arg@V?$polygon_set_data@H@polygon@boost@@V?$polygon_with_holes_data@H@23@@polygon@boost@@YAXAEAV?$polygon_set_data@H@01@AEBV?$polygon_with_holes_data@H@01@@Z 0000000180005470 f i minkowski.obj
 0001:00004550       ??$execute@V?$polygon_set_data@H@polygon@boost@@V?$_Vector_const_iterator@V?$_Vector_val@U?$_Simple_types@U?$pair@U?$pair@V?$point_data@H@polygon@boost@@V123@@std@@H@std@@@std@@@std@@@std@@V45@@?$arbitrary_boolean_op@H@polygon@boost@@QEAAXAEAV?$polygon_set_data@H@12@V?$_Vector_const_iterator@V?$_Vector_val@U?$_Simple_types@U?$pair@U?$pair@V?$point_data@H@polygon@boost@@V123@@std@@H@std@@@std@@@std@@@std@@111H@Z 0000000180005550 f i minkowski.obj
 0001:00004850       ??$set@V?$_Vector_const_iterator@V?$_Vector_val@U?$_Simple_types@U?$pair@U?$pair@V?$point_data@H@polygon@boost@@V123@@std@@H@std@@@std@@@std@@@std@@@?$polygon_set_data@H@polygon@boost@@QEAAXV?$_Vector_const_iterator@V?$_Vector_val@U?$_Simple_types@U?$pair@U?$pair@V?$point_data@H@polygon@boost@@V123@@std@@H@std@@@std@@@std@@@std@@0@Z 0000000180005850 f i minkowski.obj
 0001:00004a10       ??$_Emplace_reallocate@Vvertex_half_edge@?$scanline_base@H@polygon@boost@@@?$vector@Vvertex_half_edge@?$scanline_base@H@polygon@boost@@V?$allocator@Vvertex_half_edge@?$scanline_base@H@polygon@boost@@@std@@@std@@QEAAPEAVvertex_half_edge@?$scanline_base@H@polygon@boost@@QEAV2345@$$QEAV2345@@Z 0000000180005a10 f i minkowski.obj
 0001:00004c60       ??0?$scanline@HHV?$vector@HV?$allocator@H@std@@@std@@@polygon@boost@@QEAA@XZ 0000000180005c60 f i minkowski.obj
 0001:00004e00       ?_Umove@?$vector@Vvertex_half_edge@?$scanline_base@H@polygon@boost@@V?$allocator@Vvertex_half_edge@?$scanline_base@H@polygon@boost@@@std@@@std@@AEAAPEAVvertex_half_edge@?$scanline_base@H@polygon@boost@@PEAV3456@00@Z 0000000180005e00 f i minkowski.obj
 0001:00004e00       ?_Umove@?$vector@U?$pair@U?$pair@V?$point_data@H@polygon@boost@@V123@@std@@H@std@@V?$allocator@U?$pair@U?$pair@V?$point_data@H@polygon@boost@@V123@@std@@H@std@@@2@@std@@AEAAPEAU?$pair@U?$pair@V?$point_data@H@polygon@boost@@V123@@std@@H@2@PEAU32@00@Z 0000000180005e00 f i minkowski.obj
 0001:00004e50       ?insert_clean@?$polygon_set_data@H@polygon@boost@@QEAAXAEBU?$pair@U?$pair@V?$point_data@H@polygon@boost@@V123@@std@@H@std@@_N@Z 0000000180005e50 f i minkowski.obj
 0001:00004f30       ??0?$vector@U?$pair@HH@std@@V?$allocator@U?$pair@HH@std@@@2@@std@@QEAA@AEBV01@@Z 0000000180005f30 f i minkowski.obj
 0001:00004fc0       ?erase@?$_Tree@V?$_Tset_traits@V?$point_data@H@polygon@boost@@Vless_point@?$scanline_base@H@23@V?$allocator@V?$point_data@H@polygon@boost@@@std@@$0A@@std@@@std@@QEAA?AV?$_Tree_const_iterator@V?$_Tree_val@U?$_Tree_simple_types@V?$point_data@H@polygon@boost@@@std@@@std@@@2@V32@0@Z 0000000180005fc0 f i minkowski.obj
 0001:00005140       ?deallocate@?$allocator@U?$pair@U?$pair@V?$point_data@H@polygon@boost@@V123@@std@@V?$vector@U?$pair@HH@std@@V?$allocator@U?$pair@HH@std@@@2@@2@@std@@@std@@QEAAXQEAU?$pair@U?$pair@V?$point_data@H@polygon@boost@@V123@@std@@V?$vector@U?$pair@HH@std@@V?$allocator@U?$pair@HH@std@@@2@@2@@2@_K@Z 0000000180006140 f i minkowski.obj
 0001:00005190       ?erase@?$_Tree@V?$_Tmap_traits@U?$pair@V?$point_data@H@polygon@boost@@V123@@std@@V?$vector@U?$pair@HH@std@@V?$allocator@U?$pair@HH@std@@@2@@2@Vless_half_edge@?$scanline_base@H@polygon@boost@@V?$allocator@U?$pair@$$CBU?$pair@V?$point_data@H@polygon@boost@@V123@@std@@V?$vector@U?$pair@HH@std@@V?$allocator@U?$pair@HH@std@@@2@@2@@std@@@2@$0A@@std@@@std@@QEAA?AV?$_Tree_iterator@V?$_Tree_val@U?$_Tree_simple_types@U?$pair@$$CBU?$pair@V?$point_data@H@polygon@boost@@V123@@std@@V?$vector@U?$pair@HH@std@@V?$allocator@U?$pair@HH@std@@@2@@2@@std@@@std@@@std@@@2@V?$_Tree_const_iterator@V?$_Tree_val@U?$_Tree_simple_types@U?$pair@$$CBU?$pair@V?$point_data@H@polygon@boost@@V123@@std@@V?$vector@U?$pair@HH@std@@V?$allocator@U?$pair@HH@std@@@2@@2@@std@@@std@@@std@@@2@0@Z 0000000180006190 f i minkowski.obj
 0001:00005330       ?deallocate@?$allocator@H@std@@QEAAXQEAH_K@Z 0000000180006330 f i minkowski.obj
 0001:00005380       ?erase@?$_Tree@V?$_Tmap_traits@U?$pair@V?$point_data@H@polygon@boost@@V123@@std@@V?$vector@U?$pair@HH@std@@V?$allocator@U?$pair@HH@std@@@2@@2@Vless_half_edge@?$scanline_base@H@polygon@boost@@V?$allocator@U?$pair@$$CBU?$pair@V?$point_data@H@polygon@boost@@V123@@std@@V?$vector@U?$pair@HH@std@@V?$allocator@U?$pair@HH@std@@@2@@2@@std@@@2@$0A@@std@@@std@@QEAA?AV?$_Tree_iterator@V?$_Tree_val@U?$_Tree_simple_types@U?$pair@$$CBU?$pair@V?$point_data@H@polygon@boost@@V123@@std@@V?$vector@U?$pair@HH@std@@V?$allocator@U?$pair@HH@std@@@2@@2@@std@@@std@@@std@@@2@V?$_Tree_const_iterator@V?$_Tree_val@U?$_Tree_simple_types@U?$pair@$$CBU?$pair@V?$point_data@H@polygon@boost@@V123@@std@@V?$vector@U?$pair@HH@std@@V?$allocator@U?$pair@HH@std@@@2@@2@@std@@@std@@@std@@@2@@Z 0000000180006380 f i minkowski.obj
 0001:00005460       ?_Change_array@?$vector@U?$pair@U?$pair@V?$point_data@H@polygon@boost@@V123@@std@@H@std@@V?$allocator@U?$pair@U?$pair@V?$point_data@H@polygon@boost@@V123@@std@@H@std@@@2@@std@@AEAAXQEAU?$pair@U?$pair@V?$point_data@H@polygon@boost@@V123@@std@@H@2@_K1@Z 0000000180006460 f i minkowski.obj
 0001:00005510       ?_Erase@?$_Tree@V?$_Tset_traits@V?$point_data@H@polygon@boost@@U?$less@V?$point_data@H@polygon@boost@@@std@@V?$allocator@V?$point_data@H@polygon@boost@@@5@$0A@@std@@@std@@IEAAXPEAU?$_Tree_node@V?$point_data@H@polygon@boost@@PEAX@2@@Z 0000000180006510 f i minkowski.obj
 0001:00005510       ?_Erase@?$_Tree@V?$_Tset_traits@V?$point_data@H@polygon@boost@@Vless_point@?$scanline_base@H@23@V?$allocator@V?$point_data@H@polygon@boost@@@std@@$0A@@std@@@std@@IEAAXPEAU?$_Tree_node@V?$point_data@H@polygon@boost@@PEAX@2@@Z 0000000180006510 f i minkowski.obj
 0001:00005570       ?_Erase@?$_Tree@V?$_Tmap_traits@U?$pair@V?$point_data@H@polygon@boost@@V123@@std@@V?$vector@U?$pair@HH@std@@V?$allocator@U?$pair@HH@std@@@2@@2@Vless_half_edge@?$scanline_base@H@polygon@boost@@V?$allocator@U?$pair@$$CBU?$pair@V?$point_data@H@polygon@boost@@V123@@std@@V?$vector@U?$pair@HH@std@@V?$allocator@U?$pair@HH@std@@@2@@2@@std@@@2@$0A@@std@@@std@@IEAAXPEAU?$_Tree_node@U?$pair@$$CBU?$pair@V?$point_data@H@polygon@boost@@V123@@std@@V?$vector@U?$pair@HH@std@@V?$allocator@U?$pair@HH@std@@@2@@2@@std@@PEAX@2@@Z 0000000180006570 f i minkowski.obj
 0001:00005720       ??$processEvent_@V?$vector@V?$polygon_with_holes_data@H@polygon@boost@@V?$allocator@V?$polygon_with_holes_data@H@polygon@boost@@@std@@@std@@V?$_Vector_iterator@V?$_Vector_val@U?$_Simple_types@Vvertex_half_edge@?$scanline_base@H@polygon@boost@@@std@@@std@@@2@@?$polygon_arbitrary_formation@H@polygon@boost@@IEAA?AV?$_Vector_iterator@V?$_Vector_val@U?$_Simple_types@Vvertex_half_edge@?$scanline_base@H@polygon@boost@@@std@@@std@@@std@@AEAV?$vector@V?$polygon_with_holes_data@H@polygon@boost@@V?$allocator@V?$polygon_with_holes_data@H@polygon@boost@@@std@@@4@V34@1@Z 0000000180006720 f i minkowski.obj
 0001:00006150       ??$insert@V?$_Vector_const_iterator@V?$_Vector_val@U?$_Simple_types@U?$pair@U?$pair@V?$point_data@H@polygon@boost@@V123@@std@@H@std@@@std@@@std@@@std@@@?$arbitrary_boolean_op@H@polygon@boost@@AEAAXV?$_Vector_const_iterator@V?$_Vector_val@U?$_Simple_types@U?$pair@U?$pair@V?$point_data@H@polygon@boost@@V123@@std@@H@std@@@std@@@std@@@std@@0H@Z 0000000180007150 f i minkowski.obj
 0001:00006200       ??$validate_scan@V?$_Vector_iterator@V?$_Vector_val@U?$_Simple_types@U?$pair@U?$pair@V?$point_data@H@polygon@boost@@V123@@std@@U?$pair@HH@2@@std@@@std@@@std@@@std@@H@?$line_intersection@H@polygon@boost@@SAXAEAV?$vector@U?$pair@U?$pair@V?$point_data@H@polygon@boost@@V123@@std@@U?$pair@HH@2@@std@@V?$allocator@U?$pair@U?$pair@V?$point_data@H@polygon@boost@@V123@@std@@U?$pair@HH@2@@std@@@2@@std@@V?$_Vector_iterator@V?$_Vector_val@U?$_Simple_types@U?$pair@U?$pair@V?$point_data@H@polygon@boost@@V123@@std@@U?$pair@HH@2@@std@@@std@@@std@@@4@1@Z 0000000180007200 f i minkowski.obj
 0001:00006590       ??$scan@V?$polygon_set_data@H@polygon@boost@@V?$boolean_output_functor@V?$polygon_set_data@H@polygon@boost@@V?$vector@HV?$allocator@H@std@@@std@@$0A@@?$arbitrary_boolean_op@H@23@V?$_Vector_iterator@V?$_Vector_val@U?$_Simple_types@U?$pair@U?$pair@V?$point_data@H@polygon@boost@@V123@@std@@U?$pair@HH@2@@std@@@std@@@std@@@std@@@?$scanline@HHV?$vector@HV?$allocator@H@std@@@std@@@polygon@boost@@QEAAXAEAV?$polygon_set_data@H@12@V?$boolean_output_functor@V?$polygon_set_data@H@polygon@boost@@V?$vector@HV?$allocator@H@std@@@std@@$0A@@?$arbitrary_boolean_op@H@12@V?$_Vector_iterator@V?$_Vector_val@U?$_Simple_types@U?$pair@U?$pair@V?$point_data@H@polygon@boost@@V123@@std@@U?$pair@HH@2@@std@@@std@@@std@@@std@@2@Z 0000000180007590 f i minkowski.obj
 0001:00006790       ??$scan@V?$polygon_set_data@H@polygon@boost@@V?$boolean_output_functor@V?$polygon_set_data@H@polygon@boost@@V?$vector@HV?$allocator@H@std@@@std@@$02@?$arbitrary_boolean_op@H@23@V?$_Vector_iterator@V?$_Vector_val@U?$_Simple_types@U?$pair@U?$pair@V?$point_data@H@polygon@boost@@V123@@std@@U?$pair@HH@2@@std@@@std@@@std@@@std@@@?$scanline@HHV?$vector@HV?$allocator@H@std@@@std@@@polygon@boost@@QEAAXAEAV?$polygon_set_data@H@12@V?$boolean_output_functor@V?$polygon_set_data@H@polygon@boost@@V?$vector@HV?$allocator@H@std@@@std@@$02@?$arbitrary_boolean_op@H@12@V?$_Vector_iterator@V?$_Vector_val@U?$_Simple_types@U?$pair@U?$pair@V?$point_data@H@polygon@boost@@V123@@std@@U?$pair@HH@2@@std@@@std@@@std@@@std@@2@Z 0000000180007790 f i minkowski.obj
 0001:00006990       ??$_Assign_range@PEAU?$pair@HH@std@@@?$vector@U?$pair@HH@std@@V?$allocator@U?$pair@HH@std@@@2@@std@@AEAAXPEAU?$pair@HH@1@0Uforward_iterator_tag@1@@Z 0000000180007990 f i minkowski.obj
 0001:00006b50       ??$_Emplace_reallocate@AEBU?$pair@U?$pair@V?$point_data@H@polygon@boost@@V123@@std@@H@std@@@?$vector@U?$pair@U?$pair@V?$point_data@H@polygon@boost@@V123@@std@@H@std@@V?$allocator@U?$pair@U?$pair@V?$point_data@H@polygon@boost@@V123@@std@@H@std@@@2@@std@@QEAAPEAU?$pair@U?$pair@V?$point_data@H@polygon@boost@@V123@@std@@H@1@QEAU21@AEBU21@@Z 0000000180007b50 f i minkowski.obj
 0001:00006b50       ??$_Emplace_reallocate@U?$pair@U?$pair@V?$point_data@H@polygon@boost@@V123@@std@@H@std@@@?$vector@U?$pair@U?$pair@V?$point_data@H@polygon@boost@@V123@@std@@H@std@@V?$allocator@U?$pair@U?$pair@V?$point_data@H@polygon@boost@@V123@@std@@H@std@@@2@@std@@QEAAPEAU?$pair@U?$pair@V?$point_data@H@polygon@boost@@V123@@std@@H@1@QEAU21@$$QEAU21@@Z 0000000180007b50 f i minkowski.obj
 0001:00006d50       ??$_Destroy_range@V?$allocator@U?$pair@U?$pair@V?$point_data@H@polygon@boost@@V123@@std@@V?$vector@U?$pair@HH@std@@V?$allocator@U?$pair@HH@std@@@2@@2@@std@@@std@@@std@@YAXPEAU?$pair@U?$pair@V?$point_data@H@polygon@boost@@V123@@std@@V?$vector@U?$pair@HH@std@@V?$allocator@U?$pair@HH@std@@@2@@2@@0@0AEAV?$allocator@U?$pair@U?$pair@V?$point_data@H@polygon@boost@@V123@@std@@V?$vector@U?$pair@HH@std@@V?$allocator@U?$pair@HH@std@@@2@@2@@std@@@0@@Z 0000000180007d50 f i minkowski.obj
 0001:00006de0       ??_Gactive_tail_arbitrary@?$polygon_arbitrary_formation@H@polygon@boost@@QEAAPEAXI@Z 0000000180007de0 f i minkowski.obj
 0001:00006f30       ?remove_retired_edges_from_scanline@?$scanline@HHV?$vector@HV?$allocator@H@std@@@std@@@polygon@boost@@QEAAXXZ 0000000180007f30 f i minkowski.obj
 0001:000071e0       ?pushPoint@active_tail_arbitrary@?$polygon_arbitrary_formation@H@polygon@boost@@QEAAXV?$point_data@H@34@@Z 00000001800081e0 f i minkowski.obj
 0001:00007260       ?addHole@active_tail_arbitrary@?$polygon_arbitrary_formation@H@polygon@boost@@QEAAPEAV1234@PEAV1234@@Z 0000000180008260 f i minkowski.obj
 0001:00007300       ?join@active_tail_arbitrary@?$polygon_arbitrary_formation@H@polygon@boost@@QEAA_NPEAV1234@@Z 0000000180008300 f i minkowski.obj
 0001:000074b0       ?on_above_or_below@?$scanline_base@H@polygon@boost@@SAHV?$point_data@H@23@AEBU?$pair@V?$point_data@H@polygon@boost@@V123@@std@@@Z 00000001800084b0 f i minkowski.obj
 0001:00007640       ??_Gpoly_line_arbitrary@?$polygon_arbitrary_formation@H@polygon@boost@@QEAAPEAXI@Z 0000000180008640 f i minkowski.obj
 0001:000076b0       ?copyHoles@active_tail_arbitrary@?$polygon_arbitrary_formation@H@polygon@boost@@QEAAXAEAV1234@@Z 00000001800086b0 f i minkowski.obj
 0001:00007740       ?less_slope@?$scanline_base@H@polygon@boost@@SA_NAEBH0AEBV?$point_data@H@23@1@Z 0000000180008740 f i minkowski.obj
 0001:00007870       ?between@?$scanline_base@H@polygon@boost@@SA_NV?$point_data@H@23@00@Z 0000000180008870 f i minkowski.obj
 0001:000078e0       ?deallocate@?$allocator@U?$pair@Vvertex_half_edge@?$scanline_base@H@polygon@boost@@PEAVactive_tail_arbitrary@?$polygon_arbitrary_formation@H@34@@std@@@std@@QEAAXQEAU?$pair@Vvertex_half_edge@?$scanline_base@H@polygon@boost@@PEAVactive_tail_arbitrary@?$polygon_arbitrary_formation@H@34@@2@_K@Z 00000001800088e0 f i minkowski.obj
 0001:00007930       ?deallocate@?$allocator@PEAVactive_tail_arbitrary@?$polygon_arbitrary_formation@H@polygon@boost@@@std@@QEAAXQEAPEAVactive_tail_arbitrary@?$polygon_arbitrary_formation@H@polygon@boost@@_K@Z 0000000180008930 f i minkowski.obj
 0001:00007930       ?deallocate@?$allocator@V?$_Tree_iterator@V?$_Tree_val@U?$_Tree_simple_types@U?$pair@$$CBVvertex_half_edge@?$scanline_base@H@polygon@boost@@PEAVactive_tail_arbitrary@?$polygon_arbitrary_formation@H@34@@std@@@std@@@std@@@std@@@std@@QEAAXQEAV?$_Tree_iterator@V?$_Tree_val@U?$_Tree_simple_types@U?$pair@$$CBVvertex_half_edge@?$scanline_base@H@polygon@boost@@PEAVactive_tail_arbitrary@?$polygon_arbitrary_formation@H@34@@std@@@std@@@std@@@2@_K@Z 0000000180008930 f i minkowski.obj
 0001:00007980       ?_Change_array@?$vector@U?$pair@V?$point_data@H@polygon@boost@@H@std@@V?$allocator@U?$pair@V?$point_data@H@polygon@boost@@H@std@@@2@@std@@AEAAXQEAU?$pair@V?$point_data@H@polygon@boost@@H@2@_K1@Z 0000000180008980 f i minkowski.obj
 0001:00007a30       ?deallocate@?$allocator@U?$pair@V?$point_data@H@polygon@boost@@H@std@@@std@@QEAAXQEAU?$pair@V?$point_data@H@polygon@boost@@H@2@_K@Z 0000000180008a30 f i minkowski.obj
 0001:00007a80       ??$processPoint_@V?$vector@V?$polygon_with_holes_data@H@polygon@boost@@V?$allocator@V?$polygon_with_holes_data@H@polygon@boost@@@std@@@std@@V?$vector@U?$pair@Vvertex_half_edge@?$scanline_base@H@polygon@boost@@PEAVactive_tail_arbitrary@?$polygon_arbitrary_formation@H@34@@std@@V?$allocator@U?$pair@Vvertex_half_edge@?$scanline_base@H@polygon@boost@@PEAVactive_tail_arbitrary@?$polygon_arbitrary_formation@H@34@@std@@@2@@2@@?$polygon_arbitrary_formation@H@polygon@boost@@IEAA?AU?$pair@U?$pair@V?$point_data@H@polygon@boost@@H@std@@PEAVactive_tail_arbitrary@?$polygon_arbitrary_formation@H@polygon@boost@@@std@@AEAV?$vector@V?$polygon_with_holes_data@H@polygon@boost@@V?$allocator@V?$polygon_with_holes_data@H@polygon@boost@@@std@@@4@AEAV?$vector@U?$pair@Vvertex_half_edge@?$scanline_base@H@polygon@boost@@PEAVactive_tail_arbitrary@?$polygon_arbitrary_formation@H@34@@std@@V?$allocator@U?$pair@Vvertex_half_edge@?$scanline_base@H@polygon@boost@@PEAVactive_tail_arbitrary@?$polygon_arbitrary_formation@H@34@@std@@@2@@4@V?$point_data@H@12@AEAV?$vector@U?$pair@U?$pair@U?$pair@V?$point_data@H@polygon@boost@@V123@@std@@H@std@@PEAVactive_tail_arbitrary@?$polygon_arbitrary_formation@H@polygon@boost@@@std@@V?$allocator@U?$pair@U?$pair@U?$pair@V?$point_data@H@polygon@boost@@V123@@std@@H@std@@PEAVactive_tail_arbitrary@?$polygon_arbitrary_formation@H@polygon@boost@@@std@@@2@@4@AEAV?$vector@U?$pair@V?$point_data@H@polygon@boost@@H@std@@V?$allocator@U?$pair@V?$point_data@H@polygon@boost@@H@std@@@2@@4@@Z 0000000180008a80 f i minkowski.obj
 0001:00008820       ??$_Insert_range@PEBV?$point_data@H@polygon@boost@@@?$vector@V?$point_data@H@polygon@boost@@V?$allocator@V?$point_data@H@polygon@boost@@@std@@@std@@AEAAXV?$_Vector_const_iterator@V?$_Vector_val@U?$_Simple_types@V?$point_data@H@polygon@boost@@@std@@@std@@@1@PEBV?$point_data@H@polygon@boost@@1Uforward_iterator_tag@1@@Z 0000000180009820 f i minkowski.obj
 0001:00008820       ??$_Insert_range@PEAV?$point_data@H@polygon@boost@@@?$vector@V?$point_data@H@polygon@boost@@V?$allocator@V?$point_data@H@polygon@boost@@@std@@@std@@AEAAXV?$_Vector_const_iterator@V?$_Vector_val@U?$_Simple_types@V?$point_data@H@polygon@boost@@@std@@@std@@@1@PEAV?$point_data@H@polygon@boost@@1Uforward_iterator_tag@1@@Z 0000000180009820 f i minkowski.obj
 0001:00008ad0       ??$validate_scan@V?$_Vector_iterator@V?$_Vector_val@U?$_Simple_types@U?$pair@U?$pair@V?$point_data@H@polygon@boost@@V123@@std@@H@std@@@std@@@std@@@std@@@?$line_intersection@H@polygon@boost@@SAXAEAV?$vector@U?$pair@U?$pair@V?$point_data@H@polygon@boost@@V123@@std@@H@std@@V?$allocator@U?$pair@U?$pair@V?$point_data@H@polygon@boost@@V123@@std@@H@std@@@2@@std@@V?$_Vector_iterator@V?$_Vector_val@U?$_Simple_types@U?$pair@U?$pair@V?$point_data@H@polygon@boost@@V123@@std@@H@std@@@std@@@std@@@4@1@Z 0000000180009ad0 f i minkowski.obj
 0001:00008c90       ??$handle_input_events@V?$polygon_set_data@H@polygon@boost@@V?$boolean_output_functor@V?$polygon_set_data@H@polygon@boost@@V?$vector@HV?$allocator@H@std@@@std@@$0A@@?$arbitrary_boolean_op@H@23@V?$_Vector_iterator@V?$_Vector_val@U?$_Simple_types@U?$pair@U?$pair@V?$point_data@H@polygon@boost@@V123@@std@@U?$pair@HH@2@@std@@@std@@@std@@@std@@@?$scanline@HHV?$vector@HV?$allocator@H@std@@@std@@@polygon@boost@@QEAA?AV?$_Vector_iterator@V?$_Vector_val@U?$_Simple_types@U?$pair@U?$pair@V?$point_data@H@polygon@boost@@V123@@std@@U?$pair@HH@2@@std@@@std@@@std@@@std@@AEAV?$polygon_set_data@H@12@V?$boolean_output_functor@V?$polygon_set_data@H@polygon@boost@@V?$vector@HV?$allocator@H@std@@@std@@$0A@@?$arbitrary_boolean_op@H@12@V34@2@Z 0000000180009c90 f i minkowski.obj
 0001:00009a20       ??$handle_input_events@V?$polygon_set_data@H@polygon@boost@@V?$boolean_output_functor@V?$polygon_set_data@H@polygon@boost@@V?$vector@HV?$allocator@H@std@@@std@@$02@?$arbitrary_boolean_op@H@23@V?$_Vector_iterator@V?$_Vector_val@U?$_Simple_types@U?$pair@U?$pair@V?$point_data@H@polygon@boost@@V123@@std@@U?$pair@HH@2@@std@@@std@@@std@@@std@@@?$scanline@HHV?$vector@HV?$allocator@H@std@@@std@@@polygon@boost@@QEAA?AV?$_Vector_iterator@V?$_Vector_val@U?$_Simple_types@U?$pair@U?$pair@V?$point_data@H@polygon@boost@@V123@@std@@U?$pair@HH@2@@std@@@std@@@std@@@std@@AEAV?$polygon_set_data@H@12@V?$boolean_output_functor@V?$polygon_set_data@H@polygon@boost@@V?$vector@HV?$allocator@H@std@@@std@@$02@?$arbitrary_boolean_op@H@12@V34@2@Z 000000018000aa20 f i minkowski.obj
 0001:0000a7c0       ??$_Emplace_reallocate@AEBH@?$vector@HV?$allocator@H@std@@@std@@QEAAPEAHQEAHAEBH@Z 000000018000b7c0 f i minkowski.obj
 0001:0000a920       ??$_Emplace_reallocate@AEBV?$_Tree_iterator@V?$_Tree_val@U?$_Tree_simple_types@U?$pair@$$CBU?$pair@V?$point_data@H@polygon@boost@@V123@@std@@V?$vector@U?$pair@HH@std@@V?$allocator@U?$pair@HH@std@@@2@@2@@std@@@std@@@std@@@std@@@?$vector@V?$_Tree_iterator@V?$_Tree_val@U?$_Tree_simple_types@U?$pair@$$CBU?$pair@V?$point_data@H@polygon@boost@@V123@@std@@V?$vector@U?$pair@HH@std@@V?$allocator@U?$pair@HH@std@@@2@@2@@std@@@std@@@std@@@std@@V?$allocator@V?$_Tree_iterator@V?$_Tree_val@U?$_Tree_simple_types@U?$pair@$$CBU?$pair@V?$point_data@H@polygon@boost@@V123@@std@@V?$vector@U?$pair@HH@std@@V?$allocator@U?$pair@HH@std@@@2@@2@@std@@@std@@@std@@@std@@@2@@std@@QEAAPEAV?$_Tree_iterator@V?$_Tree_val@U?$_Tree_simple_types@U?$pair@$$CBU?$pair@V?$point_data@H@polygon@boost@@V123@@std@@V?$vector@U?$pair@HH@std@@V?$allocator@U?$pair@HH@std@@@2@@2@@std@@@std@@@std@@@1@QEAV21@AEBV21@@Z 000000018000b920 f i minkowski.obj
 0001:0000a920       ??$_Emplace_reallocate@AEBV?$_Tree_iterator@V?$_Tree_val@U?$_Tree_simple_types@U?$pair@$$CBVvertex_half_edge@?$scanline_base@H@polygon@boost@@PEAVactive_tail_arbitrary@?$polygon_arbitrary_formation@H@34@@std@@@std@@@std@@@std@@@?$vector@V?$_Tree_iterator@V?$_Tree_val@U?$_Tree_simple_types@U?$pair@$$CBVvertex_half_edge@?$scanline_base@H@polygon@boost@@PEAVactive_tail_arbitrary@?$polygon_arbitrary_formation@H@34@@std@@@std@@@std@@@std@@V?$allocator@V?$_Tree_iterator@V?$_Tree_val@U?$_Tree_simple_types@U?$pair@$$CBVvertex_half_edge@?$scanline_base@H@polygon@boost@@PEAVactive_tail_arbitrary@?$polygon_arbitrary_formation@H@34@@std@@@std@@@std@@@std@@@2@@std@@QEAAPEAV?$_Tree_iterator@V?$_Tree_val@U?$_Tree_simple_types@U?$pair@$$CBVvertex_half_edge@?$scanline_base@H@polygon@boost@@PEAVactive_tail_arbitrary@?$polygon_arbitrary_formation@H@34@@std@@@std@@@std@@@1@QEAV21@AEBV21@@Z 000000018000b920 f i minkowski.obj
 0001:0000ab50       ??$_Emplace_reallocate@U?$pair@U?$pair@V?$point_data@H@polygon@boost@@V123@@std@@U?$pair@HH@2@@std@@@?$vector@U?$pair@U?$pair@V?$point_data@H@polygon@boost@@V123@@std@@U?$pair@HH@2@@std@@V?$allocator@U?$pair@U?$pair@V?$point_data@H@polygon@boost@@V123@@std@@U?$pair@HH@2@@std@@@2@@std@@QEAAPEAU?$pair@U?$pair@V?$point_data@H@polygon@boost@@V123@@std@@U?$pair@HH@2@@1@QEAU21@$$QEAU21@@Z 000000018000bb50 f i minkowski.obj
 0001:0000ada0       ??$_Emplace_reallocate@U?$pair@U?$pair@U?$pair@V?$point_data@H@polygon@boost@@V123@@std@@H@std@@PEAVactive_tail_arbitrary@?$polygon_arbitrary_formation@H@polygon@boost@@@std@@@?$vector@U?$pair@U?$pair@U?$pair@V?$point_data@H@polygon@boost@@V123@@std@@H@std@@PEAVactive_tail_arbitrary@?$polygon_arbitrary_formation@H@polygon@boost@@@std@@V?$allocator@U?$pair@U?$pair@U?$pair@V?$point_data@H@polygon@boost@@V123@@std@@H@std@@PEAVactive_tail_arbitrary@?$polygon_arbitrary_formation@H@polygon@boost@@@std@@@2@@std@@QEAAPEAU?$pair@U?$pair@U?$pair@V?$point_data@H@polygon@boost@@V123@@std@@H@std@@PEAVactive_tail_arbitrary@?$polygon_arbitrary_formation@H@polygon@boost@@@1@QEAU21@$$QEAU21@@Z 000000018000bda0 f i minkowski.obj
 0001:0000ada0       ??$_Emplace_reallocate@U?$pair@Vvertex_half_edge@?$scanline_base@H@polygon@boost@@PEAVactive_tail_arbitrary@?$polygon_arbitrary_formation@H@34@@std@@@?$vector@U?$pair@Vvertex_half_edge@?$scanline_base@H@polygon@boost@@PEAVactive_tail_arbitrary@?$polygon_arbitrary_formation@H@34@@std@@V?$allocator@U?$pair@Vvertex_half_edge@?$scanline_base@H@polygon@boost@@PEAVactive_tail_arbitrary@?$polygon_arbitrary_formation@H@34@@std@@@2@@std@@QEAAPEAU?$pair@Vvertex_half_edge@?$scanline_base@H@polygon@boost@@PEAVactive_tail_arbitrary@?$polygon_arbitrary_formation@H@34@@1@QEAU21@$$QEAU21@@Z 000000018000bda0 f i minkowski.obj
 0001:0000afa0       ??$_Emplace_reallocate@AEBU?$pair@V?$point_data@H@polygon@boost@@H@std@@@?$vector@U?$pair@V?$point_data@H@polygon@boost@@H@std@@V?$allocator@U?$pair@V?$point_data@H@polygon@boost@@H@std@@@2@@std@@QEAAPEAU?$pair@V?$point_data@H@polygon@boost@@H@1@QEAU21@AEBU21@@Z 000000018000bfa0 f i minkowski.obj
 0001:0000afa0       ??$_Emplace_reallocate@U?$pair@V?$point_data@H@polygon@boost@@H@std@@@?$vector@U?$pair@V?$point_data@H@polygon@boost@@H@std@@V?$allocator@U?$pair@V?$point_data@H@polygon@boost@@H@std@@@2@@std@@QEAAPEAU?$pair@V?$point_data@H@polygon@boost@@H@1@QEAU21@$$QEAU21@@Z 000000018000bfa0 f i minkowski.obj
 0001:0000b1b0       ??$_Insert@AEBV?$point_data@H@polygon@boost@@@?$list@V?$point_data@H@polygon@boost@@V?$allocator@V?$point_data@H@polygon@boost@@@std@@@std@@QEAAXV?$_List_unchecked_const_iterator@V?$_List_val@U?$_List_simple_types@V?$point_data@H@polygon@boost@@@std@@@std@@U_Iterator_base0@2@@1@AEBV?$point_data@H@polygon@boost@@@Z 000000018000c1b0 f i minkowski.obj
 0001:0000b240       ?update_property_map@?$scanline@HHV?$vector@HV?$allocator@H@std@@@std@@@polygon@boost@@SAXAEAV?$vector@U?$pair@HH@std@@V?$allocator@U?$pair@HH@std@@@2@@std@@AEBU?$pair@HH@5@@Z 000000018000c240 f i minkowski.obj
 0001:0000b440       ?merge_property_maps@?$scanline@HHV?$vector@HV?$allocator@H@std@@@std@@@polygon@boost@@SAXAEAV?$vector@U?$pair@HH@std@@V?$allocator@U?$pair@HH@std@@@2@@std@@AEBV45@@Z 000000018000c440 f i minkowski.obj
 0001:0000b6f0       ?_Umove@?$vector@U?$pair@U?$pair@V?$point_data@H@polygon@boost@@V123@@std@@U?$pair@HH@2@@std@@V?$allocator@U?$pair@U?$pair@V?$point_data@H@polygon@boost@@V123@@std@@U?$pair@HH@2@@std@@@2@@std@@AEAAPEAU?$pair@U?$pair@V?$point_data@H@polygon@boost@@V123@@std@@U?$pair@HH@2@@2@PEAU32@00@Z 000000018000c6f0 f i minkowski.obj
 0001:0000b740       ?_Umove@?$vector@U?$pair@U?$pair@U?$pair@V?$point_data@H@polygon@boost@@V123@@std@@H@std@@PEAVactive_tail_arbitrary@?$polygon_arbitrary_formation@H@polygon@boost@@@std@@V?$allocator@U?$pair@U?$pair@U?$pair@V?$point_data@H@polygon@boost@@V123@@std@@H@std@@PEAVactive_tail_arbitrary@?$polygon_arbitrary_formation@H@polygon@boost@@@std@@@2@@std@@AEAAPEAU?$pair@U?$pair@U?$pair@V?$point_data@H@polygon@boost@@V123@@std@@H@std@@PEAVactive_tail_arbitrary@?$polygon_arbitrary_formation@H@polygon@boost@@@2@PEAU32@00@Z 000000018000c740 f i minkowski.obj
 0001:0000b740       ?_Umove@?$vector@U?$pair@Vvertex_half_edge@?$scanline_base@H@polygon@boost@@PEAVactive_tail_arbitrary@?$polygon_arbitrary_formation@H@34@@std@@V?$allocator@U?$pair@Vvertex_half_edge@?$scanline_base@H@polygon@boost@@PEAVactive_tail_arbitrary@?$polygon_arbitrary_formation@H@34@@std@@@2@@std@@AEAAPEAU?$pair@Vvertex_half_edge@?$scanline_base@H@polygon@boost@@PEAVactive_tail_arbitrary@?$polygon_arbitrary_formation@H@34@@2@PEAU32@00@Z 000000018000c740 f i minkowski.obj
 0001:0000b7a0       ?createActiveTailsAsPair@active_tail_arbitrary@?$polygon_arbitrary_formation@H@polygon@boost@@SA?AU?$pair@PEAVactive_tail_arbitrary@?$polygon_arbitrary_formation@H@polygon@boost@@PEAV1234@@std@@V?$point_data@H@34@_NPEAV1234@1@Z 000000018000c7a0 f i minkowski.obj
 0001:0000b910       ?_Change_array@?$vector@HV?$allocator@H@std@@@std@@AEAAXQEAH_K1@Z 000000018000c910 f i minkowski.obj
 0001:0000b9a0       ?reserve@?$vector@HV?$allocator@H@std@@@std@@QEAAX_K@Z 000000018000c9a0 f i minkowski.obj
 0001:0000ba70       ??Rless_vertex_half_edge@?$scanline_base@H@polygon@boost@@QEBA_NAEBVvertex_half_edge@123@0@Z 000000018000ca70 f i minkowski.obj
 0001:0000bca0       ??Rless_half_edge@?$scanline_base@H@polygon@boost@@QEBA_NAEBU?$pair@V?$point_data@H@polygon@boost@@V123@@std@@0@Z 000000018000cca0 f i minkowski.obj
 0001:0000bed0       ??$joinChains@V?$vector@V?$polygon_with_holes_data@H@polygon@boost@@V?$allocator@V?$polygon_with_holes_data@H@polygon@boost@@@std@@@std@@@active_tail_arbitrary@?$polygon_arbitrary_formation@H@polygon@boost@@SAPEAV0123@V?$point_data@H@23@PEAV0123@1_NAEAV?$vector@V?$polygon_with_holes_data@H@polygon@boost@@V?$allocator@V?$polygon_with_holes_data@H@polygon@boost@@@std@@@std@@@Z 000000018000ced0 f i minkowski.obj
 0001:0000c180       ??$validate_scan_divide_and_conquer@V?$_Vector_iterator@V?$_Vector_val@U?$_Simple_types@U?$pair@U?$pair@V?$point_data@H@polygon@boost@@V123@@std@@H@std@@@std@@@std@@@std@@@?$line_intersection@H@polygon@boost@@SAXAEAV?$vector@V?$set@V?$point_data@H@polygon@boost@@U?$less@V?$point_data@H@polygon@boost@@@std@@V?$allocator@V?$point_data@H@polygon@boost@@@5@@std@@V?$allocator@V?$set@V?$point_data@H@polygon@boost@@U?$less@V?$point_data@H@polygon@boost@@@std@@V?$allocator@V?$point_data@H@polygon@boost@@@5@@std@@@2@@std@@V?$_Vector_iterator@V?$_Vector_val@U?$_Simple_types@U?$pair@U?$pair@V?$point_data@H@polygon@boost@@V123@@std@@H@std@@@std@@@std@@@4@1@Z 000000018000d180 f i minkowski.obj
 0001:0000c6d0       ??$segment_intersections@V?$_Vector_iterator@V?$_Vector_val@U?$_Simple_types@U?$pair@U?$pair@V?$point_data@H@polygon@boost@@V123@@std@@H@std@@@std@@@std@@@std@@@?$line_intersection@H@polygon@boost@@SAXAEAV?$vector@U?$pair@U?$pair@V?$point_data@H@polygon@boost@@V123@@std@@H@std@@V?$allocator@U?$pair@U?$pair@V?$point_data@H@polygon@boost@@V123@@std@@H@std@@@2@@std@@AEAV?$vector@V?$set@V?$point_data@H@polygon@boost@@U?$less@V?$point_data@H@polygon@boost@@@std@@V?$allocator@V?$point_data@H@polygon@boost@@@5@@std@@V?$allocator@V?$set@V?$point_data@H@polygon@boost@@U?$less@V?$point_data@H@polygon@boost@@@std@@V?$allocator@V?$point_data@H@polygon@boost@@@5@@std@@@2@@4@V?$_Vector_iterator@V?$_Vector_val@U?$_Simple_types@U?$pair@U?$pair@V?$point_data@H@polygon@boost@@V123@@std@@H@std@@@std@@@std@@@4@2@Z 000000018000d6d0 f i minkowski.obj
 0001:0000cb20       ??$write_out@V?$polygon_set_data@H@polygon@boost@@V?$boolean_output_functor@V?$polygon_set_data@H@polygon@boost@@V?$vector@HV?$allocator@H@std@@@std@@$0A@@?$arbitrary_boolean_op@H@23@@?$scanline@HHV?$vector@HV?$allocator@H@std@@@std@@@polygon@boost@@QEAAXAEAV?$polygon_set_data@H@12@V?$boolean_output_functor@V?$polygon_set_data@H@polygon@boost@@V?$vector@HV?$allocator@H@std@@@std@@$0A@@?$arbitrary_boolean_op@H@12@AEBU?$pair@V?$point_data@H@polygon@boost@@V123@@std@@AEBV?$vector@U?$pair@HH@std@@V?$allocator@U?$pair@HH@std@@@2@@7@3@Z 000000018000db20 f i minkowski.obj
 0001:0000cd50       ??$write_out@V?$polygon_set_data@H@polygon@boost@@V?$boolean_output_functor@V?$polygon_set_data@H@polygon@boost@@V?$vector@HV?$allocator@H@std@@@std@@$02@?$arbitrary_boolean_op@H@23@@?$scanline@HHV?$vector@HV?$allocator@H@std@@@std@@@polygon@boost@@QEAAXAEAV?$polygon_set_data@H@12@V?$boolean_output_functor@V?$polygon_set_data@H@polygon@boost@@V?$vector@HV?$allocator@H@std@@@std@@$02@?$arbitrary_boolean_op@H@12@AEBU?$pair@V?$point_data@H@polygon@boost@@V123@@std@@AEBV?$vector@U?$pair@HH@std@@V?$allocator@U?$pair@HH@std@@@2@@7@3@Z 000000018000dd50 f i minkowski.obj
 0001:0000cfa0       ??$emplace@AEAU?$pair@U?$pair@V?$point_data@H@polygon@boost@@V123@@std@@V?$vector@U?$pair@HH@std@@V?$allocator@U?$pair@HH@std@@@2@@2@@std@@@?$_Tree@V?$_Tmap_traits@U?$pair@V?$point_data@H@polygon@boost@@V123@@std@@V?$vector@U?$pair@HH@std@@V?$allocator@U?$pair@HH@std@@@2@@2@Vless_half_edge@?$scanline_base@H@polygon@boost@@V?$allocator@U?$pair@$$CBU?$pair@V?$point_data@H@polygon@boost@@V123@@std@@V?$vector@U?$pair@HH@std@@V?$allocator@U?$pair@HH@std@@@2@@2@@std@@@2@$0A@@std@@@std@@QEAA?AU?$pair@V?$_Tree_iterator@V?$_Tree_val@U?$_Tree_simple_types@U?$pair@$$CBU?$pair@V?$point_data@H@polygon@boost@@V123@@std@@V?$vector@U?$pair@HH@std@@V?$allocator@U?$pair@HH@std@@@2@@2@@std@@@std@@@std@@@std@@_N@1@AEAU?$pair@U?$pair@V?$point_data@H@polygon@boost@@V123@@std@@V?$vector@U?$pair@HH@std@@V?$allocator@U?$pair@HH@std@@@2@@2@@1@@Z 000000018000dfa0 f i minkowski.obj
 0001:0000d160       ??$_Emplace_reallocate@AEBQEAVactive_tail_arbitrary@?$polygon_arbitrary_formation@H@polygon@boost@@@?$vector@PEAVactive_tail_arbitrary@?$polygon_arbitrary_formation@H@polygon@boost@@V?$allocator@PEAVactive_tail_arbitrary@?$polygon_arbitrary_formation@H@polygon@boost@@@std@@@std@@QEAAPEAPEAVactive_tail_arbitrary@?$polygon_arbitrary_formation@H@polygon@boost@@QEAPEAV2345@AEBQEAV2345@@Z 000000018000e160 f i minkowski.obj
 0001:0000d2c0       ??$_Emplace_reallocate@U?$pair@U?$pair@V?$point_data@H@polygon@boost@@V123@@std@@V?$vector@U?$pair@HH@std@@V?$allocator@U?$pair@HH@std@@@2@@2@@std@@@?$vector@U?$pair@U?$pair@V?$point_data@H@polygon@boost@@V123@@std@@V?$vector@U?$pair@HH@std@@V?$allocator@U?$pair@HH@std@@@2@@2@@std@@V?$allocator@U?$pair@U?$pair@V?$point_data@H@polygon@boost@@V123@@std@@V?$vector@U?$pair@HH@std@@V?$allocator@U?$pair@HH@std@@@2@@2@@std@@@2@@std@@QEAAPEAU?$pair@U?$pair@V?$point_data@H@polygon@boost@@V123@@std@@V?$vector@U?$pair@HH@std@@V?$allocator@U?$pair@HH@std@@@2@@2@@1@QEAU21@$$QEAU21@@Z 000000018000e2c0 f i minkowski.obj
 0001:0000d4c0       ??$_Emplace_reallocate@AEBU?$pair@U?$pair@V?$point_data@H@polygon@boost@@V123@@std@@V?$vector@U?$pair@HH@std@@V?$allocator@U?$pair@HH@std@@@2@@2@@std@@@?$vector@U?$pair@U?$pair@V?$point_data@H@polygon@boost@@V123@@std@@V?$vector@U?$pair@HH@std@@V?$allocator@U?$pair@HH@std@@@2@@2@@std@@V?$allocator@U?$pair@U?$pair@V?$point_data@H@polygon@boost@@V123@@std@@V?$vector@U?$pair@HH@std@@V?$allocator@U?$pair@HH@std@@@2@@2@@std@@@2@@std@@QEAAPEAU?$pair@U?$pair@V?$point_data@H@polygon@boost@@V123@@std@@V?$vector@U?$pair@HH@std@@V?$allocator@U?$pair@HH@std@@@2@@2@@1@QEAU21@AEBU21@@Z 000000018000e4c0 f i minkowski.obj
 0001:0000d6a0       ??$less_slope@H@?$scanline_base@H@polygon@boost@@SA_NHHHH@Z 000000018000e6a0 f i minkowski.obj
 0001:0000d7d0       ??$_Destroy_range@V?$allocator@V?$set@V?$point_data@H@polygon@boost@@U?$less@V?$point_data@H@polygon@boost@@@std@@V?$allocator@V?$point_data@H@polygon@boost@@@5@@std@@@std@@@std@@YAXPEAV?$set@V?$point_data@H@polygon@boost@@U?$less@V?$point_data@H@polygon@boost@@@std@@V?$allocator@V?$point_data@H@polygon@boost@@@5@@0@0AEAV?$allocator@V?$set@V?$point_data@H@polygon@boost@@U?$less@V?$point_data@H@polygon@boost@@@std@@V?$allocator@V?$point_data@H@polygon@boost@@@5@@std@@@0@@Z 000000018000e7d0 f i minkowski.obj
 0001:0000d890       ??A?$map@HV?$vector@U?$pair@U?$pair@V?$point_data@H@polygon@boost@@V123@@std@@H@std@@V?$allocator@U?$pair@U?$pair@V?$point_data@H@polygon@boost@@V123@@std@@H@std@@@2@@std@@U?$less@H@2@V?$allocator@U?$pair@$$CBHV?$vector@U?$pair@U?$pair@V?$point_data@H@polygon@boost@@V123@@std@@H@std@@V?$allocator@U?$pair@U?$pair@V?$point_data@H@polygon@boost@@V123@@std@@H@std@@@2@@std@@@std@@@2@@std@@QEAAAEAV?$vector@U?$pair@U?$pair@V?$point_data@H@polygon@boost@@V123@@std@@H@std@@V?$allocator@U?$pair@U?$pair@V?$point_data@H@polygon@boost@@V123@@std@@H@std@@@2@@1@AEBH@Z 000000018000e890 f i minkowski.obj
 0001:0000d960       ?_Change_array@?$vector@U?$pair@U?$pair@V?$point_data@H@polygon@boost@@V123@@std@@V?$vector@U?$pair@HH@std@@V?$allocator@U?$pair@HH@std@@@2@@2@@std@@V?$allocator@U?$pair@U?$pair@V?$point_data@H@polygon@boost@@V123@@std@@V?$vector@U?$pair@HH@std@@V?$allocator@U?$pair@HH@std@@@2@@2@@std@@@2@@std@@AEAAXQEAU?$pair@U?$pair@V?$point_data@H@polygon@boost@@V123@@std@@V?$vector@U?$pair@HH@std@@V?$allocator@U?$pair@HH@std@@@2@@2@@2@_K1@Z 000000018000e960 f i minkowski.obj
 0001:0000da20       ?_Umove_if_noexcept@?$vector@U?$pair@U?$pair@V?$point_data@H@polygon@boost@@V123@@std@@V?$vector@U?$pair@HH@std@@V?$allocator@U?$pair@HH@std@@@2@@2@@std@@V?$allocator@U?$pair@U?$pair@V?$point_data@H@polygon@boost@@V123@@std@@V?$vector@U?$pair@HH@std@@V?$allocator@U?$pair@HH@std@@@2@@2@@std@@@2@@std@@AEAAXPEAU?$pair@U?$pair@V?$point_data@H@polygon@boost@@V123@@std@@V?$vector@U?$pair@HH@std@@V?$allocator@U?$pair@HH@std@@@2@@2@@2@00@Z 000000018000ea20 f i minkowski.obj
 0001:0000dab0       ?_Umove@?$vector@U?$pair@U?$pair@V?$point_data@H@polygon@boost@@V123@@std@@V?$vector@U?$pair@HH@std@@V?$allocator@U?$pair@HH@std@@@2@@2@@std@@V?$allocator@U?$pair@U?$pair@V?$point_data@H@polygon@boost@@V123@@std@@V?$vector@U?$pair@HH@std@@V?$allocator@U?$pair@HH@std@@@2@@2@@std@@@2@@std@@AEAAPEAU?$pair@U?$pair@V?$point_data@H@polygon@boost@@V123@@std@@V?$vector@U?$pair@HH@std@@V?$allocator@U?$pair@HH@std@@@2@@2@@2@PEAU32@00@Z 000000018000eab0 f i minkowski.obj
 0001:0000db50       ?erase@?$_Tree@V?$_Tmap_traits@HV?$vector@U?$pair@U?$pair@V?$point_data@H@polygon@boost@@V123@@std@@H@std@@V?$allocator@U?$pair@U?$pair@V?$point_data@H@polygon@boost@@V123@@std@@H@std@@@2@@std@@U?$less@H@2@V?$allocator@U?$pair@$$CBHV?$vector@U?$pair@U?$pair@V?$point_data@H@polygon@boost@@V123@@std@@H@std@@V?$allocator@U?$pair@U?$pair@V?$point_data@H@polygon@boost@@V123@@std@@H@std@@@2@@std@@@std@@@2@$0A@@std@@@std@@QEAA?AV?$_Tree_iterator@V?$_Tree_val@U?$_Tree_simple_types@U?$pair@$$CBHV?$vector@U?$pair@U?$pair@V?$point_data@H@polygon@boost@@V123@@std@@H@std@@V?$allocator@U?$pair@U?$pair@V?$point_data@H@polygon@boost@@V123@@std@@H@std@@@2@@std@@@std@@@std@@@std@@@2@V?$_Tree_const_iterator@V?$_Tree_val@U?$_Tree_simple_types@U?$pair@$$CBHV?$vector@U?$pair@U?$pair@V?$point_data@H@polygon@boost@@V123@@std@@H@std@@V?$allocator@U?$pair@U?$pair@V?$point_data@H@polygon@boost@@V123@@std@@H@std@@@2@@std@@@std@@@std@@@std@@@2@0@Z 000000018000eb50 f i minkowski.obj
 0001:0000dcf0       ?_Erase@?$_Tree@V?$_Tmap_traits@HV?$vector@U?$pair@U?$pair@V?$point_data@H@polygon@boost@@V123@@std@@H@std@@V?$allocator@U?$pair@U?$pair@V?$point_data@H@polygon@boost@@V123@@std@@H@std@@@2@@std@@U?$less@H@2@V?$allocator@U?$pair@$$CBHV?$vector@U?$pair@U?$pair@V?$point_data@H@polygon@boost@@V123@@std@@H@std@@V?$allocator@U?$pair@U?$pair@V?$point_data@H@polygon@boost@@V123@@std@@H@std@@@2@@std@@@std@@@2@$0A@@std@@@std@@IEAAXPEAU?$_Tree_node@U?$pair@$$CBHV?$vector@U?$pair@U?$pair@V?$point_data@H@polygon@boost@@V123@@std@@H@std@@V?$allocator@U?$pair@U?$pair@V?$point_data@H@polygon@boost@@V123@@std@@H@std@@@2@@std@@@std@@PEAX@2@@Z 000000018000ecf0 f i minkowski.obj
 0001:0000dd50       ??$_Sort_unchecked@PEAVvertex_half_edge@?$scanline_base@H@polygon@boost@@U?$less@X@std@@@std@@YAXPEAVvertex_half_edge@?$scanline_base@H@polygon@boost@@0_JU?$less@X@0@@Z 000000018000ed50 f i minkowski.obj
 0001:0000dff0       ??$_Insert_hint@AEAU?$pair@$$CBVvertex_half_edge@?$scanline_base@H@polygon@boost@@PEAVactive_tail_arbitrary@?$polygon_arbitrary_formation@H@34@@std@@PEAU?$_Tree_node@U?$pair@$$CBVvertex_half_edge@?$scanline_base@H@polygon@boost@@PEAVactive_tail_arbitrary@?$polygon_arbitrary_formation@H@34@@std@@PEAX@2@@?$_Tree@V?$_Tmap_traits@Vvertex_half_edge@?$scanline_base@H@polygon@boost@@PEAVactive_tail_arbitrary@?$polygon_arbitrary_formation@H@34@Vless_vertex_half_edge@234@V?$allocator@U?$pair@$$CBVvertex_half_edge@?$scanline_base@H@polygon@boost@@PEAVactive_tail_arbitrary@?$polygon_arbitrary_formation@H@34@@std@@@std@@$0A@@std@@@std@@IEAA?AV?$_Tree_iterator@V?$_Tree_val@U?$_Tree_simple_types@U?$pair@$$CBVvertex_half_edge@?$scanline_base@H@polygon@boost@@PEAVactive_tail_arbitrary@?$polygon_arbitrary_formation@H@34@@std@@@std@@@std@@@1@V?$_Tree_const_iterator@V?$_Tree_val@U?$_Tree_simple_types@U?$pair@$$CBVvertex_half_edge@?$scanline_base@H@polygon@boost@@PEAVactive_tail_arbitrary@?$polygon_arbitrary_formation@H@34@@std@@@std@@@std@@@1@AEAU?$pair@$$CBVvertex_half_edge@?$scanline_base@H@polygon@boost@@PEAVactive_tail_arbitrary@?$polygon_arbitrary_formation@H@34@@1@PEAU?$_Tree_node@U?$pair@$$CBVvertex_half_edge@?$scanline_base@H@polygon@boost@@PEAVactive_tail_arbitrary@?$polygon_arbitrary_formation@H@34@@std@@PEAX@1@@Z 000000018000eff0 f i minkowski.obj
 0001:0000e390       ??$compute_histogram_in_y@V?$_Vector_iterator@V?$_Vector_val@U?$_Simple_types@U?$pair@U?$pair@V?$point_data@H@polygon@boost@@V123@@std@@H@std@@@std@@@std@@@std@@@?$line_intersection@H@polygon@boost@@SAXV?$_Vector_iterator@V?$_Vector_val@U?$_Simple_types@U?$pair@U?$pair@V?$point_data@H@polygon@boost@@V123@@std@@H@std@@@std@@@std@@@std@@0_KAEAV?$vector@U?$pair@HU?$pair@_K_K@std@@@std@@V?$allocator@U?$pair@HU?$pair@_K_K@std@@@std@@@2@@4@@Z 000000018000f390 f i minkowski.obj
 0001:0000e6d0       ??$compute_y_cuts@V?$_Vector_iterator@V?$_Vector_val@U?$_Simple_types@U?$pair@HU?$pair@_K_K@std@@@std@@@std@@@std@@@std@@@?$line_intersection@H@polygon@boost@@SAXAEAV?$vector@HV?$allocator@H@std@@@std@@V?$_Vector_iterator@V?$_Vector_val@U?$_Simple_types@U?$pair@HU?$pair@_K_K@std@@@std@@@std@@@std@@@4@1_K@Z 000000018000f6d0 f i minkowski.obj
 0001:0000e820       ??$validate_scan@V?$_Vector_iterator@V?$_Vector_val@U?$_Simple_types@U?$pair@U?$pair@V?$point_data@H@polygon@boost@@V123@@std@@H@std@@@std@@@std@@@std@@@?$line_intersection@H@polygon@boost@@SAXAEAV?$vector@V?$set@V?$point_data@H@polygon@boost@@U?$less@V?$point_data@H@polygon@boost@@@std@@V?$allocator@V?$point_data@H@polygon@boost@@@5@@std@@V?$allocator@V?$set@V?$point_data@H@polygon@boost@@U?$less@V?$point_data@H@polygon@boost@@@std@@V?$allocator@V?$point_data@H@polygon@boost@@@5@@std@@@2@@std@@V?$_Vector_iterator@V?$_Vector_val@U?$_Simple_types@U?$pair@U?$pair@V?$point_data@H@polygon@boost@@V123@@std@@H@std@@@std@@@std@@@4@1H@Z 000000018000f820 f i minkowski.obj
 0001:0000f200       ??$_Sort_unchecked@PEAU?$pair@U?$pair@V?$point_data@H@polygon@boost@@V123@@std@@U?$pair@HH@2@@std@@V?$less_vertex_data@U?$pair@U?$pair@V?$point_data@H@polygon@boost@@V123@@std@@U?$pair@HH@2@@std@@@?$arbitrary_boolean_op@H@polygon@boost@@@std@@YAXPEAU?$pair@U?$pair@V?$point_data@H@polygon@boost@@V123@@std@@U?$pair@HH@2@@0@0_JV?$less_vertex_data@U?$pair@U?$pair@V?$point_data@H@polygon@boost@@V123@@std@@U?$pair@HH@2@@std@@@?$arbitrary_boolean_op@H@polygon@boost@@@Z 0000000180010200 f i minkowski.obj
 0001:0000f4b0       ??$_Insert_at@AEBV?$point_data@H@polygon@boost@@U_Not_a_node_tag@std@@@?$_Tree@V?$_Tset_traits@V?$point_data@H@polygon@boost@@Vless_point@?$scanline_base@H@23@V?$allocator@V?$point_data@H@polygon@boost@@@std@@$0A@@std@@@std@@IEAA?AV?$_Tree_const_iterator@V?$_Tree_val@U?$_Tree_simple_types@V?$point_data@H@polygon@boost@@@std@@@std@@@1@_NPEAU?$_Tree_node@V?$point_data@H@polygon@boost@@PEAX@1@AEBV?$point_data@H@polygon@boost@@U_Not_a_node_tag@1@@Z 00000001800104b0 f i minkowski.obj
 0001:0000f4b0       ??$_Insert_at@AEBV?$point_data@H@polygon@boost@@U_Not_a_node_tag@std@@@?$_Tree@V?$_Tset_traits@V?$point_data@H@polygon@boost@@U?$less@V?$point_data@H@polygon@boost@@@std@@V?$allocator@V?$point_data@H@polygon@boost@@@5@$0A@@std@@@std@@IEAA?AV?$_Tree_const_iterator@V?$_Tree_val@U?$_Tree_simple_types@V?$point_data@H@polygon@boost@@@std@@@std@@@1@_NPEAU?$_Tree_node@V?$point_data@H@polygon@boost@@PEAX@1@AEBV?$point_data@H@polygon@boost@@U_Not_a_node_tag@1@@Z 00000001800104b0 f i minkowski.obj
 0001:0000f7a0       ??$_Emplace_reallocate@V?$polygon_with_holes_data@H@polygon@boost@@@?$vector@V?$polygon_with_holes_data@H@polygon@boost@@V?$allocator@V?$polygon_with_holes_data@H@polygon@boost@@@std@@@std@@QEAAPEAV?$polygon_with_holes_data@H@polygon@boost@@QEAV234@$$QEAV234@@Z 00000001800107a0 f i minkowski.obj
 0001:0000f9f0       ?_Destroy_if_node@?$_Tree@V?$_Tmap_traits@U?$pair@V?$point_data@H@polygon@boost@@V123@@std@@V?$vector@U?$pair@HH@std@@V?$allocator@U?$pair@HH@std@@@2@@2@Vless_half_edge@?$scanline_base@H@polygon@boost@@V?$allocator@U?$pair@$$CBU?$pair@V?$point_data@H@polygon@boost@@V123@@std@@V?$vector@U?$pair@HH@std@@V?$allocator@U?$pair@HH@std@@@2@@2@@std@@@2@$0A@@std@@@std@@IEAAXPEAU?$_Tree_node@U?$pair@$$CBU?$pair@V?$point_data@H@polygon@boost@@V123@@std@@V?$vector@U?$pair@HH@std@@V?$allocator@U?$pair@HH@std@@@2@@2@@std@@PEAX@2@@Z 00000001800109f0 f i minkowski.obj
 0001:0000fa60       ?_Destroy_if_node@?$_Tree@V?$_Tmap_traits@Vvertex_half_edge@?$scanline_base@H@polygon@boost@@PEAVactive_tail_arbitrary@?$polygon_arbitrary_formation@H@34@Vless_vertex_half_edge@234@V?$allocator@U?$pair@$$CBVvertex_half_edge@?$scanline_base@H@polygon@boost@@PEAVactive_tail_arbitrary@?$polygon_arbitrary_formation@H@34@@std@@@std@@$0A@@std@@@std@@IEAAXPEAU?$_Tree_node@U?$pair@$$CBVvertex_half_edge@?$scanline_base@H@polygon@boost@@PEAVactive_tail_arbitrary@?$polygon_arbitrary_formation@H@34@@std@@PEAX@2@@Z 0000000180010a60 f i minkowski.obj
 0001:0000fa70       ?intersects_grid@?$scanline_base@H@polygon@boost@@SA_NV?$point_data@H@23@AEBU?$pair@V?$point_data@H@polygon@boost@@V123@@std@@@Z 0000000180010a70 f i minkowski.obj
 0001:0000fcd0       ?_Umove@?$vector@V?$polygon_with_holes_data@H@polygon@boost@@V?$allocator@V?$polygon_with_holes_data@H@polygon@boost@@@std@@@std@@AEAAPEAV?$polygon_with_holes_data@H@polygon@boost@@PEAV345@00@Z 0000000180010cd0 f i minkowski.obj
 0001:0000fd20       ?compute_exact_intersection@compute_intersection_pack@?$scanline_base@H@polygon@boost@@QEAA_NAEAV?$point_data@H@34@AEBU?$pair@V?$point_data@H@polygon@boost@@V123@@std@@1_N2@Z 0000000180010d20 f i minkowski.obj
 0001:00010130       ?compute_lazy_intersection@compute_intersection_pack@?$scanline_base@H@polygon@boost@@SA_NAEAV?$point_data@H@34@AEBU?$pair@V?$point_data@H@polygon@boost@@V123@@std@@1_N2@Z 0000000180011130 f i minkowski.obj
 0001:00010540       ?intersects@?$scanline_base@H@polygon@boost@@SA_NAEBU?$pair@V?$point_data@H@polygon@boost@@V123@@std@@0@Z 0000000180011540 f i minkowski.obj
 0001:00010a80       ?_Change_array@?$vector@U?$pair@HU?$pair@_K_K@std@@@std@@V?$allocator@U?$pair@HU?$pair@_K_K@std@@@std@@@2@@std@@AEAAXQEAU?$pair@HU?$pair@_K_K@std@@@2@_K1@Z 0000000180011a80 f i minkowski.obj
 0001:00010b30       ??$_Partition_by_median_guess_unchecked@PEAVvertex_half_edge@?$scanline_base@H@polygon@boost@@U?$less@X@std@@@std@@YA?AU?$pair@PEAVvertex_half_edge@?$scanline_base@H@polygon@boost@@PEAV1234@@0@PEAVvertex_half_edge@?$scanline_base@H@polygon@boost@@0U?$less@X@0@@Z 0000000180011b30 f i minkowski.obj
 0001:00011910       ??$_Insertion_sort_unchecked@PEAVvertex_half_edge@?$scanline_base@H@polygon@boost@@U?$less@X@std@@@std@@YAPEAVvertex_half_edge@?$scanline_base@H@polygon@boost@@PEAV1234@QEAV1234@U?$less@X@0@@Z 0000000180012910 f i minkowski.obj
 0001:00011c80       ??$_Insert_at@AEAU?$pair@$$CBVvertex_half_edge@?$scanline_base@H@polygon@boost@@PEAVactive_tail_arbitrary@?$polygon_arbitrary_formation@H@34@@std@@PEAU?$_Tree_node@U?$pair@$$CBVvertex_half_edge@?$scanline_base@H@polygon@boost@@PEAVactive_tail_arbitrary@?$polygon_arbitrary_formation@H@34@@std@@PEAX@2@@?$_Tree@V?$_Tmap_traits@Vvertex_half_edge@?$scanline_base@H@polygon@boost@@PEAVactive_tail_arbitrary@?$polygon_arbitrary_formation@H@34@Vless_vertex_half_edge@234@V?$allocator@U?$pair@$$CBVvertex_half_edge@?$scanline_base@H@polygon@boost@@PEAVactive_tail_arbitrary@?$polygon_arbitrary_formation@H@34@@std@@@std@@$0A@@std@@@std@@IEAA?AV?$_Tree_iterator@V?$_Tree_val@U?$_Tree_simple_types@U?$pair@$$CBVvertex_half_edge@?$scanline_base@H@polygon@boost@@PEAVactive_tail_arbitrary@?$polygon_arbitrary_formation@H@34@@std@@@std@@@std@@@1@_NPEAU?$_Tree_node@U?$pair@$$CBVvertex_half_edge@?$scanline_base@H@polygon@boost@@PEAVactive_tail_arbitrary@?$polygon_arbitrary_formation@H@34@@std@@PEAX@1@AEAU?$pair@$$CBVvertex_half_edge@?$scanline_base@H@polygon@boost@@PEAVactive_tail_arbitrary@?$polygon_arbitrary_formation@H@34@@1@1@Z 0000000180012c80 f i minkowski.obj
 0001:00011f30       ??$_Insert_range@V?$_Tree_unchecked_const_iterator@V?$_Tree_val@U?$_Tree_simple_types@V?$point_data@H@polygon@boost@@@std@@@std@@U_Iterator_base0@2@@std@@@?$vector@V?$point_data@H@polygon@boost@@V?$allocator@V?$point_data@H@polygon@boost@@@std@@@std@@AEAAXV?$_Vector_const_iterator@V?$_Vector_val@U?$_Simple_types@V?$point_data@H@polygon@boost@@@std@@@std@@@1@V?$_Tree_unchecked_const_iterator@V?$_Tree_val@U?$_Tree_simple_types@V?$point_data@H@polygon@boost@@@std@@@std@@U_Iterator_base0@2@@1@1Uforward_iterator_tag@1@@Z 0000000180012f30 f i minkowski.obj
 0001:00012230       ??$_Partition_by_median_guess_unchecked@PEAU?$pair@U?$pair@V?$point_data@H@polygon@boost@@V123@@std@@U?$pair@HH@2@@std@@V?$less_vertex_data@U?$pair@U?$pair@V?$point_data@H@polygon@boost@@V123@@std@@U?$pair@HH@2@@std@@@?$arbitrary_boolean_op@H@polygon@boost@@@std@@YA?AU?$pair@PEAU?$pair@U?$pair@V?$point_data@H@polygon@boost@@V123@@std@@U?$pair@HH@2@@std@@PEAU12@@0@PEAU?$pair@U?$pair@V?$point_data@H@polygon@boost@@V123@@std@@U?$pair@HH@2@@0@0V?$less_vertex_data@U?$pair@U?$pair@V?$point_data@H@polygon@boost@@V123@@std@@U?$pair@HH@2@@std@@@?$arbitrary_boolean_op@H@polygon@boost@@@Z 0000000180013230 f i minkowski.obj
 0001:000129b0       ??$_Insertion_sort_unchecked@PEAU?$pair@U?$pair@V?$point_data@H@polygon@boost@@V123@@std@@U?$pair@HH@2@@std@@V?$less_vertex_data@U?$pair@U?$pair@V?$point_data@H@polygon@boost@@V123@@std@@U?$pair@HH@2@@std@@@?$arbitrary_boolean_op@H@polygon@boost@@@std@@YAPEAU?$pair@U?$pair@V?$point_data@H@polygon@boost@@V123@@std@@U?$pair@HH@2@@0@PEAU10@QEAU10@V?$less_vertex_data@U?$pair@U?$pair@V?$point_data@H@polygon@boost@@V123@@std@@U?$pair@HH@2@@std@@@?$arbitrary_boolean_op@H@polygon@boost@@@Z 00000001800139b0 f i minkowski.obj
 0001:00012c00       ??$_Sort_unchecked@PEAU?$pair@U?$pair@V?$point_data@H@polygon@boost@@V123@@std@@H@std@@U?$less@X@2@@std@@YAXPEAU?$pair@U?$pair@V?$point_data@H@polygon@boost@@V123@@std@@H@0@0_JU?$less@X@0@@Z 0000000180013c00 f i minkowski.obj
 0001:00012e30       ??$_Insert_at@AEAU?$pair@$$CBU?$pair@V?$point_data@H@polygon@boost@@V123@@std@@V?$vector@U?$pair@HH@std@@V?$allocator@U?$pair@HH@std@@@2@@2@@std@@PEAU?$_Tree_node@U?$pair@$$CBU?$pair@V?$point_data@H@polygon@boost@@V123@@std@@V?$vector@U?$pair@HH@std@@V?$allocator@U?$pair@HH@std@@@2@@2@@std@@PEAX@2@@?$_Tree@V?$_Tmap_traits@U?$pair@V?$point_data@H@polygon@boost@@V123@@std@@V?$vector@U?$pair@HH@std@@V?$allocator@U?$pair@HH@std@@@2@@2@Vless_half_edge@?$scanline_base@H@polygon@boost@@V?$allocator@U?$pair@$$CBU?$pair@V?$point_data@H@polygon@boost@@V123@@std@@V?$vector@U?$pair@HH@std@@V?$allocator@U?$pair@HH@std@@@2@@2@@std@@@2@$0A@@std@@@std@@IEAA?AV?$_Tree_iterator@V?$_Tree_val@U?$_Tree_simple_types@U?$pair@$$CBU?$pair@V?$point_data@H@polygon@boost@@V123@@std@@V?$vector@U?$pair@HH@std@@V?$allocator@U?$pair@HH@std@@@2@@2@@std@@@std@@@std@@@1@_NPEAU?$_Tree_node@U?$pair@$$CBU?$pair@V?$point_data@H@polygon@boost@@V123@@std@@V?$vector@U?$pair@HH@std@@V?$allocator@U?$pair@HH@std@@@2@@2@@std@@PEAX@1@AEAU?$pair@$$CBU?$pair@V?$point_data@H@polygon@boost@@V123@@std@@V?$vector@U?$pair@HH@std@@V?$allocator@U?$pair@HH@std@@@2@@2@@1@1@Z 0000000180013e30 f i minkowski.obj
 0001:000130e0       ??$_Sort_unchecked@PEAU?$pair@U?$pair@U?$pair@V?$point_data@H@polygon@boost@@V123@@std@@H@std@@PEAVactive_tail_arbitrary@?$polygon_arbitrary_formation@H@polygon@boost@@@std@@U?$_Ref_fn@Vless_incoming_count@?$polygon_arbitrary_formation@H@polygon@boost@@@2@@std@@YAXPEAU?$pair@U?$pair@U?$pair@V?$point_data@H@polygon@boost@@V123@@std@@H@std@@PEAVactive_tail_arbitrary@?$polygon_arbitrary_formation@H@polygon@boost@@@0@0_JU?$_Ref_fn@Vless_incoming_count@?$polygon_arbitrary_formation@H@polygon@boost@@@0@@Z 00000001800140e0 f i minkowski.obj
 0001:000132a0       ??$_Sort_unchecked@PEAU?$pair@V?$point_data@H@polygon@boost@@H@std@@U?$_Ref_fn@Vless_half_edge_count@?$polygon_arbitrary_formation@H@polygon@boost@@@2@@std@@YAXPEAU?$pair@V?$point_data@H@polygon@boost@@H@0@0_JU?$_Ref_fn@Vless_half_edge_count@?$polygon_arbitrary_formation@H@polygon@boost@@@0@@Z 00000001800142a0 f i minkowski.obj
 0001:000134a0       ??$_Emplace_reallocate@U?$pair@HU?$pair@_K_K@std@@@std@@@?$vector@U?$pair@HU?$pair@_K_K@std@@@std@@V?$allocator@U?$pair@HU?$pair@_K_K@std@@@std@@@2@@std@@QEAAPEAU?$pair@HU?$pair@_K_K@std@@@1@QEAU21@$$QEAU21@@Z 00000001800144a0 f i minkowski.obj
 0001:000136b0       ??$_Pop_heap_hole_by_index@PEAVvertex_half_edge@?$scanline_base@H@polygon@boost@@V1234@U?$less@X@std@@@std@@YAXPEAVvertex_half_edge@?$scanline_base@H@polygon@boost@@_J1$$QEAV1234@U?$less@X@0@@Z 00000001800146b0 f i minkowski.obj
 0001:000139e0       ??$_Insert_nohint@AEBV?$point_data@H@polygon@boost@@U_Not_a_node_tag@std@@@?$_Tree@V?$_Tset_traits@V?$point_data@H@polygon@boost@@U?$less@V?$point_data@H@polygon@boost@@@std@@V?$allocator@V?$point_data@H@polygon@boost@@@5@$0A@@std@@@std@@IEAA?AU?$pair@V?$_Tree_const_iterator@V?$_Tree_val@U?$_Tree_simple_types@V?$point_data@H@polygon@boost@@@std@@@std@@@std@@_N@1@_NAEBV?$point_data@H@polygon@boost@@U_Not_a_node_tag@1@@Z 00000001800149e0 f i minkowski.obj
 0001:00013b20       ??$_Ucopy@V?$_Tree_unchecked_const_iterator@V?$_Tree_val@U?$_Tree_simple_types@V?$point_data@H@polygon@boost@@@std@@@std@@U_Iterator_base0@2@@std@@@?$vector@V?$point_data@H@polygon@boost@@V?$allocator@V?$point_data@H@polygon@boost@@@std@@@std@@AEAAPEAV?$point_data@H@polygon@boost@@V?$_Tree_unchecked_const_iterator@V?$_Tree_val@U?$_Tree_simple_types@V?$point_data@H@polygon@boost@@@std@@@std@@U_Iterator_base0@2@@1@0PEAV234@@Z 0000000180014b20 f i minkowski.obj
 0001:00013ba0       ??$_Pop_heap_hole_by_index@PEAU?$pair@U?$pair@V?$point_data@H@polygon@boost@@V123@@std@@U?$pair@HH@2@@std@@U12@V?$less_vertex_data@U?$pair@U?$pair@V?$point_data@H@polygon@boost@@V123@@std@@U?$pair@HH@2@@std@@@?$arbitrary_boolean_op@H@polygon@boost@@@std@@YAXPEAU?$pair@U?$pair@V?$point_data@H@polygon@boost@@V123@@std@@U?$pair@HH@2@@0@_J1$$QEAU10@V?$less_vertex_data@U?$pair@U?$pair@V?$point_data@H@polygon@boost@@V123@@std@@U?$pair@HH@2@@std@@@?$arbitrary_boolean_op@H@polygon@boost@@@Z 0000000180014ba0 f i minkowski.obj
 0001:00013e20       ??$_Partition_by_median_guess_unchecked@PEAU?$pair@U?$pair@V?$point_data@H@polygon@boost@@V123@@std@@H@std@@U?$less@X@2@@std@@YA?AU?$pair@PEAU?$pair@U?$pair@V?$point_data@H@polygon@boost@@V123@@std@@H@std@@PEAU12@@0@PEAU?$pair@U?$pair@V?$point_data@H@polygon@boost@@V123@@std@@H@0@0U?$less@X@0@@Z 0000000180014e20 f i minkowski.obj
 0001:000145d0       ??$_Make_heap_unchecked@PEAU?$pair@U?$pair@V?$point_data@H@polygon@boost@@V123@@std@@H@std@@U?$less@X@2@@std@@YAXPEAU?$pair@U?$pair@V?$point_data@H@polygon@boost@@V123@@std@@H@0@0U?$less@X@0@@Z 00000001800155d0 f i minkowski.obj
 0001:000147e0       ??$_Insertion_sort_unchecked@PEAU?$pair@U?$pair@V?$point_data@H@polygon@boost@@V123@@std@@H@std@@U?$less@X@2@@std@@YAPEAU?$pair@U?$pair@V?$point_data@H@polygon@boost@@V123@@std@@H@0@PEAU10@QEAU10@U?$less@X@0@@Z 00000001800157e0 f i minkowski.obj
 0001:000149e0       ??$_Partition_by_median_guess_unchecked@PEAU?$pair@U?$pair@U?$pair@V?$point_data@H@polygon@boost@@V123@@std@@H@std@@PEAVactive_tail_arbitrary@?$polygon_arbitrary_formation@H@polygon@boost@@@std@@U?$_Ref_fn@Vless_incoming_count@?$polygon_arbitrary_formation@H@polygon@boost@@@2@@std@@YA?AU?$pair@PEAU?$pair@U?$pair@U?$pair@V?$point_data@H@polygon@boost@@V123@@std@@H@std@@PEAVactive_tail_arbitrary@?$polygon_arbitrary_formation@H@polygon@boost@@@std@@PEAU12@@0@PEAU?$pair@U?$pair@U?$pair@V?$point_data@H@polygon@boost@@V123@@std@@H@std@@PEAVactive_tail_arbitrary@?$polygon_arbitrary_formation@H@polygon@boost@@@0@0U?$_Ref_fn@Vless_incoming_count@?$polygon_arbitrary_formation@H@polygon@boost@@@0@@Z 00000001800159e0 f i minkowski.obj
 0001:00014f50       ??$_Make_heap_unchecked@PEAU?$pair@U?$pair@U?$pair@V?$point_data@H@polygon@boost@@V123@@std@@H@std@@PEAVactive_tail_arbitrary@?$polygon_arbitrary_formation@H@polygon@boost@@@std@@U?$_Ref_fn@Vless_incoming_count@?$polygon_arbitrary_formation@H@polygon@boost@@@2@@std@@YAXPEAU?$pair@U?$pair@U?$pair@V?$point_data@H@polygon@boost@@V123@@std@@H@std@@PEAVactive_tail_arbitrary@?$polygon_arbitrary_formation@H@polygon@boost@@@0@0U?$_Ref_fn@Vless_incoming_count@?$polygon_arbitrary_formation@H@polygon@boost@@@0@@Z 0000000180015f50 f i minkowski.obj
[...]
 0004:00001b0c       $pdata$__acrt_initialize_multibyte 0000000180035b0c     libucrt:mbctype.obj
 0004:00001b18       $pdata$__acrt_update_thread_multibyte_data 0000000180035b18     libucrt:mbctype.obj
 0004:00001b24       $pdata$_setmbcp_nolock     0000000180035b24     libucrt:mbctype.obj
 0004:00001b30       $pdata$?x_ismbbtype_l@@YAHPEAU__crt_locale_pointers@@IHH@Z 0000000180035b30     libucrt:ismbbyte.obj
 0004:00001b3c       $pdata$__acrt_initialize_command_line 0000000180035b3c     libucrt:argv_data.obj
 0004:00001b48       $pdata$__acrt_WideCharToMultiByte 0000000180035b48     libucrt:widechartomultibyte.obj
 0004:00001b54       $pdata$__dcrt_get_narrow_environment_from_os 0000000180035b54     libucrt:get_environment_from_os.obj
 0004:00001b60       $pdata$_recalloc_base      0000000180035b60     libucrt:recalloc.obj
 0004:00001b6c       $pdata$?try_get_function@@YAPEAXW4function_id@?A0x391cf84c@@QEBDQEBW4module_id@2@2@Z 0000000180035b6c     libucrt:winapi_thunks.obj
 0004:00001b78       $pdata$__acrt_AppPolicyGetProcessTerminationMethodInternal 0000000180035b78     libucrt:winapi_thunks.obj
 0004:00001b84       $pdata$__acrt_AreFileApisANSI 0000000180035b84     libucrt:winapi_thunks.obj
 0004:00001b90       $pdata$__acrt_FlsAlloc     0000000180035b90     libucrt:winapi_thunks.obj
 0004:00001b9c       $pdata$__acrt_FlsFree      0000000180035b9c     libucrt:winapi_thunks.obj
 0004:00001ba8       $pdata$__acrt_FlsGetValue  0000000180035ba8     libucrt:winapi_thunks.obj
 0004:00001bb4       $pdata$__acrt_FlsSetValue  0000000180035bb4     libucrt:winapi_thunks.obj
 0004:00001bc0       $pdata$__acrt_InitializeCriticalSectionEx 0000000180035bc0     libucrt:winapi_thunks.obj
 0004:00001bcc       $pdata$__acrt_LCMapStringEx 0000000180035bcc     libucrt:winapi_thunks.obj
 0004:00001bd8       $pdata$__acrt_LocaleNameToLCID 0000000180035bd8     libucrt:winapi_thunks.obj
 0004:00001be4       $pdata$__acrt_initialize_winapi_thunks 0000000180035be4     libucrt:winapi_thunks.obj
 0004:00001bf0       $pdata$__acrt_uninitialize_winapi_thunks 0000000180035bf0     libucrt:winapi_thunks.obj
 0004:00001bfc       $pdata$__acrt_initialize_heap 0000000180035bfc     libucrt:heap_handle.obj
 0004:00001c08       $pdata$?initialize_inherited_file_handles_nolock@@YAXXZ 0000000180035c08     libucrt:ioinit.obj
 0004:00001c14       $pdata$?initialize_stdio_handles_nolock@@YAXXZ 0000000180035c14     libucrt:ioinit.obj
 0004:00001c20       $pdata$__acrt_initialize_lowio 0000000180035c20     libucrt:ioinit.obj
 0004:00001c2c       $pdata$__acrt_uninitialize_lowio 0000000180035c2c     libucrt:ioinit.obj
 0004:00001c38       $pdata$__acrt_execute_initializers 0000000180035c38     libucrt:shared_initialization.obj
 0004:00001c44       $pdata$__acrt_execute_uninitializers 0000000180035c44     libucrt:shared_initialization.obj
 0004:00001c50       $pdata$??$?RV<lambda_450d765d439847d4c735a33c368b5fc0>@@AEAV<lambda_44731a7d0e6d81c3e6aa82d741081786>@@V<lambda_601a2a7da3b7a96e9554ac7215c4b07c>@@@?$__crt_seh_guarded_call@P6AXH@Z@@QEAAP6AXH@Z$$QEAV<lambda_450d765d439847d4c735a33c368b5fc0>@@AEAV<lambda_44731a7d0e6d81c3e6aa82d741081786>@@$$QEAV<lambda_601a2a7da3b7a96e9554ac7215c4b07c>@@@Z 0000000180035c50     libucrt:signal.obj
 0004:00001c5c       $pdata$__acrt_get_sigabrt_handler 0000000180035c5c     libucrt:signal.obj
 0004:00001c68       $pdata$raise               0000000180035c68     libucrt:signal.obj
 0004:00001c74       $pdata$??$?RV<lambda_842d9ff0dc9ef11c61343bbaebe7f885>@@AEAV<lambda_c5860995281e5c4ce005b3de8f5874ee>@@V<lambda_d90129c13df834fdcbf8d2b88dafcf2d>@@@?$__crt_seh_guarded_call@X@@QEAAX$$QEAV<lambda_842d9ff0dc9ef11c61343bbaebe7f885>@@AEAV<lambda_c5860995281e5c4ce005b3de8f5874ee>@@$$QEAV<lambda_d90129c13df834fdcbf8d2b88dafcf2d>@@@Z 0000000180035c74     libucrt:fflush.obj
 0004:00001c80       $pdata$??$?RV<lambda_886d6c58226a84441f68b9f2b8217b83>@@AEAV<lambda_ab61a845afdef5b7c387490eaf3616ee>@@V<lambda_f7f22ab5edc0698d5f6905b0d3f44752>@@@?$__crt_seh_guarded_call@X@@QEAAX$$QEAV<lambda_886d6c58226a84441f68b9f2b8217b83>@@AEAV<lambda_ab61a845afdef5b7c387490eaf3616ee>@@$$QEAV<lambda_f7f22ab5edc0698d5f6905b0d3f44752>@@@Z 0000000180035c80     libucrt:fflush.obj
 0004:00001c8c       $pdata$?common_flush_all@@YAH_N@Z 0000000180035c8c     libucrt:fflush.obj
 0004:00001c98       $pdata$__acrt_stdio_flush_nolock 0000000180035c98     libucrt:fflush.obj
 0004:00001ca4       $pdata$_fflush_nolock      0000000180035ca4     libucrt:fflush.obj
 0004:00001cb0       $pdata$__acrt_initialize_stdio 0000000180035cb0     libucrt:_file.obj
 0004:00001cbc       $pdata$__acrt_uninitialize_stdio 0000000180035cbc     libucrt:_file.obj
 0004:00001cc8       $pdata$_mbtowc_l           0000000180035cc8     libucrt:mbtowc.obj
 0004:00001cd4       $pdata$_fileno             0000000180035cd4     libucrt:fileno.obj
 0004:00001ce0       $pdata$__pctype_func       0000000180035ce0     libucrt:ctype.obj
 0004:00001cec       $pdata$__acrt_free_locale  0000000180035cec     libucrt:locale_refcounting.obj
 0004:00001cf8       $pdata$__acrt_locale_free_lc_time_if_unreferenced 0000000180035cf8     libucrt:locale_refcounting.obj
 0004:00001d04       $pdata$__acrt_release_locale_ref 0000000180035d04     libucrt:locale_refcounting.obj
 0004:00001d10       $pdata$__acrt_update_thread_locale_data 0000000180035d10     libucrt:locale_refcounting.obj
 0004:00001d1c       $pdata$_updatetlocinfoEx_nolock 0000000180035d1c     libucrt:locale_refcounting.obj
 0004:00001d28       $pdata$_isleadbyte_l       0000000180035d28     libucrt:_wctype.obj
 0004:00001d34       $pdata$?__acrt_LCMapStringA_stat@@YAHPEAU__crt_locale_pointers@@PEB_WKPEBDHPEADHHH@Z 0000000180035d34     libucrt:lcmapstringa.obj
 0004:00001d40       $pdata$__acrt_LCMapStringA 0000000180035d40     libucrt:lcmapstringa.obj
 0004:00001d4c       $pdata$__acrt_locale_free_monetary 0000000180035d4c     libucrt:initmon.obj
 0004:00001d58       $pdata$__acrt_locale_free_numeric 0000000180035d58     libucrt:initnum.obj
 0004:00001d64       $pdata$?free_crt_array_internal@@YAXQEAPEBX_K@Z 0000000180035d64     libucrt:inittime.obj
 0004:00001d70       $pdata$__acrt_locale_free_time 0000000180035d70     libucrt:inittime.obj
 0004:00001d7c       $pdata$__acrt_GetStringTypeA 0000000180035d7c     libucrt:getstringtypea.obj
 0004:00001d88       $pdata$qsort               0000000180035d88     libucrt:qsort.obj
 0004:00001d94       $pdata$4$qsort             0000000180035d94     libucrt:qsort.obj
 0004:00001da0       $pdata$5$qsort             0000000180035da0     libucrt:qsort.obj
 0004:00001dac       $pdata$strncpy_s           0000000180035dac     libucrt:strncpy_s.obj
 0004:00001db8       $pdata$fallbackMethod      0000000180035db8     libucrt:strpbrk.obj
 0004:00001dc4       $pdata$strpbrk             0000000180035dc4     libucrt:strpbrk.obj
 0004:00001dd0       $pdata$_mbsdec_l           0000000180035dd0     libucrt:mbsdec.obj
 0004:00001ddc       $pdata$?initialize_multibyte@@YAHXZ 0000000180035ddc     libucrt:multibyte_initializer.obj
 0004:00001de8       $pdata$_msize_base         0000000180035de8     libucrt:msize.obj
 0004:00001df4       $pdata$_realloc_base       0000000180035df4     libucrt:realloc_base.obj
 0004:00001e00       $pdata$?GetTableIndexFromLocaleName@@YAHPEB_W@Z 0000000180035e00     libucrt:lcidtoname_downlevel.obj
 0004:00001e0c       $pdata$__acrt_DownlevelLocaleNameToLCID 0000000180035e0c     libucrt:lcidtoname_downlevel.obj
 0004:00001e18       $pdata$__acrt_lowio_create_handle_array 0000000180035e18     libucrt:osfinfo.obj
 0004:00001e24       $pdata$__acrt_lowio_destroy_handle_array 0000000180035e24     libucrt:osfinfo.obj
 0004:00001e30       $pdata$__acrt_lowio_ensure_fh_exists 0000000180035e30     libucrt:osfinfo.obj
 0004:00001e3c       $pdata$_free_osfhnd        0000000180035e3c     libucrt:osfinfo.obj
 0004:00001e48       $pdata$_get_osfhandle      0000000180035e48     libucrt:osfinfo.obj
 0004:00001e54       $pdata$??$?RV<lambda_a37b2b86f63e897a80ea819b0eb08c01>@@AEAV<lambda_38ce7e780aa69e748d6df282ebc68efe>@@V<lambda_99fb1378e971ab6e7edea83e3a7a83a2>@@@?$__crt_seh_guarded_call@H@@QEAAH$$QEAV<lambda_a37b2b86f63e897a80ea819b0eb08c01>@@AEAV<lambda_38ce7e780aa69e748d6df282ebc68efe>@@$$QEAV<lambda_99fb1378e971ab6e7edea83e3a7a83a2>@@@Z 0000000180035e54     libucrt:commit.obj
 0004:00001e60       $pdata$_commit             0000000180035e60     libucrt:commit.obj
 0004:00001e6c       $pdata$?write_double_translated_ansi_nolock@@YA?AUwrite_result@?A0x17268360@@HQEBDI@Z 0000000180035e6c     libucrt:write.obj
 0004:00001e78       $pdata$?write_text_ansi_nolock@@YA?AUwrite_result@?A0x17268360@@HQEBDI@Z 0000000180035e78     libucrt:write.obj
 0004:00001e84       $pdata$?write_text_utf16le_nolock@@YA?AUwrite_result@?A0x17268360@@HQEBDI@Z 0000000180035e84     libucrt:write.obj
 0004:00001e90       $pdata$?write_text_utf8_nolock@@YA?AUwrite_result@?A0x17268360@@HQEBDI@Z 0000000180035e90     libucrt:write.obj
 0004:00001e9c       $pdata$_write              0000000180035e9c     libucrt:write.obj
 0004:00001ea8       $pdata$_write_nolock       0000000180035ea8     libucrt:write.obj
 0004:00001eb4       $pdata$_fcloseall          0000000180035eb4     libucrt:closeall.obj
 0004:00001ec0       $pdata$__acrt_stdio_free_buffer_nolock 0000000180035ec0     libucrt:_freebuf.obj
 0004:00001ecc       $pdata$_isatty             0000000180035ecc     libucrt:isatty.obj
 0004:00001ed8       $pdata$?__mbrtowc_utf8@__crt_mbstring@@YA_KPEA_WPEBD_KPEAU_Mbstatet@@@Z 0000000180035ed8     libucrt:mbrtowc.obj
 0004:00001ee4       $pdata$?__mbsrtowcs_utf8@__crt_mbstring@@YA_KPEA_WPEAPEBD_KPEAU_Mbstatet@@@Z 0000000180035ee4     libucrt:mbrtowc.obj
 0004:00001ef0       $pdata$??$common_lseek_nolock@_J@@YA_JH_JH@Z 0000000180035ef0     libucrt:lseek.obj
 0004:00001efc       $pdata$_putwch_nolock      0000000180035efc     libucrt:putwch.obj
 0004:00001f08       $pdata$_fclose_nolock      0000000180035f08     libucrt:fclose.obj
 0004:00001f14       $pdata$fclose              0000000180035f14     libucrt:fclose.obj
 0004:00001f20       $pdata$?__mbrtoc32_utf8@__crt_mbstring@@YA_KPEA_UPEBD_KPEAU_Mbstatet@@@Z 0000000180035f20     libucrt:mbrtoc32.obj
 0004:00001f38       $pdata$__dcrt_lowio_ensure_console_output_initialized 0000000180035f38     libucrt:initcon.obj
 0004:00001f44       $pdata$__dcrt_terminate_console_output 0000000180035f44     libucrt:initcon.obj
 0004:00001f50       $pdata$__dcrt_write_console 0000000180035f50     libucrt:initcon.obj
 0004:00001f5c       $pdata$??$?RV<lambda_751a882b2c74d4b022dec766aa51a29a>@@AEAV<lambda_628dfdc04ba53c8bfc02c9951375f3f5>@@V<lambda_f6c7be5f7998530c34de24c7437d6b54>@@@?$__crt_seh_guarded_call@H@@QEAAH$$QEAV<lambda_751a882b2c74d4b022dec766aa51a29a>@@AEAV<lambda_628dfdc04ba53c8bfc02c9951375f3f5>@@$$QEAV<lambda_f6c7be5f7998530c34de24c7437d6b54>@@@Z 0000000180035f5c     libucrt:close.obj
 0004:00001f68       $pdata$_close              0000000180035f68     libucrt:close.obj
 0004:00001f74       $pdata$_close_nolock       0000000180035f74     libucrt:close.obj
 0004:00001f80       $pdata$_call_matherr       0000000180035f80     libucrt:libm_error.obj
 0004:00001f8c       $pdata$_exception_enabled  0000000180035f8c     libucrt:libm_error.obj
 0004:00001f98       $pdata$_handle_error       0000000180035f98     libucrt:libm_error.obj
 0004:00001fa4       $pdata$__acrt_initialize_fma3 0000000180035fa4     libucrt:fma3_available.obj
 0004:00001fb0       $pdata$_log10_special      0000000180035fb0     libucrt:log_special.obj
 0004:00001fbc       $pdata$_log_special_common 0000000180035fbc     libucrt:log_special.obj
 0004:00001fd4       $pdata$_raise_exc          0000000180035fd4     libucrt:fpexcept.obj
 0004:00001fe0       $pdata$_raise_exc_ex       0000000180035fe0     libucrt:fpexcept.obj
 0004:00001fec       $pdata$_set_errno_from_matherr 0000000180035fec     libucrt:fpexcept.obj
 0004:00001ff8       $pdata$_clrfp              0000000180035ff8     libucrt:fpctrl.obj
 0004:00002004       $pdata$_ctrlfp             0000000180036004     libucrt:fpctrl.obj
 0004:00002010       $pdata$_set_statfp         0000000180036010     libucrt:fpctrl.obj
 0004:0000201c       $pdata$_statfp             000000018003601c     libucrt:fpctrl.obj
 0004:00002028       $pdata$_IsNonwritableInCurrentImage 0000000180036028     LIBCMT:pesect.obj
 0004:00002034       $pdata$__GSHandlerCheck    0000000180036034     LIBCMT:gshandler.obj
 0004:00002040       $pdata$__GSHandlerCheckCommon 0000000180036040     LIBCMT:gshandler.obj
 0004:00002070       $pdata$?fin$0@?0??dllmain_crt_process_attach@@YAHQEAUHINSTANCE__@@QEAX@Z@4HA 0000000180036070     LIBCMT:dll_dllmain.obj
 0004:0000207c       $pdata$?fin$0@?0??dllmain_crt_process_detach@@YAH_N@Z@4HA 000000018003607c     LIBCMT:dll_dllmain.obj
 0004:00002088       $pdata$?filt$0@?0??dllmain_dispatch@@YAHQEAUHINSTANCE__@@KQEAX@Z@4HA 0000000180036088     LIBCMT:dll_dllmain.obj
 0004:00002094       $pdata$__scrt_is_nonwritable_in_current_image$filt$0 0000000180036094     LIBCMT:utility.obj
 0004:000020a0       $pdata$__DestructExceptionObject$filt$0 00000001800360a0     libvcruntime:ehhelpers.obj
 0004:000020ac       $pdata$_query_new_handler$fin$0 00000001800360ac     libucrt:new_handler.obj
 0004:000020b8       $pdata$?fin$0@?0???$?RV<lambda_7777bce6b2f8c936911f934f8298dc43>@@AEAV<lambda_f03950bc5685219e0bcd2087efbe011e>@@V<lambda_3883c3dff614d5e0c5f61bb1ac94921c>@@@?$__crt_seh_guarded_call@H@@QEAAH$$QEAV<lambda_7777bce6b2f8c936911f934f8298dc43>@@AEAV<lambda_f03950bc5685219e0bcd2087efbe011e>@@$$QEAV<lambda_3883c3dff614d5e0c5f61bb1ac94921c>@@@Z@4HA 00000001800360b8     libucrt:onexit.obj
 0004:000020b8       $pdata$?fin$0@?0???$?RV<lambda_0ae27a3a962d80f24befdcbee591983d>@@AEAV<lambda_8d0ee55de4b1038c4002e0adecdf1839>@@V<lambda_dc504788e8f1664fe9b84e20bfb512f2>@@@?$__crt_seh_guarded_call@X@@QEAAX$$QEAV<lambda_0ae27a3a962d80f24befdcbee591983d>@@AEAV<lambda_8d0ee55de4b1038c4002e0adecdf1839>@@$$QEAV<lambda_dc504788e8f1664fe9b84e20bfb512f2>@@@Z@4HA 00000001800360b8     libucrt:per_thread_data.obj
 0004:000020b8       $pdata$?fin$0@?0???$?RV<lambda_d80eeec6fff315bfe5c115232f3240e3>@@AEAV<lambda_6e4b09c48022b2350581041d5f6b0c4c>@@V<lambda_2358e3775559c9db80273638284d5e45>@@@?$__crt_seh_guarded_call@X@@QEAAX$$QEAV<lambda_d80eeec6fff315bfe5c115232f3240e3>@@AEAV<lambda_6e4b09c48022b2350581041d5f6b0c4c>@@$$QEAV<lambda_2358e3775559c9db80273638284d5e45>@@@Z@4HA 00000001800360b8     libucrt:exit.obj
 0004:000020b8       $pdata$?fin$0@?0???$?RV<lambda_aa87e3671a710a21b5dc78c0bdf72e11>@@AEAV<lambda_92619d2358a28f41a33ba319515a20b9>@@V<lambda_6992ecaafeb10aed2b74cb1fae11a551>@@@?$__crt_seh_guarded_call@X@@QEAAX$$QEAV<lambda_aa87e3671a710a21b5dc78c0bdf72e11>@@AEAV<lambda_92619d2358a28f41a33ba319515a20b9>@@$$QEAV<lambda_6992ecaafeb10aed2b74cb1fae11a551>@@@Z@4HA 00000001800360b8     libucrt:per_thread_data.obj
 0004:000020b8       $pdata$?fin$0@?0???$?RV<lambda_efdfa57d1f175319df784efa44bb7b81>@@AEAV<lambda_5f0a4c1567f8adc6734073e5d1e1b35c>@@V<lambda_2e8a7d3640ea6ccb4c2413664c2db6fd>@@@?$__crt_seh_guarded_call@X@@QEAAX$$QEAV<lambda_efdfa57d1f175319df784efa44bb7b81>@@AEAV<lambda_5f0a4c1567f8adc6734073e5d1e1b35c>@@$$QEAV<lambda_2e8a7d3640ea6ccb4c2413664c2db6fd>@@@Z@4HA 00000001800360b8     libucrt:mbctype.obj
 0004:000020b8       $pdata$?fin$0@?0???$?RV<lambda_f2e299630e499de9f9a165e60fcd3db5>@@AEAV<lambda_2ae9d31cdba2644fcbeaf08da7c24588>@@V<lambda_40d01ff24d0e7b3814fdbdcee8eab3c7>@@@?$__crt_seh_guarded_call@X@@QEAAX$$QEAV<lambda_f2e299630e499de9f9a165e60fcd3db5>@@AEAV<lambda_2ae9d31cdba2644fcbeaf08da7c24588>@@$$QEAV<lambda_40d01ff24d0e7b3814fdbdcee8eab3c7>@@@Z@4HA 00000001800360b8     libucrt:per_thread_data.obj
 0004:000020b8       $pdata$?fin$0@?0???$?RV<lambda_2d41944a1d46af3157314b8a01080d33>@@AEAV<lambda_8f455de75cd7d7f24b4096f044d8b9e6>@@V<lambda_aa500f224e6afead328df44964fe2772>@@@?$__crt_seh_guarded_call@X@@QEAAX$$QEAV<lambda_2d41944a1d46af3157314b8a01080d33>@@AEAV<lambda_8f455de75cd7d7f24b4096f044d8b9e6>@@$$QEAV<lambda_aa500f224e6afead328df44964fe2772>@@@Z@4HA 00000001800360b8     libucrt:per_thread_data.obj
 0004:000020b8       $pdata$?fin$0@?0???$?RV<lambda_450d765d439847d4c735a33c368b5fc0>@@AEAV<lambda_44731a7d0e6d81c3e6aa82d741081786>@@V<lambda_601a2a7da3b7a96e9554ac7215c4b07c>@@@?$__crt_seh_guarded_call@P6AXH@Z@@QEAAP6AXH@Z$$QEAV<lambda_450d765d439847d4c735a33c368b5fc0>@@AEAV<lambda_44731a7d0e6d81c3e6aa82d741081786>@@$$QEAV<lambda_601a2a7da3b7a96e9554ac7215c4b07c>@@@Z@4HA 00000001800360b8     libucrt:signal.obj
 0004:000020c4       $pdata$?filt$0@?0???R<lambda_6e4b09c48022b2350581041d5f6b0c4c>@@QEBA@XZ@4HA 00000001800360c4     libucrt:exit.obj
 0004:000020d0       $pdata$?fin$0@?0???$?RV<lambda_410d79af7f07d98d83a3f525b3859a53>@@AEAV<lambda_3e16ef9562a7dcce91392c22ab16ea36>@@V<lambda_38119f0e861e05405d8a144b9b982f0a>@@@?$__crt_seh_guarded_call@X@@QEAAX$$QEAV<lambda_410d79af7f07d98d83a3f525b3859a53>@@AEAV<lambda_3e16ef9562a7dcce91392c22ab16ea36>@@$$QEAV<lambda_38119f0e861e05405d8a144b9b982f0a>@@@Z@4HA 00000001800360d0     libucrt:wsetlocale.obj
 0004:000020dc       $pdata$?fin$0@?0??update_thread_multibyte_data_internal@@YAPEAU__crt_multibyte_data@@QEAU__acrt_ptd@@QEAPEAU1@@Z@4HA 00000001800360dc     libucrt:mbctype.obj
 0004:000020e8       $pdata$__acrt_lowio_ensure_fh_exists$fin$0 00000001800360e8     libucrt:osfinfo.obj
 0004:000020e8       $pdata$__acrt_initialize_lowio$fin$0 00000001800360e8     libucrt:ioinit.obj
 0004:000020f4       $pdata$raise$fin$0         00000001800360f4     libucrt:signal.obj
 0004:00002100       $pdata$?fin$0@?0???$?RV<lambda_842d9ff0dc9ef11c61343bbaebe7f885>@@AEAV<lambda_c5860995281e5c4ce005b3de8f5874ee>@@V<lambda_d90129c13df834fdcbf8d2b88dafcf2d>@@@?$__crt_seh_guarded_call@X@@QEAAX$$QEAV<lambda_842d9ff0dc9ef11c61343bbaebe7f885>@@AEAV<lambda_c5860995281e5c4ce005b3de8f5874ee>@@$$QEAV<lambda_d90129c13df834fdcbf8d2b88dafcf2d>@@@Z@4HA 0000000180036100     libucrt:fflush.obj
 0004:0000210c       $pdata$?fin$0@?0???$?RV<lambda_886d6c58226a84441f68b9f2b8217b83>@@AEAV<lambda_ab61a845afdef5b7c387490eaf3616ee>@@V<lambda_f7f22ab5edc0698d5f6905b0d3f44752>@@@?$__crt_seh_guarded_call@X@@QEAAX$$QEAV<lambda_886d6c58226a84441f68b9f2b8217b83>@@AEAV<lambda_ab61a845afdef5b7c387490eaf3616ee>@@$$QEAV<lambda_f7f22ab5edc0698d5f6905b0d3f44752>@@@Z@4HA 000000018003610c     libucrt:fflush.obj
 0004:00002118       $pdata$__acrt_update_thread_locale_data$fin$0 0000000180036118     libucrt:locale_refcounting.obj
 0004:00002124       $pdata$?fin$0@?0???$?RV<lambda_a37b2b86f63e897a80ea819b0eb08c01>@@AEAV<lambda_38ce7e780aa69e748d6df282ebc68efe>@@V<lambda_99fb1378e971ab6e7edea83e3a7a83a2>@@@?$__crt_seh_guarded_call@H@@QEAAH$$QEAV<lambda_a37b2b86f63e897a80ea819b0eb08c01>@@AEAV<lambda_38ce7e780aa69e748d6df282ebc68efe>@@$$QEAV<lambda_99fb1378e971ab6e7edea83e3a7a83a2>@@@Z@4HA 0000000180036124     libucrt:commit.obj
 0004:00002124       $pdata$?fin$0@?0???$?RV<lambda_751a882b2c74d4b022dec766aa51a29a>@@AEAV<lambda_628dfdc04ba53c8bfc02c9951375f3f5>@@V<lambda_f6c7be5f7998530c34de24c7437d6b54>@@@?$__crt_seh_guarded_call@H@@QEAAH$$QEAV<lambda_751a882b2c74d4b022dec766aa51a29a>@@AEAV<lambda_628dfdc04ba53c8bfc02c9951375f3f5>@@$$QEAV<lambda_f6c7be5f7998530c34de24c7437d6b54>@@@Z@4HA 0000000180036124     libucrt:close.obj
 0004:00002130       $pdata$_write$fin$0        0000000180036130     libucrt:write.obj
 0004:0000213c       $pdata$_fcloseall$fin$0    000000018003613c     libucrt:closeall.obj
 0004:00002148       $pdata$fclose$fin$0        0000000180036148     libucrt:fclose.obj
 0004:00002154       $pdata$_ctrlfp$filt$0      0000000180036154     libucrt:fpctrl.obj
 0004:00002160       $pdata$_IsNonwritableInCurrentImage$filt$0 0000000180036160     LIBCMT:pesect.obj
 0005:00000060       $R000000                   0000000180037060     * linker generated manifest res *

 Exports

  ordinal    name

        1    _register_addon_
